 FluffyFortnight

 Timestamp is 5bc8f05a (Thu Oct 18 16:43:06 2018)

 Preferred load address is 10000000

 Start         Length     Name                   Class
 0001:00000000 0002c190H .text$mn                CODE
 0001:0002c190 00000100H .text$x                 CODE
 0002:00000000 00000118H .idata$5                DATA
 0002:00000118 00000004H .00cfg                  DATA
 0002:0000011c 00000004H .CRT$XCA                DATA
 0002:00000120 00000004H .CRT$XCZ                DATA
 0002:00000124 00000004H .CRT$XIA                DATA
 0002:00000128 0000000cH .CRT$XIC                DATA
 0002:00000134 00000004H .CRT$XIZ                DATA
 0002:00000138 00000004H .CRT$XPA                DATA
 0002:0000013c 00000008H .CRT$XPX                DATA
 0002:00000144 00000004H .CRT$XPXA               DATA
 0002:00000148 00000004H .CRT$XPZ                DATA
 0002:0000014c 00000004H .CRT$XTA                DATA
 0002:00000150 00000010H .CRT$XTZ                DATA
 0002:00000154 00000000H .gfids$y                DATA
 0002:00000160 0000d218H .rdata                  DATA
 0002:0000d378 000000e8H .rdata$r                DATA
 0002:0000d460 0000002cH .rdata$sxdata           DATA
 0002:0000d48c 000002e8H .rdata$zzzdbg           DATA
 0002:0000d774 00000004H .rtc$IAA                DATA
 0002:0000d778 00000004H .rtc$IZZ                DATA
 0002:0000d77c 00000004H .rtc$TAA                DATA
 0002:0000d780 00000008H .rtc$TZZ                DATA
 0002:0000d788 00000758H .xdata$x                DATA
 0002:0000dee0 00000054H .edata                  DATA
 0002:0000df34 00000014H .idata$2                DATA
 0002:0000df48 00000014H .idata$3                DATA
 0002:0000df5c 00000118H .idata$4                DATA
 0002:0000e074 0000050cH .idata$6                DATA
 0003:00000000 000007a0H .data                   DATA
 0003:000007a0 00000058H .data$r                 DATA
 0003:000007f8 00001098H .bss                    DATA

  Address         Publics by Value              Rva+Base       Lib:Object

 0000:00000000       __except_list              00000000     <absolute>
 0000:00000000       ___guard_longjmp_count     00000000     <absolute>
 0000:00000000       ___guard_longjmp_table     00000000     <absolute>
 0000:00000000       ___guard_fids_count        00000000     <absolute>
 0000:00000000       ___dynamic_value_reloc_table 00000000     <absolute>
 0000:00000000       ___hybrid_auxiliary_iat    00000000     <absolute>
 0000:00000000       ___guard_fids_table        00000000     <absolute>
 0000:00000000       ___hybrid_code_map_count   00000000     <absolute>
 0000:00000000       ___guard_iat_table         00000000     <absolute>
 0000:00000000       ___guard_iat_count         00000000     <absolute>
 0000:00000000       ___volatile_metadata       00000000     <absolute>
 0000:00000000       ___enclave_config          00000000     <absolute>
 0000:00000000       ___hybrid_code_map         00000000     <absolute>
 0000:0000000b       ___safe_se_handler_count   0000000b     <absolute>
 0000:00000100       ___guard_flags             00000100     <absolute>
 0000:00000000       ___ImageBase               10000000     <linker-defined>
 0001:000000a0       _renderGame                100010a0 f   FluffyFortnight.obj
 0001:00000560       __DllMainCRTStartup@12     10001560 f   LIBCMTD:dll_dllmain.obj
 0001:00000600       ___security_init_cookie    10001600 f   LIBCMTD:gs_support.obj
 0001:00000680       _DllMain@12                10001680 f   LIBCMTD:dll_dllmain_stub.obj
 0001:00000690       ?__scrt_initialize_type_info@@YAXXZ 10001690 f   LIBCMTD:tncleanup.obj
 0001:000006a0       ?__scrt_uninitialize_type_info@@YAXXZ 100016a0 f   LIBCMTD:tncleanup.obj
 0001:000006c0       ___local_stdio_printf_options 100016c0 f i LIBCMTD:default_local_stdio_options.obj
 0001:000006d0       ___local_stdio_scanf_options 100016d0 f i LIBCMTD:default_local_stdio_options.obj
 0001:000006e0       ___scrt_initialize_default_local_stdio_options 100016e0 f   LIBCMTD:default_local_stdio_options.obj
 0001:00000720       ??$__crt_fast_decode_pointer@PAX@@YAPAXQAX@Z 10001720 f i libvcruntimed:winapi_downlevel.obj
 0001:00000720       ??$__crt_fast_decode_pointer@P6AXXZ@@YAP6AXXZQ6AXXZ@Z 10001720 f i libvcruntimed:purevirt.obj
 0001:00000720       ??$__crt_fast_decode_pointer@PAP6AXXZ@@YAPAP6AXXZQAP6AXXZ@Z 10001720 f i LIBCMTD:utility.obj
 0001:00000750       ??$__crt_fast_encode_pointer@PAP6AXXZ@@YAPAP6AXXZQAP6AXXZ@Z 10001750 f i LIBCMTD:utility.obj
 0001:00000750       ??$__crt_fast_encode_pointer@PAX@@YAPAXQAX@Z 10001750 f i libvcruntimed:winapi_downlevel.obj
 0001:00000750       ??$__crt_fast_encode_pointer@P6AXXZ@@YAP6AXXZQ6AXXZ@Z 10001750 f i libvcruntimed:purevirt_data.obj
 0001:00000780       ?__crt_rotate_pointer_value@@YAIIH@Z 10001780 f i LIBCMTD:utility.obj
 0001:00000790       ?configure_argv@__scrt_narrow_argv_policy@@SAHXZ 10001790 f i LIBCMTD:utility.obj
 0001:00000840       ?initialize_environment@__scrt_narrow_environment_policy@@SAHXZ 10001840 f i LIBCMTD:utility.obj
 0001:000008c0       _NtCurrentTeb              100018c0 f i LIBCMTD:utility.obj
 0001:000008d0       ___scrt_acquire_startup_lock 100018d0 f   LIBCMTD:utility.obj
 0001:00000920       ___scrt_dllmain_after_initialize_c 10001920 f   LIBCMTD:utility.obj
 0001:00000950       ___scrt_dllmain_before_initialize_c 10001950 f   LIBCMTD:utility.obj
 0001:00000970       ___scrt_dllmain_crt_thread_attach 10001970 f   LIBCMTD:utility.obj
 0001:000009a0       ___scrt_dllmain_crt_thread_detach 100019a0 f   LIBCMTD:utility.obj
 0001:000009c0       ___scrt_dllmain_exception_filter 100019c0 f   LIBCMTD:utility.obj
 0001:00000a10       ___scrt_dllmain_uninitialize_c 10001a10 f   LIBCMTD:utility.obj
 0001:00000a40       ___scrt_dllmain_uninitialize_critical 10001a40 f   LIBCMTD:utility.obj
 0001:00000a60       ___scrt_initialize_crt     10001a60 f   LIBCMTD:utility.obj
 0001:00000ab0       ___scrt_initialize_onexit_tables 10001ab0 f   LIBCMTD:utility.obj
 0001:00000b90       ___scrt_is_nonwritable_in_current_image 10001b90 f   LIBCMTD:utility.obj
 0001:00000cc0       ___scrt_release_startup_lock 10001cc0 f   LIBCMTD:utility.obj
 0001:00000cf0       ___scrt_uninitialize_crt   10001cf0 f   LIBCMTD:utility.obj
 0001:00000d30       ___scrt_get_dyn_tls_init_callback 10001d30 f   LIBCMTD:dyn_tls_init.obj
 0001:00000d40       ___scrt_fastfail           10001d40 f   LIBCMTD:utility_desktop.obj
 0001:00000e80       __crt_debugger_hook        10001e80 f   LIBCMTD:utility_desktop.obj
 0001:00000e90       __RTC_Initialize           10001e90 f   LIBCMTD:_initsect_.obj
 0001:00000ec0       __RTC_Terminate            10001ec0 f   LIBCMTD:_initsect_.obj
 0001:00000ef0       @_guard_check_icall_nop@4  10001ef0 f i LIBCMTD:guard_support.obj
 0001:00000f00       ?__crt_interlocked_read_32@@YAHPDH@Z 10001f00 f i libvcruntimed:std_type_info.obj
 0001:00000f00       _ReadNoFence               10001f00 f i LIBCMTD:guard_support.obj
 0001:00000f20       ??$__crt_interlocked_read_pointer@UHINSTANCE__@@@@YAPAUHINSTANCE__@@PDSAU0@@Z 10001f20 f i libvcruntimed:winapi_downlevel.obj
 0001:00000f20       _ReadPointerNoFence        10001f20 f i LIBCMTD:guard_support.obj
 0001:00000f20       ??$__crt_interlocked_read_pointer@X@@YAPAXPDSAX@Z 10001f20 f i libvcruntimed:winapi_downlevel.obj
 0001:00000f40       __guard_icall_checks_enforced 10001f40 f i LIBCMTD:guard_support.obj
 0001:00000f70       ___isa_available_init      10001f70 f   LIBCMTD:_cpu_disp_.obj
 0001:00001250       __get_startup_argv_mode    10002250 f   LIBCMTD:argv_mode.obj
 0001:00001260       ___scrt_is_ucrt_dll_in_use 10002260 f   LIBCMTD:ucrt_detection.obj
 0001:00001290       @__security_check_cookie@4 10002290 f   LIBCMTD:_secchk_.obj
 0001:000012b0       ___raise_securityfailure   100022b0 f   LIBCMTD:gs_report.obj
 0001:000012e0       ___report_gsfailure        100022e0 f   LIBCMTD:gs_report.obj
 0001:000013f0       ___report_rangecheckfailure 100023f0 f   LIBCMTD:gs_report.obj
 0001:00001400       ___report_securityfailure  10002400 f   LIBCMTD:gs_report.obj
 0001:000014d2       _IsProcessorFeaturePresent@4 100024d2 f   kernel32:KERNEL32.dll
 0001:00001540       __except_handler4          10002540 f   libvcruntimed:_chandler4_.obj
 0001:00001710       ??$?RD@__crt_internal_free_policy@@QBEXQBD@Z 10002710 f i libvcruntimed:std_type_info.obj
 0001:00001710       ??$?RU__vcrt_ptd@@@__crt_internal_free_policy@@QBEXQBU__vcrt_ptd@@@Z 10002710 f i libvcruntimed:per_thread_data.obj
 0001:00001730       ??0?$__crt_unique_heap_ptr@DU__crt_public_free_policy@@@@QAE@QAD@Z 10002730 f i libvcruntimed:std_exception.obj
 0001:00001730       ??0?$__crt_unique_heap_ptr@U__vcrt_ptd@@U__crt_internal_free_policy@@@@QAE@QAU__vcrt_ptd@@@Z 10002730 f i libvcruntimed:per_thread_data.obj
 0001:00001730       ??0?$__crt_unique_heap_ptr@DU__crt_internal_free_policy@@@@QAE@QAD@Z 10002730 f i libvcruntimed:std_type_info.obj
 0001:00001750       ??1?$__crt_unique_heap_ptr@DU__crt_internal_free_policy@@@@QAE@XZ 10002750 f i libvcruntimed:std_type_info.obj
 0001:00001750       ??1?$__crt_unique_heap_ptr@U__vcrt_ptd@@U__crt_internal_free_policy@@@@QAE@XZ 10002750 f i libvcruntimed:per_thread_data.obj
 0001:00001770       ??B?$__crt_unique_heap_ptr@U__vcrt_ptd@@U__crt_internal_free_policy@@@@QBE_NXZ 10002770 f i libvcruntimed:per_thread_data.obj
 0001:00001770       ??B?$__crt_unique_heap_ptr@DU__crt_internal_free_policy@@@@QBE_NXZ 10002770 f i libvcruntimed:std_type_info.obj
 0001:00001770       ??B?$__crt_unique_heap_ptr@DU__crt_public_free_policy@@@@QBE_NXZ 10002770 f i libvcruntimed:std_exception.obj
 0001:00001790       ?get@?$__crt_unique_heap_ptr@DU__crt_internal_free_policy@@@@QBEPADXZ 10002790 f i libvcruntimed:std_type_info.obj
 0001:00001790       ?getFuncInfo@TryBlockMap@__FrameHandler3@@QAEPBU_s_FuncInfo@@XZ 10002790 f i libvcruntimed:trnsctrl.obj
 0001:00001790       ?get@?$__crt_unique_heap_ptr@DU__crt_public_free_policy@@@@QBEPADXZ 10002790 f i libvcruntimed:std_exception.obj
 0001:00001790       ?get@?$__crt_unique_heap_ptr@U__vcrt_ptd@@U__crt_internal_free_policy@@@@QBEPAU__vcrt_ptd@@XZ 10002790 f i libvcruntimed:per_thread_data.obj
 0001:000017a0       ?is_valid@?$__crt_unique_heap_ptr@U__vcrt_ptd@@U__crt_internal_free_policy@@@@QBE_NXZ 100027a0 f i libvcruntimed:per_thread_data.obj
 0001:000017a0       ?is_valid@?$__crt_unique_heap_ptr@DU__crt_internal_free_policy@@@@QBE_NXZ 100027a0 f i libvcruntimed:std_type_info.obj
 0001:000017a0       ?is_valid@?$__crt_unique_heap_ptr@DU__crt_public_free_policy@@@@QBE_NXZ 100027a0 f i libvcruntimed:std_exception.obj
 0001:000017d0       ?release@?$__crt_unique_heap_ptr@DU__crt_internal_free_policy@@@@QAEXXZ 100027d0 f i libvcruntimed:std_type_info.obj
 0001:000017d0       ?release@?$__crt_unique_heap_ptr@U__vcrt_ptd@@U__crt_internal_free_policy@@@@QAEXXZ 100027d0 f i libvcruntimed:per_thread_data.obj
 0001:00001800       ___std_type_info_compare   10002800 f   libvcruntimed:std_type_info.obj
 0001:00001830       ___std_type_info_destroy_list 10002830 f   libvcruntimed:std_type_info.obj
 0001:00001870       ___vcrt_initialize         10002870 f   libvcruntimed:initialization.obj
 0001:000018b0       ___vcrt_thread_attach      100028b0 f   libvcruntimed:initialization.obj
 0001:000018d0       ___vcrt_thread_detach      100028d0 f   libvcruntimed:initialization.obj
 0001:000018f0       ___vcrt_uninitialize       100028f0 f   libvcruntimed:initialization.obj
 0001:00001910       ___vcrt_uninitialize_critical 10002910 f   libvcruntimed:initialization.obj
 0001:00001930       _memset                    10002930 f   libvcruntimed:memset.obj
 0001:00001a90       __local_unwind4            10002a90 f   libvcruntimed:_exsup4_.obj
 0001:00001b68       __seh_longjmp_unwind4@4    10002b68 f   libvcruntimed:_exsup4_.obj
 0001:00001b90       @_EH4_CallFilterFunc@8     10002b90 f   libvcruntimed:_exsup4_.obj
 0001:00001ba8       @_EH4_TransferToHandler@8  10002ba8 f   libvcruntimed:_exsup4_.obj
 0001:00001bc4       @_EH4_GlobalUnwind2@8      10002bc4 f   libvcruntimed:_exsup4_.obj
 0001:00001be0       @_EH4_LocalUnwind@16       10002be0 f   libvcruntimed:_exsup4_.obj
 0001:00001c10       ___except_validate_context_record 10002c10 f   libvcruntimed:jbcxrval.obj
 0001:00001c60       ___except_validate_jump_buffer 10002c60 f   libvcruntimed:jbcxrval.obj
 0001:00001c80       ___except_validate_jump_buffer_common 10002c80 f i libvcruntimed:jbcxrval.obj
 0001:00001ce0       __vsprintf_s_l             10002ce0 f i libvcruntimed:undname.obj
 0001:00001d30       _sprintf_s                 10002d30 f i libvcruntimed:undname.obj
 0001:00001db0       ?detach@?$__crt_unique_heap_ptr@U__vcrt_ptd@@U__crt_internal_free_policy@@@@QAEPAU__vcrt_ptd@@XZ 10002db0 f i libvcruntimed:per_thread_data.obj
 0001:00001db0       ?detach@?$__crt_unique_heap_ptr@DU__crt_public_free_policy@@@@QAEPADXZ 10002db0 f i libvcruntimed:std_exception.obj
 0001:00001e10       ___vcrt_freefls@4          10002e10 f   libvcruntimed:per_thread_data.obj
 0001:00001e40       ___vcrt_freeptd            10002e40 f   libvcruntimed:per_thread_data.obj
 0001:00001ea0       ___vcrt_getptd             10002ea0 f   libvcruntimed:per_thread_data.obj
 0001:00001ec0       ___vcrt_getptd_noexit      10002ec0 f   libvcruntimed:per_thread_data.obj
 0001:00002020       ___vcrt_initialize_ptd     10003020 f   libvcruntimed:per_thread_data.obj
 0001:00002070       ___vcrt_uninitialize_ptd   10003070 f   libvcruntimed:per_thread_data.obj
 0001:000020a0       ___vcrt_initialize_locks   100030a0 f   libvcruntimed:locks.obj
 0001:00002100       ___vcrt_uninitialize_locks 10003100 f   libvcruntimed:locks.obj
 0001:00002150       ??$?BX@__crt_fast_encoded_nullptr_t@@QBEPAXXZ 10003150 f i libvcruntimed:winapi_downlevel.obj
 0001:00002150       ??$?B$$A6AXXZ@__crt_fast_encoded_nullptr_t@@QBEP6AXXZXZ 10003150 f i libvcruntimed:purevirt_data.obj
 0001:00002170       ??$__crt_interlocked_exchange_pointer@UHINSTANCE__@@PAU1@@@YAPAUHINSTANCE__@@PDSAU0@QAU0@@Z 10003170 f i libvcruntimed:winapi_downlevel.obj
 0001:00002170       ??$__crt_interlocked_exchange_pointer@UHINSTANCE__@@PAX@@YAPAUHINSTANCE__@@PDSAU0@QAX@Z 10003170 f i libvcruntimed:winapi_downlevel.obj
 0001:00002170       ??$__crt_interlocked_exchange_pointer@XPAX@@YAPAXPDSAXQAX@Z 10003170 f i libvcruntimed:winapi_downlevel.obj
 0001:00002180       ?__crt_fast_encode_pointer@@YA?AU__crt_fast_encoded_nullptr_t@@$$T@Z 10003180 f i libvcruntimed:winapi_downlevel.obj
 0001:00002580       ___vcrt_FlsAlloc           10003580 f   libvcruntimed:winapi_downlevel.obj
 0001:000025c0       ___vcrt_FlsFree            100035c0 f   libvcruntimed:winapi_downlevel.obj
 0001:00002600       ___vcrt_FlsGetValue        10003600 f   libvcruntimed:winapi_downlevel.obj
 0001:00002640       ___vcrt_FlsSetValue        10003640 f   libvcruntimed:winapi_downlevel.obj
 0001:00002690       ___vcrt_InitializeCriticalSectionEx 10003690 f   libvcruntimed:winapi_downlevel.obj
 0001:000026e0       ___vcrt_initialize_winapi_thunks 100036e0 f   libvcruntimed:winapi_downlevel.obj
 0001:00002740       ___vcrt_uninitialize_winapi_thunks 10003740 f   libvcruntimed:winapi_downlevel.obj
 0001:000027b0       ___vcrt_initialize_pure_virtual_call_handler 100037b0 f   libvcruntimed:purevirt_data.obj
 0001:000027e0       __global_unwind2           100037e0 f   libvcruntimed:_exsup_.obj
 0001:00002846       __local_unwind2            10003846 f   libvcruntimed:_exsup_.obj
 0001:000028ca       __abnormal_termination     100038ca f   libvcruntimed:_exsup_.obj
 0001:000028f0       __NLG_Notify1              100038f0 f   libvcruntimed:_exsup_.obj
 0001:000028fc       __NLG_Notify               100038fc f   libvcruntimed:_exsup_.obj
 0001:00002913       __NLG_Dispatch2            10003913     libvcruntimed:_exsup_.obj
 0001:00002913       __NLG_Dispatch             10003913     libvcruntimed:_exsup_.obj
 0001:0000291b       __NLG_Call                 1000391b f   libvcruntimed:_exsup_.obj
 0001:0000291d       __NLG_Return2              1000391d     libvcruntimed:_exsup_.obj
 0001:00002920       _memcpy                    10003920 f   libvcruntimed:memcpy.obj
 0001:00002ea0       ??$?0AAViterator@TryBlockMap@__FrameHandler3@@AAV012@$0A@@?$pair@Viterator@TryBlockMap@__FrameHandler3@@V123@@std@@QAE@AAViterator@TryBlockMap@__FrameHandler3@@0@Z 10003ea0 f i libvcruntimed:trnsctrl.obj
 0001:00002ef0       ??$forward@AAViterator@TryBlockMap@__FrameHandler3@@@std@@YAAAViterator@TryBlockMap@__FrameHandler3@@AAV123@@Z 10003ef0 f i libvcruntimed:trnsctrl.obj
 0001:00002f00       ??0iterator@TryBlockMap@__FrameHandler3@@QAE@AAV12@I@Z 10003f00 f i libvcruntimed:trnsctrl.obj
 0001:00002f00       ??0TryBlockMap@__FrameHandler3@@QAE@PBU_s_FuncInfo@@PAX@Z 10003f00 f i libvcruntimed:frame.obj
 0001:00002f00       ??0iterator@HandlerMap@__FrameHandler3@@QAE@AAV12@I@Z 10003f00 f i libvcruntimed:frame.obj
 0001:00002f30       ?GetRangeOfTrysToCheck@__FrameHandler3@@SA?AU?$pair@Viterator@TryBlockMap@__FrameHandler3@@V123@@std@@AAVTryBlockMap@1@HH@Z 10003f30 f   libvcruntimed:trnsctrl.obj
 0001:00003020       ?_CallCatchBlock2@@YAPAXPAUEHRegistrationNode@@PBU_s_FuncInfo@@PAXHK@Z 10004020 f   libvcruntimed:trnsctrl.obj
 0001:00003090       ?_CallSETranslator@@YAHPAUEHExceptionRecord@@PAUEHRegistrationNode@@PAX2PBU_s_FuncInfo@@H1@Z 10004090 f   libvcruntimed:trnsctrl.obj
 0001:00003180       ?_JumpToContinuation@@YGXPAXPAUEHRegistrationNode@@@Z 10004180 f   libvcruntimed:trnsctrl.obj
 0001:000031c0       ?_UnwindNestedFrames@@YGXPAUEHRegistrationNode@@PAUEHExceptionRecord@@@Z 100041c0 f   libvcruntimed:trnsctrl.obj
 0001:00003220       __CatchGuardHandler        10004220 f   libvcruntimed:trnsctrl.obj
 0001:00003270       __CreateFrameInfo          10004270 f   libvcruntimed:trnsctrl.obj
 0001:000032a0       __FindAndUnlinkFrame       100042a0 f   libvcruntimed:trnsctrl.obj
 0001:00003310       __TranslatorGuardHandler   10004310 f   libvcruntimed:trnsctrl.obj
 0001:000033c0       ___CxxFrameHandler3        100043c0 f   libvcruntimed:trnsctrl.obj
 0001:00003fd0       ??$TypeMatchHelper@$$CBU_s_HandlerType@@@@YAHPBU_s_HandlerType@@PBU_s_CatchableType@@PBU_s_ThrowInfo@@@Z 10004fd0 f i libvcruntimed:frame.obj
 0001:000040b0       ??$__InternalCxxFrameHandler@V__FrameHandler3@@@@YA?AW4_EXCEPTION_DISPOSITION@@PAUEHExceptionRecord@@PAUEHRegistrationNode@@PAU_CONTEXT@@PAXPBU_s_FuncInfo@@H1E@Z 100050b0 f i libvcruntimed:frame.obj
 0001:00004290       ??0HandlerMap@__FrameHandler3@@QAE@PBU_s_TryBlockMapEntry@@PAX@Z 10005290 f i libvcruntimed:frame.obj
 0001:000042c0       ??0bad_exception@std@@QAE@ABV01@@Z 100052c0 f i libvcruntimed:frame.obj
 0001:000042f0       ??0bad_exception@std@@QAE@XZ 100052f0 f i libvcruntimed:frame.obj
 0001:00004320       ??0exception@std@@QAE@ABV01@@Z 10005320 f i libvcruntimed:frame.obj
 0001:00004360       ??0exception@std@@QAE@QBDH@Z 10005360 f i libvcruntimed:frame.obj
 0001:00004390       ??1bad_exception@std@@UAE@XZ 10005390 f i libvcruntimed:frame.obj
 0001:000043b0       ??1exception@std@@UAE@XZ   100053b0 f i libvcruntimed:frame.obj
 0001:000043e0       ??8iterator@HandlerMap@__FrameHandler3@@QBE_NABV012@@Z 100053e0 f i libvcruntimed:frame.obj
 0001:00004410       ??8type_info@@QBE_NABV0@@Z 10005410 f i libvcruntimed:frame.obj
 0001:00004450       ??9iterator@HandlerMap@__FrameHandler3@@QBE_NABV012@@Z 10005450 f i libvcruntimed:frame.obj
 0001:00004490       ??Diterator@HandlerMap@__FrameHandler3@@QAEPBU_s_HandlerType@@XZ 10005490 f i libvcruntimed:frame.obj
 0001:000044b0       ??Diterator@TryBlockMap@__FrameHandler3@@QAEPBU_s_TryBlockMapEntry@@XZ 100054b0 f i libvcruntimed:frame.obj
 0001:000044d0       ??Eiterator@TryBlockMap@__FrameHandler3@@QAEAAV012@XZ 100054d0 f i libvcruntimed:frame.obj
 0001:000044d0       ??Eiterator@HandlerMap@__FrameHandler3@@QAEAAV012@XZ 100054d0 f i libvcruntimed:frame.obj
 0001:000044f0       ??Miterator@TryBlockMap@__FrameHandler3@@QBE_NABV012@@Z 100054f0 f i libvcruntimed:frame.obj
 0001:00004520       ??_Gbad_exception@std@@UAEPAXI@Z 10005520 f i libvcruntimed:frame.obj
 0001:00004520       ??_Ebad_exception@std@@UAEPAXI@Z 10005520 f i libvcruntimed:frame.obj
 0001:00004550       ??_Gexception@std@@UAEPAXI@Z 10005550 f i libvcruntimed:frame.obj
 0001:00004550       ??_Eexception@std@@UAEPAXI@Z 10005550 f i libvcruntimed:frame.obj
 0001:00004580       ?BuildCatchObject@__FrameHandler3@@SAXPAUEHExceptionRecord@@PAXPBU_s_HandlerType@@PBU_s_CatchableType@@@Z 10005580 f   libvcruntimed:frame.obj
 0001:00004920       ?FrameUnwindToEmptyState@__FrameHandler3@@SAXPAUEHRegistrationNode@@PAXPBU_s_FuncInfo@@@Z 10005920 f   libvcruntimed:frame.obj
 0001:00004940       ?FrameUnwindToState@__FrameHandler3@@SAXPAUEHRegistrationNode@@PAXPBU_s_FuncInfo@@H@Z 10005940 f   libvcruntimed:frame.obj
 0001:00004ac0       ?GetMaxState@__FrameHandler3@@SAHPAXPBU_s_FuncInfo@@@Z 10005ac0 f i libvcruntimed:frame.obj
 0001:00004bf0       ?TypeMatch@__FrameHandler3@@SAHPBU_s_HandlerType@@PBU_s_CatchableType@@PBU_s_ThrowInfo@@@Z 10005bf0 f   libvcruntimed:frame.obj
 0001:00004bf0       ___TypeMatch               10005bf0 f   libvcruntimed:frame.obj
 0001:00004c10       ?_CallMemberFunction1@@YGXQAX00@Z 10005c10 f i libvcruntimed:frame.obj
 0001:00004c30       ?_CallMemberFunction2@@YGXQAX00H@Z 10005c30 f i libvcruntimed:frame.obj
 0001:00004c50       ?_ValidateRead@@YA_NPBXI@Z 10005c50 f i libvcruntimed:frame.obj
 0001:00004c50       ?_ValidateWrite@@YA_NPAXI@Z 10005c50 f i libvcruntimed:frame.obj
 0001:00004c50       ?_ValidateExecute@@YA_NP6GHXZ@Z 10005c50 f i libvcruntimed:frame.obj
 0001:00004c70       ?begin@HandlerMap@__FrameHandler3@@QAE?AViterator@12@XZ 10005c70 f i libvcruntimed:frame.obj
 0001:00004c90       ?end@HandlerMap@__FrameHandler3@@QAE?AViterator@12@XZ 10005c90 f i libvcruntimed:frame.obj
 0001:00004cc0       ?getESTypes@__FrameHandler3@@SAPBU_s_ESTypeList@@PBU_s_FuncInfo@@@Z 10005cc0 f i libvcruntimed:frame.obj
 0001:00004cd0       ?getLastEntry@HandlerMap@__FrameHandler3@@QAEPBU_s_HandlerType@@XZ 10005cd0 f i libvcruntimed:frame.obj
 0001:00004cf0       ?getMagicNum@__FrameHandler3@@SAIPBU_s_FuncInfo@@@Z 10005cf0 f i libvcruntimed:frame.obj
 0001:00004d00       ?getNumTryBlocks@TryBlockMap@__FrameHandler3@@QAEIXZ 10005d00 f i libvcruntimed:frame.obj
 0001:00004d20       ?isEHs@__FrameHandler3@@SA_NPBU_s_FuncInfo@@@Z 10005d20 f i libvcruntimed:frame.obj
 0001:00004d50       ?isNoExcept@__FrameHandler3@@SA_NPBU_s_FuncInfo@@@Z 10005d50 f i libvcruntimed:frame.obj
 0001:00004d80       ?what@exception@std@@UBEPBDXZ 10005d80 f i libvcruntimed:frame.obj
 0001:00004db0       ___vcrt_EncodePointer      10005db0 f i libvcruntimed:frame.obj
 0001:00004dc0       __CallSettingFrame@12      10005dc0 f   libvcruntimed:lowhelpr.obj
 0001:00004de7       __NLG_Return               10005de7     libvcruntimed:lowhelpr.obj
 0001:00004e10       _unexpected                10005e10 f   libvcruntimed:unexpected.obj
 0001:00004e50       _memmove                   10005e50 f   libvcruntimed:memmove.obj
 0001:000053d0       ?GetCurrentState@__FrameHandler3@@SAHPAUEHRegistrationNode@@PAXPBU_s_FuncInfo@@@Z 100063d0 f   libvcruntimed:ehstate.obj
 0001:00005400       ?SetState@__FrameHandler3@@SAXPAUEHRegistrationNode@@PBU_s_FuncInfo@@H@Z 10006400 f   libvcruntimed:ehstate.obj
 0001:00005410       ___DestructExceptionObject 10006410 f   libvcruntimed:ehhelpers.obj
 0001:00005540       ?_CallMemberFunction0@@YGXQAX0@Z 10006540 f i libvcruntimed:ehhelpers.obj
 0001:00005560       __IsExceptionObjectToBeDestroyed 10006560 f   libvcruntimed:ehhelpers.obj
 0001:000055a0       ___AdjustPointer           100065a0 f   libvcruntimed:ehhelpers.obj
 0001:000055f0       ___FrameUnwindFilter       100065f0 f   libvcruntimed:ehhelpers.obj
 0001:00005670       ??$?RD@__crt_public_free_policy@@QBEXQBD@Z 10006670 f i libvcruntimed:std_exception.obj
 0001:00005690       ??1?$__crt_unique_heap_ptr@DU__crt_public_free_policy@@@@QAE@XZ 10006690 f i libvcruntimed:std_exception.obj
 0001:000056b0       ?release@?$__crt_unique_heap_ptr@DU__crt_public_free_policy@@@@QAEXXZ 100066b0 f i libvcruntimed:std_exception.obj
 0001:000056e0       ___std_exception_copy      100066e0 f   libvcruntimed:std_exception.obj
 0001:000057c0       ___std_exception_destroy   100067c0 f   libvcruntimed:std_exception.obj
 0001:000057f0       __CxxThrowException@8      100067f0 f   libvcruntimed:throw.obj
 0001:000058b0       __initterm                 100068b0 f   libucrtd:initterm.obj
 0001:00005910       __initterm_e               10006910 f   libucrtd:initterm.obj
 0001:000059d0       __seh_filter_dll           100069d0 f   libucrtd:exception_filter.obj
 0001:00005a00       __seh_filter_exe           10006a00 f   libucrtd:exception_filter.obj
 0001:00005c20       ??$?B$$A6GXPAXK0@Z@__crt_fast_encoded_nullptr_t@@QBEP6GXPAXK0@ZXZ 10006c20 f i libucrtd:exit.obj
 0001:00005c20       ??$?B$$A6AXH@Z@__crt_fast_encoded_nullptr_t@@QBEP6AXH@ZXZ 10006c20 f i libucrtd:signal.obj
 0001:00005d00       ??$__crt_fast_decode_pointer@P6AXH@Z@@YAP6AXH@ZQ6AXH@Z@Z 10006d00 f i libucrtd:signal.obj
 0001:00005d00       ??$__crt_fast_decode_pointer@P6AHPAU_exception@@@Z@@YAP6AHPAU_exception@@@ZQ6AH0@Z@Z 10006d00 f i libucrtd:matherr.obj
 0001:00005d00       ??$__crt_fast_decode_pointer@P6AHI@Z@@YAP6AHI@ZQ6AHI@Z@Z 10006d00 f i libucrtd:new_handler.obj
 0001:00005d00       ??$__crt_fast_decode_pointer@P6GXPAXK0@Z@@YAP6GXPAXK0@ZQ6GX0K0@Z@Z 10006d00 f i libucrtd:exit.obj
 0001:00005d00       ??$__crt_fast_decode_pointer@P6AXPB_W00II@Z@@YAP6AXPB_W00II@ZQ6AX000II@Z@Z 10006d00 f i libucrtd:invalid_parameter.obj
 0001:00005d30       ??$__crt_fast_encode_pointer@P6AXH@Z@@YAP6AXH@ZQ6AXH@Z@Z 10006d30 f i libucrtd:signal.obj
 0001:00005d30       ??$__crt_fast_encode_pointer@P6GXPAXK0@Z@@YAP6GXPAXK0@ZQ6GX0K0@Z@Z 10006d30 f i libucrtd:exit.obj
 0001:00005d60       ??$__crt_get_proc_address@P6GXI@Z@@YAP6GXI@ZQAUHINSTANCE__@@QBD@Z 10006d60 f i libucrtd:exit.obj
 0001:00005d80       ??$__crt_interlocked_read@J@@YAJPDJ@Z 10006d80 f i libucrtd:exit.obj
 0001:00005df0       ??0?$__crt_scoped_stack_ptr_tag@_W@@QAE@QA_W@Z 10006df0 f i libucrtd:getstringtypea.obj
 0001:00005df0       ??0?$__crt_unique_heap_ptr@EU__crt_internal_free_policy@@@@QAE@QAE@Z 10006df0 f i libucrtd:argv_parsing.obj
 0001:00005df0       ??0?$__crt_unique_heap_ptr@U__acrt_ptd@@U__crt_internal_free_policy@@@@QAE@QAU__acrt_ptd@@@Z 10006df0 f i libucrtd:per_thread_data.obj
 0001:00005df0       ??0__crt_stdio_stream@@QAE@QAU__crt_stdio_stream_data@@@Z 10006df0 f i libucrtd:fflush.obj
 0001:00005df0       ??0?$__crt_unique_heap_ptr@U__crt_lowio_handle_data@@U__crt_internal_free_policy@@@@QAE@QAU__crt_lowio_handle_data@@@Z 10006df0 f i libucrtd:osfinfo.obj
 0001:00005df0       ??0?$__crt_unique_heap_ptr@PADU__crt_internal_free_policy@@@@QAE@QAPAD@Z 10006df0 f i libucrtd:argv_parsing.obj
 0001:00005df0       ??0?$__crt_unique_heap_ptr@PAU__crt_stdio_stream_data@@U__crt_internal_free_policy@@@@QAE@QAPAU__crt_stdio_stream_data@@@Z 10006df0 f i libucrtd:_file.obj
 0001:00005df0       ??0?$__crt_unique_heap_ptr@U__crt_multibyte_data@@U__crt_internal_free_policy@@@@QAE@QAU__crt_multibyte_data@@@Z 10006df0 f i libucrtd:mbctype.obj
 0001:00005df0       ??0?$__crt_unique_handle_t@U__crt_findfile_traits@@@@QAE@QAX@Z 10006df0 f i libucrtd:argv_wildcards.obj
 0001:00005df0       ??0?$__crt_unique_handle_t@U__crt_hmodule_traits@@@@QAE@QAUHINSTANCE__@@@Z 10006df0 f i libucrtd:exit.obj
 0001:00005df0       ??0__crt_stdio_stream@@QAE@QAU_iobuf@@@Z 10006df0 f i libucrtd:output.obj
 0001:00005df0       ??0?$__crt_scoped_stack_ptr@_W@@QAE@U?$__crt_scoped_stack_ptr_tag@_W@@@Z 10006df0 f i libucrtd:getstringtypea.obj
 0001:00005df0       ??0?$string_output_adapter@_W@__crt_stdio_output@@QAE@QAU?$string_output_adapter_context@_W@1@@Z 10006df0 f i libucrtd:output.obj
 0001:00005df0       ??0?$string_output_adapter@D@__crt_stdio_output@@QAE@QAU?$string_output_adapter_context@D@1@@Z 10006df0 f i libucrtd:output.obj
 0001:00005e10       ??1?$__crt_unique_handle_t@U__crt_hmodule_traits@@@@QAE@XZ 10006e10 f i libucrtd:exit.obj
 0001:00005fe0       ?__acrt_select_exit_lock@@YA?AW4__acrt_lock_id@@XZ 10006fe0 f i libucrtd:exit.obj
 0001:00006010       ?close@?$__crt_unique_handle_t@U__crt_hmodule_traits@@@@QAEXXZ 10007010 f i libucrtd:exit.obj
 0001:00006050       ?close@__crt_hmodule_traits@@SA_NPAUHINSTANCE__@@@Z 10007050 f i libucrtd:exit.obj
 0001:00006140       ?get@?$__crt_unique_heap_ptr@U__crt_multibyte_data@@U__crt_internal_free_policy@@@@QBEPAU__crt_multibyte_data@@XZ 10007140 f i libucrtd:mbctype.obj
 0001:00006140       ?get@?$__crt_scoped_stack_ptr@_W@@QBEPA_WXZ 10007140 f i libucrtd:getstringtypea.obj
 0001:00006140       ?save_state@?$c_string_character_source@_W@__crt_strtox@@QBEPB_WXZ 10007140 f i libucrtd:atox.obj
 0001:00006140       ?get@?$__crt_unique_heap_ptr@EU__crt_internal_free_policy@@@@QBEPAEXZ 10007140 f i libucrtd:argv_parsing.obj
 0001:00006140       ?get@?$__crt_unique_heap_ptr@U__crt_lowio_handle_data@@U__crt_internal_free_policy@@@@QBEPAU__crt_lowio_handle_data@@XZ 10007140 f i libucrtd:osfinfo.obj
 0001:00006140       ?get@?$__crt_unique_handle_t@U__crt_hmodule_traits@@@@QBEPAUHINSTANCE__@@XZ 10007140 f i libucrtd:exit.obj
 0001:00006140       ?get@?$__crt_unique_heap_ptr@U__acrt_ptd@@U__crt_internal_free_policy@@@@QBEPAU__acrt_ptd@@XZ 10007140 f i libucrtd:per_thread_data.obj
 0001:00006140       ?public_stream@__crt_stdio_stream@@QBEPAU_iobuf@@XZ 10007140 f i libucrtd:output.obj
 0001:00006140       ?get@?$__crt_unique_handle_t@U__crt_findfile_traits@@@@QBEPAXXZ 10007140 f i libucrtd:argv_wildcards.obj
 0001:00006140       ?get@?$__crt_unique_heap_ptr@PADU__crt_internal_free_policy@@@@QBEPAPADXZ 10007140 f i libucrtd:argv_parsing.obj
 0001:00006140       ?save_state@?$c_string_character_source@D@__crt_strtox@@QBEPBDXZ 10007140 f i libucrtd:atox.obj
 0001:00006140       ??C__crt_stdio_stream@@QBEPAU__crt_stdio_stream_data@@XZ 10007140 f i libucrtd:output.obj
 0001:00006160       ?dangerous_get_state_array@?$dual_state_global@PAU__crt_multibyte_data@@@__crt_state_management@@QAEPAPAU__crt_multibyte_data@@XZ 10007160 f i libucrtd:mbctype.obj
 0001:00006160       ?debug_info@?$__crt_win32_buffer@DU__crt_win32_buffer_no_resizing@@@@QBEABV__crt_win32_buffer_empty_debug_info@@XZ 10007160 f i libucrtd:findnextfilea.obj
 0001:00006160       ?get_address_of@?$__crt_unique_handle_t@U__crt_hmodule_traits@@@@QAEPAPAUHINSTANCE__@@XZ 10007160 f i libucrtd:exit.obj
 0001:00006160       ?dangerous_get_state_array@?$dual_state_global@P6AXPB_W00II@Z@__crt_state_management@@QAEPAP6AXPB_W00II@ZXZ 10007160 f i libucrtd:invalid_parameter.obj
 0001:00006160       ?dangerous_get_state_array@?$dual_state_global@PAU__crt_locale_data@@@__crt_state_management@@QAEPAPAU__crt_locale_data@@XZ 10007160 f i libucrtd:per_thread_data.obj
 0001:00006160       ?debug_info@?$__crt_win32_buffer@_WU__crt_win32_buffer_internal_dynamic_resizing@@@@QBEABV__crt_win32_buffer_empty_debug_info@@XZ 10007160 f i libucrtd:findfirstfileexa.obj
 0001:00006160       ?get_address_of@?$__crt_unique_heap_ptr@PADU__crt_internal_free_policy@@@@QAEPAPAPADXZ 10007160 f i libucrtd:argv_parsing.obj
 0001:00006160       ?dangerous_get_state_array@?$dual_state_global@PAE@__crt_state_management@@QAEPAPAEXZ 10007160 f i libucrtd:mbctype.obj
 0001:00006170       ?get_current_state_index@__crt_state_management@@YAIABV__crt_scoped_get_last_error_reset@@@Z 10007170 f i libucrtd:per_thread_data.obj
 0001:00006170       ?get_invalid_value@__crt_hmodule_traits@@SAPAUHINSTANCE__@@XZ 10007170 f i libucrtd:exit.obj
 0001:00006300       ___acrt_initialize_thread_local_exit_callback 10007300 f   libucrtd:exit.obj
 0001:00006310       __cexit                    10007310 f   libucrtd:exit.obj
 0001:00006330       __exit                     10007330 f   libucrtd:exit.obj
 0001:00006350       __is_c_termination_complete 10007350 f   libucrtd:exit.obj
 0001:00006370       ??$?RPAD@__crt_internal_free_policy@@QBEXQBQAD@Z 10007370 f i libucrtd:argv_parsing.obj
 0001:00006370       ??$?RU__acrt_ptd@@@__crt_internal_free_policy@@QBEXQBU__acrt_ptd@@@Z 10007370 f i libucrtd:per_thread_data.obj
 0001:00006370       ??$?RU__crt_lowio_handle_data@@@__crt_internal_free_policy@@QBEXQBU__crt_lowio_handle_data@@@Z 10007370 f i libucrtd:osfinfo.obj
 0001:00006370       ??$?RU__crt_multibyte_data@@@__crt_internal_free_policy@@QBEXQBU__crt_multibyte_data@@@Z 10007370 f i libucrtd:mbctype.obj
 0001:00006370       ??$?RE@__crt_internal_free_policy@@QBEXQBE@Z 10007370 f i libucrtd:argv_parsing.obj
 0001:00006370       ??$?RPAU__crt_stdio_stream_data@@@__crt_internal_free_policy@@QBEXQBQAU__crt_stdio_stream_data@@@Z 10007370 f i libucrtd:_file.obj
 0001:00006630       ??$get_module_file_name@$$TAAY0BAF@DH@?$__crt_char_traits@D@@SAK$$QA$$TAAY0BAF@D$$QAH@Z 10007630 f i libucrtd:argv_parsing.obj
 0001:00006630       ??$get_module_file_name@AAPAUHINSTANCE__@@AAY0BAF@DK@?$__crt_char_traits@D@@SAKAAPAUHINSTANCE__@@AAY0BAF@D$$QAK@Z 10007630 f i libucrtd:dbgrpt.obj
 0001:000069c0       ??$set_program_name@PAD@?$__crt_char_traits@D@@SAX$$QAPAD@Z 100079c0 f i libucrtd:argv_parsing.obj
 0001:000069e0       ??1?$__crt_unique_heap_ptr@PAU__crt_stdio_stream_data@@U__crt_internal_free_policy@@@@QAE@XZ 100079e0 f i libucrtd:_file.obj
 0001:000069e0       ??1?$__crt_unique_heap_ptr@U__acrt_ptd@@U__crt_internal_free_policy@@@@QAE@XZ 100079e0 f i libucrtd:per_thread_data.obj
 0001:000069e0       ??1?$__crt_unique_heap_ptr@U__crt_multibyte_data@@U__crt_internal_free_policy@@@@QAE@XZ 100079e0 f i libucrtd:mbctype.obj
 0001:000069e0       ??1?$__crt_unique_heap_ptr@EU__crt_internal_free_policy@@@@QAE@XZ 100079e0 f i libucrtd:argv_parsing.obj
 0001:000069e0       ??1?$__crt_unique_heap_ptr@PADU__crt_internal_free_policy@@@@QAE@XZ 100079e0 f i libucrtd:argv_parsing.obj
 0001:000069e0       ??1?$__crt_unique_heap_ptr@U__crt_lowio_handle_data@@U__crt_internal_free_policy@@@@QAE@XZ 100079e0 f i libucrtd:osfinfo.obj
 0001:00006a00       ??B?$__crt_unique_heap_ptr@EU__crt_internal_free_policy@@@@QBE_NXZ 10007a00 f i libucrtd:argv_parsing.obj
 0001:00006a00       ??B?$__crt_unique_heap_ptr@U__crt_lowio_handle_data@@U__crt_internal_free_policy@@@@QBE_NXZ 10007a00 f i libucrtd:osfinfo.obj
 0001:00006a00       ??B?$__crt_unique_heap_ptr@U__crt_multibyte_data@@U__crt_internal_free_policy@@@@QBE_NXZ 10007a00 f i libucrtd:mbctype.obj
 0001:00006a00       ??B?$__crt_unique_heap_ptr@U__acrt_ptd@@U__crt_internal_free_policy@@@@QBE_NXZ 10007a00 f i libucrtd:per_thread_data.obj
 0001:00006a70       ?detach@?$__crt_unique_heap_ptr@U__crt_lowio_handle_data@@U__crt_internal_free_policy@@@@QAEPAU__crt_lowio_handle_data@@XZ 10007a70 f i libucrtd:osfinfo.obj
 0001:00006a70       ?detach@?$__crt_unique_heap_ptr@PADU__crt_internal_free_policy@@@@QAEPAPADXZ 10007a70 f i libucrtd:argv_parsing.obj
 0001:00006a70       ?detach@?$__crt_unique_heap_ptr@PAU__crt_stdio_stream_data@@U__crt_internal_free_policy@@@@QAEPAPAU__crt_stdio_stream_data@@XZ 10007a70 f i libucrtd:_file.obj
 0001:00006a70       ?detach@?$__crt_unique_heap_ptr@EU__crt_internal_free_policy@@@@QAEPAEXZ 10007a70 f i libucrtd:argv_parsing.obj
 0001:00006a70       ?detach@?$__crt_unique_heap_ptr@U__crt_multibyte_data@@U__crt_internal_free_policy@@@@QAEPAU__crt_multibyte_data@@XZ 10007a70 f i libucrtd:mbctype.obj
 0001:00006a70       ?detach@?$__crt_unique_heap_ptr@U__acrt_ptd@@U__crt_internal_free_policy@@@@QAEPAU__acrt_ptd@@XZ 10007a70 f i libucrtd:per_thread_data.obj
 0001:00006af0       ?is_valid@?$__crt_unique_heap_ptr@U__crt_lowio_handle_data@@U__crt_internal_free_policy@@@@QBE_NXZ 10007af0 f i libucrtd:osfinfo.obj
 0001:00006af0       ??B?$__crt_scoped_stack_ptr@_W@@QBE_NXZ 10007af0 f i libucrtd:lcmapstringa.obj
 0001:00006af0       ?valid@__crt_stdio_stream@@QBE_NXZ 10007af0 f i libucrtd:output.obj
 0001:00006af0       ?is_valid@?$__crt_unique_heap_ptr@EU__crt_internal_free_policy@@@@QBE_NXZ 10007af0 f i libucrtd:argv_parsing.obj
 0001:00006af0       ?is_valid@?$__crt_unique_heap_ptr@U__acrt_ptd@@U__crt_internal_free_policy@@@@QBE_NXZ 10007af0 f i libucrtd:per_thread_data.obj
 0001:00006af0       ?is_valid@?$__crt_unique_heap_ptr@U__crt_multibyte_data@@U__crt_internal_free_policy@@@@QBE_NXZ 10007af0 f i libucrtd:mbctype.obj
 0001:00006b20       ?release@?$__crt_unique_heap_ptr@PADU__crt_internal_free_policy@@@@QAEXXZ 10007b20 f i libucrtd:argv_parsing.obj
 0001:00006b20       ?release@?$__crt_unique_heap_ptr@U__crt_multibyte_data@@U__crt_internal_free_policy@@@@QAEXXZ 10007b20 f i libucrtd:mbctype.obj
 0001:00006b20       ?release@?$__crt_unique_heap_ptr@EU__crt_internal_free_policy@@@@QAEXXZ 10007b20 f i libucrtd:argv_parsing.obj
 0001:00006b20       ?release@?$__crt_unique_heap_ptr@U__acrt_ptd@@U__crt_internal_free_policy@@@@QAEXXZ 10007b20 f i libucrtd:per_thread_data.obj
 0001:00006b20       ?release@?$__crt_unique_heap_ptr@U__crt_lowio_handle_data@@U__crt_internal_free_policy@@@@QAEXXZ 10007b20 f i libucrtd:osfinfo.obj
 0001:00006b20       ?release@?$__crt_unique_heap_ptr@PAU__crt_stdio_stream_data@@U__crt_internal_free_policy@@@@QAEXXZ 10007b20 f i libucrtd:_file.obj
 0001:00006b80       ___acrt_allocate_buffer_for_argv 10007b80 f   libucrtd:argv_parsing.obj
 0001:00006c40       __configure_narrow_argv    10007c40 f   libucrtd:argv_parsing.obj
 0001:00006c60       __set_pgmptr               10007c60 f i libucrtd:argv_parsing.obj
 0001:00006e00       ??$tcslen@AAPAD@?$__crt_char_traits@D@@SAIAAPAD@Z 10007e00 f i libucrtd:environment_initialization.obj
 0001:00006e18       ??$uninitialize@A6AXAAPAPAD@Z@?$dual_state_global@PAPAD@__crt_state_management@@QAEXA6AXAAPAPAD@Z@Z 10007e18 f i libucrtd:environment_initialization.obj
 0001:00006e18       ??$uninitialize@A6AXAAPAPA_W@Z@?$dual_state_global@PAPA_W@__crt_state_management@@QAEXA6AXAAPAPA_W@Z@Z 10007e18 f i libucrtd:environment_initialization.obj
 0001:00006e8e       ??B?$__crt_unique_heap_ptr@PADU__crt_internal_free_policy@@@@QBE_NXZ 10007e8e f i libucrtd:environment_initialization.obj
 0001:00006e95       ?detach@?$__crt_unique_heap_ptr@DU__crt_internal_free_policy@@@@QAEPADXZ 10007e95 f i libucrtd:environment_initialization.obj
 0001:00006e9b       ?get_current_state_index@__crt_state_management@@YAIXZ 10007e9b f i libucrtd:environment_initialization.obj
 0001:00006e9e       ___dcrt_uninitialize_environments_nolock 10007e9e f   libucrtd:environment_initialization.obj
 0001:00006ed5       __initialize_narrow_environment 10007ed5 f   libucrtd:environment_initialization.obj
 0001:00006eda       __invoke_watson_if_error   10007eda f i libucrtd:environment_initialization.obj
 0001:00006f00       ??$?BP6AXXZ@__crt_fast_encoded_nullptr_t@@QBEPAP6AXXZXZ 10007f00 f i libucrtd:onexit.obj
 0001:00006ff0       ??1scoped_global_state_reset@__crt_state_management@@QAE@XZ 10007ff0 f i libucrtd:onexit.obj
 0001:00006ff0       ??1?$__crt_simd_cleanup_guard@$0A@@@QAE@XZ 10007ff0 f i libucrtd:strnlen.obj
 0001:000071e0       __execute_onexit_table     100081e0 f   libucrtd:onexit.obj
 0001:00007210       __initialize_onexit_table  10008210 f   libucrtd:onexit.obj
 0001:000072c0       ___acrt_uninitialize_command_line 100082c0 f   libucrtd:argv_data.obj
 0001:000074e0       ?initialize@?$dual_state_global@P6AXH@Z@__crt_state_management@@QAEXQ6AXH@Z@Z 100084e0 f i libucrtd:signal.obj
 0001:000074e0       ?initialize@?$dual_state_global@P6AHPAU_exception@@@Z@__crt_state_management@@QAEXQ6AHPAU_exception@@@Z@Z 100084e0 f i libucrtd:matherr.obj
 0001:000074e0       ?initialize@?$dual_state_global@PAU__crt_multibyte_data@@@__crt_state_management@@QAEXQAU__crt_multibyte_data@@@Z 100084e0 f i libucrtd:mbctype.obj
 0001:000074e0       ?initialize@?$dual_state_global@PAU__crt_locale_data@@@__crt_state_management@@QAEXQAU__crt_locale_data@@@Z 100084e0 f i libucrtd:initialization.obj
 0001:000074e0       ?initialize@?$dual_state_global@P6AHI@Z@__crt_state_management@@QAEXQ6AHI@Z@Z 100084e0 f i libucrtd:new_handler.obj
 0001:00007520       ___acrt_initialize         10008520 f   libucrtd:initialization.obj
 0001:00007540       ___acrt_thread_attach      10008540 f   libucrtd:initialization.obj
 0001:00007560       ___acrt_thread_detach      10008560 f   libucrtd:initialization.obj
 0001:00007570       ___acrt_uninitialize       10008570 f   libucrtd:initialization.obj
 0001:00007590       ___acrt_uninitialize_critical 10008590 f   libucrtd:initialization.obj
 0001:000075b0       _terminate                 100085b0 f   libucrtd:terminate.obj
 0001:00007650       ??$__vcrt_va_start_verify_argument_type@QB_W@@YAXXZ 10008650 f i libucrtd:dbgrpt.obj
 0001:00007650       ??$__vcrt_va_start_verify_argument_type@QBD@@YAXXZ 10008650 f i libucrtd:debug_heap.obj
 0001:00007650       ?deallocate@__crt_win32_buffer_no_resizing@@SAXQAXABV__crt_win32_buffer_empty_debug_info@@@Z 10008650 f i libucrtd:findnextfilea.obj
 0001:00007660       ??0_LocaleUpdate@@QAE@QAU__crt_locale_pointers@@@Z 10008660 f i libucrtd:debug_heap.obj
 0001:00007740       ??1_LocaleUpdate@@QAE@XZ   10008740 f i libucrtd:debug_heap.obj
 0001:00007780       ?GetLocaleT@_LocaleUpdate@@QAEPAU__crt_locale_pointers@@XZ 10008780 f i libucrtd:debug_heap.obj
 0001:00009030       __CrtCheckMemory           1000a030 f   libucrtd:debug_heap.obj
 0001:000091c0       __CrtDumpMemoryLeaks       1000a1c0 f   libucrtd:debug_heap.obj
 0001:00009260       __CrtIsValidHeapPointer    1000a260 f   libucrtd:debug_heap.obj
 0001:00009290       __CrtIsValidPointer        1000a290 f   libucrtd:debug_heap.obj
 0001:000092c0       __CrtMemCheckpoint         1000a2c0 f   libucrtd:debug_heap.obj
 0001:000094f0       __CrtMemDumpAllObjectsSince 1000a4f0 f   libucrtd:debug_heap.obj
 0001:00009590       __CrtSetDbgFlag            1000a590 f   libucrtd:debug_heap.obj
 0001:00009700       __CrtSetDumpClient         1000a700 f   libucrtd:debug_heap.obj
 0001:00009720       ___acrt_get_locale_data_prefix 1000a720 f i libucrtd:debug_heap.obj
 0001:00009740       ___acrt_locale_changed     1000a740 f i libucrtd:debug_heap.obj
 0001:00009770       __calloc_dbg               1000a770 f   libucrtd:debug_heap.obj
 0001:000097e0       __chvalidchk_l             1000a7e0 f i libucrtd:debug_heap.obj
 0001:00009800       __free_dbg                 1000a800 f   libucrtd:debug_heap.obj
 0001:000098b0       __invoke_watson_if_oneof   1000a8b0 f i libucrtd:debug_heap.obj
 0001:000098f0       __ischartype_l             1000a8f0 f i libucrtd:debug_heap.obj
 0001:00009940       __malloc_dbg               1000a940 f   libucrtd:debug_heap.obj
 0001:00009960       __msize_dbg                1000a960 f   libucrtd:debug_heap.obj
 0001:00009af0       __realloc_dbg              1000aaf0 f   libucrtd:debug_heap.obj
 0001:00009b90       __recalloc_dbg             1000ab90 f   libucrtd:debug_heap.obj
 0001:00009f50       _strcpy_s                  1000af50 f   libucrtd:strcpy_s.obj
 0001:00009f70       _strcmp                    1000af70 f   libucrtd:strcmp.obj
 0001:0000a000       _strlen                    1000b000 f   libucrtd:strlen.obj
 0001:0000a090       ??$?0ABV?$string_output_adapter@D@__crt_stdio_output@@AB_KABQBDABQAU__crt_locale_pointers@@ABQAD@?$format_validation_base@DV?$string_output_adapter@D@__crt_stdio_output@@@__crt_stdio_output@@IAE@ABV?$string_output_adapter@D@1@AB_KABQBDABQAU__crt_locale_pointers@@ABQAD@Z 1000b090 f i libucrtd:output.obj
 0001:0000a0c0       ??$?0ABV?$string_output_adapter@D@__crt_stdio_output@@AB_KABQBDABQAU__crt_locale_pointers@@ABQAD@?$standard_base@DV?$string_output_adapter@D@__crt_stdio_output@@@__crt_stdio_output@@IAE@ABV?$string_output_adapter@D@1@AB_KABQBDABQAU__crt_locale_pointers@@ABQAD@Z 1000b0c0 f i libucrtd:output.obj
 0001:0000a110       ??$?0ABV?$string_output_adapter@_W@__crt_stdio_output@@AB_KABQB_WABQAU__crt_locale_pointers@@ABQAD@?$format_validation_base@_WV?$string_output_adapter@_W@__crt_stdio_output@@@__crt_stdio_output@@IAE@ABV?$string_output_adapter@_W@1@AB_KABQB_WABQAU__crt_locale_pointers@@ABQAD@Z 1000b110 f i libucrtd:output.obj
 0001:0000a140       ??$?0ABV?$string_output_adapter@_W@__crt_stdio_output@@AB_KABQB_WABQAU__crt_locale_pointers@@ABQAD@?$standard_base@_WV?$string_output_adapter@_W@__crt_stdio_output@@@__crt_stdio_output@@IAE@ABV?$string_output_adapter@_W@1@AB_KABQB_WABQAU__crt_locale_pointers@@ABQAD@Z 1000b140 f i libucrtd:output.obj
 0001:0000b450       ??$count@D@formatting_buffer@__crt_stdio_output@@QBEIXZ 1000c450 f i libucrtd:output.obj
 0001:0000b490       ??$count@_W@formatting_buffer@__crt_stdio_output@@QBEIXZ 1000c490 f i libucrtd:output.obj
 0001:0000b4d0       ??$data@D@formatting_buffer@__crt_stdio_output@@QAEPADXZ 1000c4d0 f i libucrtd:output.obj
 0001:0000b4d0       ??$data@_W@formatting_buffer@__crt_stdio_output@@QAEPA_WXZ 1000c4d0 f i libucrtd:output.obj
 0001:0000b510       ??$ensure_buffer_is_big_enough@D@formatting_buffer@__crt_stdio_output@@QAE_NI@Z 1000c510 f i libucrtd:output.obj
 0001:0000b5f0       ??$ensure_buffer_is_big_enough@_W@formatting_buffer@__crt_stdio_output@@QAE_NI@Z 1000c5f0 f i libucrtd:output.obj
 0001:0000b6e0       ??$extract_argument_from_va_list@C_J@?$standard_base@DV?$string_output_adapter@D@__crt_stdio_output@@@__crt_stdio_output@@IAE_NAA_J@Z 1000c6e0 f i libucrtd:output.obj
 0001:0000b6e0       ??$extract_argument_from_va_list@C_J@?$standard_base@_WV?$string_output_adapter@_W@__crt_stdio_output@@@__crt_stdio_output@@IAE_NAA_J@Z 1000c6e0 f i libucrtd:output.obj
 0001:0000b710       ??$extract_argument_from_va_list@E_J@?$standard_base@_WV?$string_output_adapter@_W@__crt_stdio_output@@@__crt_stdio_output@@IAE_NAA_J@Z 1000c710 f i libucrtd:output.obj
 0001:0000b710       ??$extract_argument_from_va_list@E_J@?$standard_base@DV?$string_output_adapter@D@__crt_stdio_output@@@__crt_stdio_output@@IAE_NAA_J@Z 1000c710 f i libucrtd:output.obj
 0001:0000b740       ??$extract_argument_from_va_list@F_J@?$standard_base@_WV?$string_output_adapter@_W@__crt_stdio_output@@@__crt_stdio_output@@IAE_NAA_J@Z 1000c740 f i libucrtd:output.obj
 0001:0000b740       ??$extract_argument_from_va_list@F_J@?$standard_base@DV?$string_output_adapter@D@__crt_stdio_output@@@__crt_stdio_output@@IAE_NAA_J@Z 1000c740 f i libucrtd:output.obj
 0001:0000b770       ??$extract_argument_from_va_list@GD@?$standard_base@DV?$string_output_adapter@D@__crt_stdio_output@@@__crt_stdio_output@@IAE_NAAD@Z 1000c770 f i libucrtd:output.obj
 0001:0000b7a0       ??$extract_argument_from_va_list@G_J@?$standard_base@_WV?$string_output_adapter@_W@__crt_stdio_output@@@__crt_stdio_output@@IAE_NAA_J@Z 1000c7a0 f i libucrtd:output.obj
 0001:0000b7a0       ??$extract_argument_from_va_list@G_J@?$standard_base@DV?$string_output_adapter@D@__crt_stdio_output@@@__crt_stdio_output@@IAE_NAA_J@Z 1000c7a0 f i libucrtd:output.obj
 0001:0000b7d0       ??$extract_argument_from_va_list@H_J@?$standard_base@DV?$string_output_adapter@D@__crt_stdio_output@@@__crt_stdio_output@@IAE_NAA_J@Z 1000c7d0 f i libucrtd:output.obj
 0001:0000b7d0       ??$extract_argument_from_va_list@H_J@?$standard_base@_WV?$string_output_adapter@_W@__crt_stdio_output@@@__crt_stdio_output@@IAE_NAA_J@Z 1000c7d0 f i libucrtd:output.obj
 0001:0000b800       ??$extract_argument_from_va_list@I_J@?$standard_base@_WV?$string_output_adapter@_W@__crt_stdio_output@@@__crt_stdio_output@@IAE_NAA_J@Z 1000c800 f i libucrtd:output.obj
 0001:0000b800       ??$extract_argument_from_va_list@I_J@?$standard_base@DV?$string_output_adapter@D@__crt_stdio_output@@@__crt_stdio_output@@IAE_NAA_J@Z 1000c800 f i libucrtd:output.obj
 0001:0000b830       ??$extract_argument_from_va_list@PADPAD@?$standard_base@DV?$string_output_adapter@D@__crt_stdio_output@@@__crt_stdio_output@@IAE_NAAPAD@Z 1000c830 f i libucrtd:output.obj
 0001:0000b830       ??$extract_argument_from_va_list@PAXPAX@?$standard_base@DV?$string_output_adapter@D@__crt_stdio_output@@@__crt_stdio_output@@IAE_NAAPAX@Z 1000c830 f i libucrtd:output.obj
 0001:0000b830       ??$extract_argument_from_va_list@PADPAD@?$standard_base@_WV?$string_output_adapter@_W@__crt_stdio_output@@@__crt_stdio_output@@IAE_NAAPAD@Z 1000c830 f i libucrtd:output.obj
 0001:0000b830       ??$extract_argument_from_va_list@PAXPAX@?$standard_base@_WV?$string_output_adapter@_W@__crt_stdio_output@@@__crt_stdio_output@@IAE_NAAPAX@Z 1000c830 f i libucrtd:output.obj
 0001:0000b890       ??$extract_argument_from_va_list@U_CRT_DOUBLE@@U1@@?$standard_base@DV?$string_output_adapter@D@__crt_stdio_output@@@__crt_stdio_output@@IAE_NAAU_CRT_DOUBLE@@@Z 1000c890 f i libucrtd:output.obj
 0001:0000b890       ??$extract_argument_from_va_list@U_CRT_DOUBLE@@U1@@?$standard_base@_WV?$string_output_adapter@_W@__crt_stdio_output@@@__crt_stdio_output@@IAE_NAAU_CRT_DOUBLE@@@Z 1000c890 f i libucrtd:output.obj
 0001:0000b8e0       ??$extract_argument_from_va_list@_K_J@?$standard_base@_WV?$string_output_adapter@_W@__crt_stdio_output@@@__crt_stdio_output@@IAE_NAA_J@Z 1000c8e0 f i libucrtd:output.obj
 0001:0000b8e0       ??$extract_argument_from_va_list@_J_J@?$standard_base@DV?$string_output_adapter@D@__crt_stdio_output@@@__crt_stdio_output@@IAE_NAA_J@Z 1000c8e0 f i libucrtd:output.obj
 0001:0000b8e0       ??$extract_argument_from_va_list@_J_J@?$standard_base@_WV?$string_output_adapter@_W@__crt_stdio_output@@@__crt_stdio_output@@IAE_NAA_J@Z 1000c8e0 f i libucrtd:output.obj
 0001:0000b8e0       ??$extract_argument_from_va_list@_K_J@?$standard_base@DV?$string_output_adapter@D@__crt_stdio_output@@@__crt_stdio_output@@IAE_NAA_J@Z 1000c8e0 f i libucrtd:output.obj
 0001:0000b910       ??$extract_argument_from_va_list@_W_W@?$standard_base@_WV?$string_output_adapter@_W@__crt_stdio_output@@@__crt_stdio_output@@IAE_NAA_W@Z 1000c910 f i libucrtd:output.obj
 0001:0000b910       ??$extract_argument_from_va_list@_W_W@?$standard_base@DV?$string_output_adapter@D@__crt_stdio_output@@@__crt_stdio_output@@IAE_NAA_W@Z 1000c910 f i libucrtd:output.obj
 0001:0000b940       ??$is_wide_character_specifier@D@__crt_stdio_output@@YA_N_KDW4length_modifier@0@@Z 1000c940 f i libucrtd:output.obj
 0001:0000b9c0       ??$is_wide_character_specifier@_W@__crt_stdio_output@@YA_N_K_WW4length_modifier@0@@Z 1000c9c0 f i libucrtd:output.obj
 0001:0000ba80       ??$read_va_arg@C@__crt_stdio_output@@YACAAPAD@Z 1000ca80 f i libucrtd:output.obj
 0001:0000ba80       ??$read_va_arg@E@__crt_stdio_output@@YAEAAPAD@Z 1000ca80 f i libucrtd:output.obj
 0001:0000baa0       ??$read_va_arg@_W@__crt_stdio_output@@YA_WAAPAD@Z 1000caa0 f i libucrtd:output.obj
 0001:0000baa0       ??$read_va_arg@G@__crt_stdio_output@@YAGAAPAD@Z 1000caa0 f i libucrtd:output.obj
 0001:0000baa0       ??$read_va_arg@F@__crt_stdio_output@@YAFAAPAD@Z 1000caa0 f i libucrtd:output.obj
 0001:0000bac0       ??$read_va_arg@I@__crt_stdio_output@@YAIAAPAD@Z 1000cac0 f i libucrtd:output.obj
 0001:0000bac0       ??$read_va_arg@PAX@__crt_stdio_output@@YAPAXAAPAD@Z 1000cac0 f i libucrtd:output.obj
 0001:0000bac0       ??$read_va_arg@PAD@__crt_stdio_output@@YAPADAAPAD@Z 1000cac0 f i libucrtd:output.obj
 0001:0000bac0       ??$read_va_arg@H@__crt_stdio_output@@YAHAAPAD@Z 1000cac0 f i libucrtd:output.obj
 0001:0000bae0       ??$read_va_arg@_J@__crt_stdio_output@@YA_JAAPAD@Z 1000cae0 f i libucrtd:output.obj
 0001:0000bae0       ??$read_va_arg@_K@__crt_stdio_output@@YA_KAAPAD@Z 1000cae0 f i libucrtd:output.obj
 0001:0000bae0       ??$read_va_arg@U_CRT_DOUBLE@@@__crt_stdio_output@@YA?AU_CRT_DOUBLE@@AAPAD@Z 1000cae0 f i libucrtd:output.obj
 0001:0000bb00       ??$scratch_count@D@formatting_buffer@__crt_stdio_output@@QBEIXZ 1000cb00 f i libucrtd:output.obj
 0001:0000bb20       ??$scratch_data@D@formatting_buffer@__crt_stdio_output@@QAEPADXZ 1000cb20 f i libucrtd:output.obj
 0001:0000bb70       ??$tcstol@PBDPAPADH@?$__crt_char_traits@D@@SAJ$$QAPBD$$QAPAPAD$$QAH@Z 1000cb70 f i libucrtd:output.obj
 0001:0000bba0       ??$tcstol@PB_WPAPA_WH@?$__crt_char_traits@_W@@SAJ$$QAPB_W$$QAPAPA_W$$QAH@Z 1000cba0 f i libucrtd:output.obj
 0001:0000bbd0       ??$type_case_integer_parse_into_buffer@I@?$output_processor@DV?$string_output_adapter@D@__crt_stdio_output@@V?$format_validation_base@DV?$string_output_adapter@D@__crt_stdio_output@@@2@@__crt_stdio_output@@AAEXII_N@Z 1000cbd0 f i libucrtd:output.obj
 0001:0000bca0       ??$type_case_integer_parse_into_buffer@I@?$output_processor@_WV?$string_output_adapter@_W@__crt_stdio_output@@V?$format_validation_base@_WV?$string_output_adapter@_W@__crt_stdio_output@@@2@@__crt_stdio_output@@AAEXII_N@Z 1000cca0 f i libucrtd:output.obj
 0001:0000bd80       ??$type_case_integer_parse_into_buffer@_K@?$output_processor@DV?$string_output_adapter@D@__crt_stdio_output@@V?$format_validation_base@DV?$string_output_adapter@D@__crt_stdio_output@@@2@@__crt_stdio_output@@AAEX_KI_N@Z 1000cd80 f i libucrtd:output.obj
 0001:0000be80       ??$type_case_integer_parse_into_buffer@_K@?$output_processor@_WV?$string_output_adapter@_W@__crt_stdio_output@@V?$format_validation_base@_WV?$string_output_adapter@_W@__crt_stdio_output@@@2@@__crt_stdio_output@@AAEX_KI_N@Z 1000ce80 f i libucrtd:output.obj
 0001:0000bf80       ??$write_multiple_characters@V?$string_output_adapter@D@__crt_stdio_output@@D@__crt_stdio_output@@YAXABV?$string_output_adapter@D@0@DHQAH@Z 1000cf80 f i libucrtd:output.obj
 0001:0000bfd0       ??$write_multiple_characters@V?$string_output_adapter@_W@__crt_stdio_output@@D@__crt_stdio_output@@YAXABV?$string_output_adapter@_W@0@DHQAH@Z 1000cfd0 f i libucrtd:output.obj
 0001:0000c020       ??0?$common_data@D@__crt_stdio_output@@IAE@XZ 1000d020 f i libucrtd:output.obj
 0001:0000c0d0       ??0?$common_data@_W@__crt_stdio_output@@IAE@XZ 1000d0d0 f i libucrtd:output.obj
 0001:0000c180       ??0?$output_adapter_data@DV?$string_output_adapter@D@__crt_stdio_output@@@__crt_stdio_output@@IAE@ABV?$string_output_adapter@D@1@_KQBDQAU__crt_locale_pointers@@QAD@Z 1000d180 f i libucrtd:output.obj
 0001:0000c1e0       ??0?$output_adapter_data@_WV?$string_output_adapter@_W@__crt_stdio_output@@@__crt_stdio_output@@IAE@ABV?$string_output_adapter@_W@1@_KQB_WQAU__crt_locale_pointers@@QAD@Z 1000d1e0 f i libucrtd:output.obj
 0001:0000c240       ??0?$output_processor@DV?$string_output_adapter@D@__crt_stdio_output@@V?$format_validation_base@DV?$string_output_adapter@D@__crt_stdio_output@@@2@@__crt_stdio_output@@QAE@ABV?$string_output_adapter@D@1@_KQBDQAU__crt_locale_pointers@@QAD@Z 1000d240 f i libucrtd:output.obj
 0001:0000c270       ??0?$output_processor@_WV?$string_output_adapter@_W@__crt_stdio_output@@V?$format_validation_base@_WV?$string_output_adapter@_W@__crt_stdio_output@@@2@@__crt_stdio_output@@QAE@ABV?$string_output_adapter@_W@1@_KQB_WQAU__crt_locale_pointers@@QAD@Z 1000d270 f i libucrtd:output.obj
 0001:0000c2a0       ??0__crt_deferred_errno_cache@@QAE@XZ 1000d2a0 f i libucrtd:output.obj
 0001:0000c2c0       ??0__crt_errno_guard@@QAE@QAH@Z 1000d2c0 f i libucrtd:output.obj
 0001:0000c2f0       ??0formatting_buffer@__crt_stdio_output@@QAE@XZ 1000d2f0 f i libucrtd:output.obj
 0001:0000c320       ??1?$common_data@_W@__crt_stdio_output@@QAE@XZ 1000d320 f i libucrtd:output.obj
 0001:0000c320       ??1?$common_data@D@__crt_stdio_output@@QAE@XZ 1000d320 f i libucrtd:output.obj
 0001:0000c340       ??1?$format_validation_base@_WV?$string_output_adapter@_W@__crt_stdio_output@@@__crt_stdio_output@@QAE@XZ 1000d340 f i libucrtd:output.obj
 0001:0000c340       ??1?$format_validation_base@DV?$string_output_adapter@D@__crt_stdio_output@@@__crt_stdio_output@@QAE@XZ 1000d340 f i libucrtd:output.obj
 0001:0000c360       ??1?$output_adapter_data@_WV?$string_output_adapter@_W@__crt_stdio_output@@@__crt_stdio_output@@QAE@XZ 1000d360 f i libucrtd:output.obj
 0001:0000c360       ??1?$output_adapter_data@DV?$string_output_adapter@D@__crt_stdio_output@@@__crt_stdio_output@@QAE@XZ 1000d360 f i libucrtd:output.obj
 0001:0000c380       ??1?$output_processor@_WV?$string_output_adapter@_W@__crt_stdio_output@@V?$format_validation_base@_WV?$string_output_adapter@_W@__crt_stdio_output@@@2@@__crt_stdio_output@@QAE@XZ 1000d380 f i libucrtd:output.obj
 0001:0000c380       ??1?$output_processor@DV?$string_output_adapter@D@__crt_stdio_output@@V?$format_validation_base@DV?$string_output_adapter@D@__crt_stdio_output@@@2@@__crt_stdio_output@@QAE@XZ 1000d380 f i libucrtd:output.obj
 0001:0000c3a0       ??1?$standard_base@_WV?$string_output_adapter@_W@__crt_stdio_output@@@__crt_stdio_output@@QAE@XZ 1000d3a0 f i libucrtd:output.obj
 0001:0000c3a0       ??1?$standard_base@DV?$string_output_adapter@D@__crt_stdio_output@@@__crt_stdio_output@@QAE@XZ 1000d3a0 f i libucrtd:output.obj
 0001:0000c3c0       ??1__crt_errno_guard@@QAE@XZ 1000d3c0 f i libucrtd:output.obj
 0001:0000c3f0       ??1formatting_buffer@__crt_stdio_output@@QAE@XZ 1000d3f0 f i libucrtd:output.obj
 0001:0000c410       ??4?$__crt_unique_heap_ptr@DU__crt_internal_free_policy@@@@QAEAAV0@$$QAV0@@Z 1000d410 f i libucrtd:output.obj
 0001:0000c440       ?adjust_hexit@?$output_processor@DV?$string_output_adapter@D@__crt_stdio_output@@V?$format_validation_base@DV?$string_output_adapter@D@__crt_stdio_output@@@2@@__crt_stdio_output@@CADH_N@Z 1000d440 f i libucrtd:output.obj
 0001:0000c440       ?adjust_hexit@?$output_processor@_WV?$string_output_adapter@_W@__crt_stdio_output@@V?$format_validation_base@_WV?$string_output_adapter@_W@__crt_stdio_output@@@2@@__crt_stdio_output@@CADH_N@Z 1000d440 f i libucrtd:output.obj
 0001:0000c480       ?advance_to_next_pass@?$standard_base@DV?$string_output_adapter@D@__crt_stdio_output@@@__crt_stdio_output@@IAE_NXZ 1000d480 f i libucrtd:output.obj
 0001:0000c480       ?advance_to_next_pass@?$standard_base@_WV?$string_output_adapter@_W@__crt_stdio_output@@@__crt_stdio_output@@IAE_NXZ 1000d480 f i libucrtd:output.obj
 0001:0000c4d0       ?crop_zeroes@__crt_stdio_output@@YAXPADQAU__crt_locale_pointers@@@Z 1000d4d0 f i libucrtd:output.obj
 0001:0000c5d0       ?find_next_state@?$output_processor@DV?$string_output_adapter@D@__crt_stdio_output@@V?$format_validation_base@DV?$string_output_adapter@D@__crt_stdio_output@@@2@@__crt_stdio_output@@ABE?AW4state@2@DW432@@Z 1000d5d0 f i libucrtd:output.obj
 0001:0000c650       ?find_next_state@?$output_processor@_WV?$string_output_adapter@_W@__crt_stdio_output@@V?$format_validation_base@_WV?$string_output_adapter@_W@__crt_stdio_output@@@2@@__crt_stdio_output@@ABE?AW4state@2@_WW432@@Z 1000d650 f i libucrtd:output.obj
 0001:0000c6d0       ?force_decimal_point@__crt_stdio_output@@YAXPADQAU__crt_locale_pointers@@@Z 1000d6d0 f i libucrtd:output.obj
 0001:0000c780       ?get@__crt_deferred_errno_cache@@QAEAAHXZ 1000d780 f i libucrtd:output.obj
 0001:0000c7b0       ?get_flags@__crt_stdio_stream@@QBEJXZ 1000d7b0 f i libucrtd:output.obj
 0001:0000c7d0       ?has_flag@?$output_processor@DV?$string_output_adapter@D@__crt_stdio_output@@V?$format_validation_base@DV?$string_output_adapter@D@__crt_stdio_output@@@2@@__crt_stdio_output@@ABE_NI@Z 1000d7d0 f i libucrtd:output.obj
 0001:0000c7d0       ?has_flag@?$output_processor@_WV?$string_output_adapter@_W@__crt_stdio_output@@V?$format_validation_base@_WV?$string_output_adapter@_W@__crt_stdio_output@@@2@@__crt_stdio_output@@ABE_NI@Z 1000d7d0 f i libucrtd:output.obj
 0001:0000c800       ?is_string_backed@__crt_stdio_stream@@QBE_NXZ 1000d800 f i libucrtd:output.obj
 0001:0000c840       ?narrow_null_string@?$output_processor@DV?$string_output_adapter@D@__crt_stdio_output@@V?$format_validation_base@DV?$string_output_adapter@D@__crt_stdio_output@@@2@@__crt_stdio_output@@CAPADXZ 1000d840 f i libucrtd:output.obj
 0001:0000c840       ?narrow_null_string@?$output_processor@_WV?$string_output_adapter@_W@__crt_stdio_output@@V?$format_validation_base@_WV?$string_output_adapter@_W@__crt_stdio_output@@@2@@__crt_stdio_output@@CAPADXZ 1000d840 f i libucrtd:output.obj
 0001:0000c850       ?parse_int_from_format_string@?$output_processor@DV?$string_output_adapter@D@__crt_stdio_output@@V?$format_validation_base@DV?$string_output_adapter@D@__crt_stdio_output@@@2@@__crt_stdio_output@@AAE_NQAH@Z 1000d850 f i libucrtd:output.obj
 0001:0000c910       ?parse_int_from_format_string@?$output_processor@_WV?$string_output_adapter@_W@__crt_stdio_output@@V?$format_validation_base@_WV?$string_output_adapter@_W@__crt_stdio_output@@@2@@__crt_stdio_output@@AAE_NQAH@Z 1000d910 f i libucrtd:output.obj
 0001:0000c9d0       ?process@?$output_processor@DV?$string_output_adapter@D@__crt_stdio_output@@V?$format_validation_base@DV?$string_output_adapter@D@__crt_stdio_output@@@2@@__crt_stdio_output@@QAEHXZ 1000d9d0 f i libucrtd:output.obj
 0001:0000cc80       ?process@?$output_processor@_WV?$string_output_adapter@_W@__crt_stdio_output@@V?$format_validation_base@_WV?$string_output_adapter@_W@__crt_stdio_output@@@2@@__crt_stdio_output@@QAEHXZ 1000dc80 f i libucrtd:output.obj
 0001:0000cf30       ?set_flag@?$output_processor@DV?$string_output_adapter@D@__crt_stdio_output@@V?$format_validation_base@DV?$string_output_adapter@D@__crt_stdio_output@@@2@@__crt_stdio_output@@AAEXI@Z 1000df30 f i libucrtd:output.obj
 0001:0000cf30       ?set_flag@?$output_processor@_WV?$string_output_adapter@_W@__crt_stdio_output@@V?$format_validation_base@_WV?$string_output_adapter@_W@__crt_stdio_output@@@2@@__crt_stdio_output@@AAEXI@Z 1000df30 f i libucrtd:output.obj
 0001:0000cf50       ?should_format@?$standard_base@_WV?$string_output_adapter@_W@__crt_stdio_output@@@__crt_stdio_output@@IAE_NXZ 1000df50 f i libucrtd:output.obj
 0001:0000cf50       ?validate_state_for_type_case_a@?$standard_base@DV?$string_output_adapter@D@__crt_stdio_output@@@__crt_stdio_output@@IBE_NXZ 1000df50 f i libucrtd:output.obj
 0001:0000cf50       ?validate_and_update_state_at_beginning_of_format_character@?$standard_base@DV?$string_output_adapter@D@__crt_stdio_output@@@__crt_stdio_output@@IAE_NXZ 1000df50 f i libucrtd:output.obj
 0001:0000cf50       ?should_format@?$standard_base@DV?$string_output_adapter@D@__crt_stdio_output@@@__crt_stdio_output@@IAE_NXZ 1000df50 f i libucrtd:output.obj
 0001:0000cf50       ?validate_and_update_state_at_beginning_of_format_character@?$standard_base@_WV?$string_output_adapter@_W@__crt_stdio_output@@@__crt_stdio_output@@IAE_NXZ 1000df50 f i libucrtd:output.obj
 0001:0000cf50       ?validate_state_for_type_case_a@?$standard_base@_WV?$string_output_adapter@_W@__crt_stdio_output@@@__crt_stdio_output@@IBE_NXZ 1000df50 f i libucrtd:output.obj
 0001:0000cf60       ?should_skip_normal_state_processing@?$standard_base@_WV?$string_output_adapter@_W@__crt_stdio_output@@@__crt_stdio_output@@IAE_NXZ 1000df60 f i libucrtd:output.obj
 0001:0000cf60       ?should_skip_normal_state_processing@?$standard_base@DV?$string_output_adapter@D@__crt_stdio_output@@@__crt_stdio_output@@IAE_NXZ 1000df60 f i libucrtd:output.obj
 0001:0000cf60       ?should_skip_type_state_output@?$standard_base@_WV?$string_output_adapter@_W@__crt_stdio_output@@@__crt_stdio_output@@IBE_NXZ 1000df60 f i libucrtd:output.obj
 0001:0000cf60       ?should_skip_type_state_output@?$standard_base@DV?$string_output_adapter@D@__crt_stdio_output@@@__crt_stdio_output@@IBE_NXZ 1000df60 f i libucrtd:output.obj
 0001:0000cf70       ?state_case_dot@?$output_processor@DV?$string_output_adapter@D@__crt_stdio_output@@V?$format_validation_base@DV?$string_output_adapter@D@__crt_stdio_output@@@2@@__crt_stdio_output@@AAE_NXZ 1000df70 f i libucrtd:output.obj
 0001:0000cf70       ?state_case_dot@?$output_processor@_WV?$string_output_adapter@_W@__crt_stdio_output@@V?$format_validation_base@_WV?$string_output_adapter@_W@__crt_stdio_output@@@2@@__crt_stdio_output@@AAE_NXZ 1000df70 f i libucrtd:output.obj
 0001:0000cf90       ?state_case_flag@?$output_processor@DV?$string_output_adapter@D@__crt_stdio_output@@V?$format_validation_base@DV?$string_output_adapter@D@__crt_stdio_output@@@2@@__crt_stdio_output@@AAE_NXZ 1000df90 f i libucrtd:output.obj
 0001:0000d040       ?state_case_flag@?$output_processor@_WV?$string_output_adapter@_W@__crt_stdio_output@@V?$format_validation_base@_WV?$string_output_adapter@_W@__crt_stdio_output@@@2@@__crt_stdio_output@@AAE_NXZ 1000e040 f i libucrtd:output.obj
 0001:0000d0f0       ?state_case_normal@?$output_processor@DV?$string_output_adapter@D@__crt_stdio_output@@V?$format_validation_base@DV?$string_output_adapter@D@__crt_stdio_output@@@2@@__crt_stdio_output@@AAE_NXZ 1000e0f0 f i libucrtd:output.obj
 0001:0000d1a0       ?state_case_normal@?$output_processor@_WV?$string_output_adapter@_W@__crt_stdio_output@@V?$format_validation_base@_WV?$string_output_adapter@_W@__crt_stdio_output@@@2@@__crt_stdio_output@@AAE_NXZ 1000e1a0 f i libucrtd:output.obj
 0001:0000d250       ?state_case_normal_common@?$output_processor@DV?$string_output_adapter@D@__crt_stdio_output@@V?$format_validation_base@DV?$string_output_adapter@D@__crt_stdio_output@@@2@@__crt_stdio_output@@AAE_NXZ 1000e250 f i libucrtd:output.obj
 0001:0000d2a0       ?state_case_normal_common@?$output_processor@_WV?$string_output_adapter@_W@__crt_stdio_output@@V?$format_validation_base@_WV?$string_output_adapter@_W@__crt_stdio_output@@@2@@__crt_stdio_output@@AAE_NXZ 1000e2a0 f i libucrtd:output.obj
 0001:0000d2f0       ?state_case_normal_tchar@?$output_processor@DV?$string_output_adapter@D@__crt_stdio_output@@V?$format_validation_base@DV?$string_output_adapter@D@__crt_stdio_output@@@2@@__crt_stdio_output@@AAE_ND@Z 1000e2f0 f i libucrtd:output.obj
 0001:0000d3f0       ?state_case_normal_tchar@?$output_processor@_WV?$string_output_adapter@_W@__crt_stdio_output@@V?$format_validation_base@_WV?$string_output_adapter@_W@__crt_stdio_output@@@2@@__crt_stdio_output@@AAE_N_W@Z 1000e3f0 f i libucrtd:output.obj
 0001:0000d410       ?state_case_percent@?$output_processor@DV?$string_output_adapter@D@__crt_stdio_output@@V?$format_validation_base@DV?$string_output_adapter@D@__crt_stdio_output@@@2@@__crt_stdio_output@@AAE_NXZ 1000e410 f i libucrtd:output.obj
 0001:0000d410       ?state_case_percent@?$output_processor@_WV?$string_output_adapter@_W@__crt_stdio_output@@V?$format_validation_base@_WV?$string_output_adapter@_W@__crt_stdio_output@@@2@@__crt_stdio_output@@AAE_NXZ 1000e410 f i libucrtd:output.obj
 0001:0000d460       ?state_case_precision@?$output_processor@DV?$string_output_adapter@D@__crt_stdio_output@@V?$format_validation_base@DV?$string_output_adapter@D@__crt_stdio_output@@@2@@__crt_stdio_output@@AAE_NXZ 1000e460 f i libucrtd:output.obj
 0001:0000d4d0       ?state_case_precision@?$output_processor@_WV?$string_output_adapter@_W@__crt_stdio_output@@V?$format_validation_base@_WV?$string_output_adapter@_W@__crt_stdio_output@@@2@@__crt_stdio_output@@AAE_NXZ 1000e4d0 f i libucrtd:output.obj
 0001:0000d540       ?state_case_size@?$output_processor@DV?$string_output_adapter@D@__crt_stdio_output@@V?$format_validation_base@DV?$string_output_adapter@D@__crt_stdio_output@@@2@@__crt_stdio_output@@AAE_NXZ 1000e540 f i libucrtd:output.obj
 0001:0000d910       ?state_case_size@?$output_processor@_WV?$string_output_adapter@_W@__crt_stdio_output@@V?$format_validation_base@_WV?$string_output_adapter@_W@__crt_stdio_output@@@2@@__crt_stdio_output@@AAE_NXZ 1000e910 f i libucrtd:output.obj
 0001:0000dce0       ?state_case_type@?$output_processor@DV?$string_output_adapter@D@__crt_stdio_output@@V?$format_validation_base@DV?$string_output_adapter@D@__crt_stdio_output@@@2@@__crt_stdio_output@@AAE_NXZ 1000ece0 f i libucrtd:output.obj
 0001:0000e090       ?state_case_type@?$output_processor@_WV?$string_output_adapter@_W@__crt_stdio_output@@V?$format_validation_base@_WV?$string_output_adapter@_W@__crt_stdio_output@@@2@@__crt_stdio_output@@AAE_NXZ 1000f090 f i libucrtd:output.obj
 0001:0000e470       ?state_case_width@?$output_processor@DV?$string_output_adapter@D@__crt_stdio_output@@V?$format_validation_base@DV?$string_output_adapter@D@__crt_stdio_output@@@2@@__crt_stdio_output@@AAE_NXZ 1000f470 f i libucrtd:output.obj
 0001:0000e4f0       ?state_case_width@?$output_processor@_WV?$string_output_adapter@_W@__crt_stdio_output@@V?$format_validation_base@_WV?$string_output_adapter@_W@__crt_stdio_output@@@2@@__crt_stdio_output@@AAE_NXZ 1000f4f0 f i libucrtd:output.obj
 0001:0000e570       ?state_count@?$format_validation_base@DV?$string_output_adapter@D@__crt_stdio_output@@@__crt_stdio_output@@KAIXZ 1000f570 f i libucrtd:output.obj
 0001:0000e570       ?state_count@?$format_validation_base@_WV?$string_output_adapter@_W@__crt_stdio_output@@@__crt_stdio_output@@KAIXZ 1000f570 f i libucrtd:output.obj
 0001:0000e580       ?state_transition_table@?$format_validation_base@_WV?$string_output_adapter@_W@__crt_stdio_output@@@__crt_stdio_output@@KAPBEXZ 1000f580 f i libucrtd:output.obj
 0001:0000e580       ?state_transition_table@?$format_validation_base@DV?$string_output_adapter@D@__crt_stdio_output@@@__crt_stdio_output@@KAPBEXZ 1000f580 f i libucrtd:output.obj
 0001:0000e590       ?tchar_string@?$common_data@D@__crt_stdio_output@@IAEAAPADD@Z 1000f590 f i libucrtd:output.obj
 0001:0000e590       ?tchar_string@?$common_data@_W@__crt_stdio_output@@IAEAAPA_W_W@Z 1000f590 f i libucrtd:output.obj
 0001:0000e5b0       ?tchar_string@?$common_data@D@__crt_stdio_output@@IAEAAPADXZ 1000f5b0 f i libucrtd:output.obj
 0001:0000e5b0       ?tchar_string@?$common_data@_W@__crt_stdio_output@@IAEAAPA_WXZ 1000f5b0 f i libucrtd:output.obj
 0001:0000e5d0       ?to_integer_size@__crt_stdio_output@@YAIW4length_modifier@1@@Z 1000f5d0 f i libucrtd:output.obj
 0001:0000e670       ?type_case_X@?$output_processor@DV?$string_output_adapter@D@__crt_stdio_output@@V?$format_validation_base@DV?$string_output_adapter@D@__crt_stdio_output@@@2@@__crt_stdio_output@@AAE_NXZ 1000f670 f i libucrtd:output.obj
 0001:0000e690       ?type_case_X@?$output_processor@_WV?$string_output_adapter@_W@__crt_stdio_output@@V?$format_validation_base@_WV?$string_output_adapter@_W@__crt_stdio_output@@@2@@__crt_stdio_output@@AAE_NXZ 1000f690 f i libucrtd:output.obj
 0001:0000e6b0       ?type_case_Z@?$output_processor@DV?$string_output_adapter@D@__crt_stdio_output@@V?$format_validation_base@DV?$string_output_adapter@D@__crt_stdio_output@@@2@@__crt_stdio_output@@AAE_NXZ 1000f6b0 f i libucrtd:output.obj
 0001:0000e7a0       ?type_case_Z@?$output_processor@_WV?$string_output_adapter@_W@__crt_stdio_output@@V?$format_validation_base@_WV?$string_output_adapter@_W@__crt_stdio_output@@@2@@__crt_stdio_output@@AAE_NXZ 1000f7a0 f i libucrtd:output.obj
 0001:0000e890       ?type_case_a@?$output_processor@DV?$string_output_adapter@D@__crt_stdio_output@@V?$format_validation_base@DV?$string_output_adapter@D@__crt_stdio_output@@@2@@__crt_stdio_output@@AAE_NXZ 1000f890 f i libucrtd:output.obj
 0001:0000eb00       ?type_case_a@?$output_processor@_WV?$string_output_adapter@_W@__crt_stdio_output@@V?$format_validation_base@_WV?$string_output_adapter@_W@__crt_stdio_output@@@2@@__crt_stdio_output@@AAE_NXZ 1000fb00 f i libucrtd:output.obj
 0001:0000ed70       ?type_case_c@?$output_processor@DV?$string_output_adapter@D@__crt_stdio_output@@V?$format_validation_base@DV?$string_output_adapter@D@__crt_stdio_output@@@2@@__crt_stdio_output@@AAE_NXZ 1000fd70 f i libucrtd:output.obj
 0001:0000ed90       ?type_case_c@?$output_processor@_WV?$string_output_adapter@_W@__crt_stdio_output@@V?$format_validation_base@_WV?$string_output_adapter@_W@__crt_stdio_output@@@2@@__crt_stdio_output@@AAE_NXZ 1000fd90 f i libucrtd:output.obj
 0001:0000edb0       ?type_case_c_tchar@?$output_processor@DV?$string_output_adapter@D@__crt_stdio_output@@V?$format_validation_base@DV?$string_output_adapter@D@__crt_stdio_output@@@2@@__crt_stdio_output@@AAE_ND@Z 1000fdb0 f i libucrtd:output.obj
 0001:0000eec0       ?type_case_c_tchar@?$output_processor@_WV?$string_output_adapter@_W@__crt_stdio_output@@V?$format_validation_base@_WV?$string_output_adapter@_W@__crt_stdio_output@@@2@@__crt_stdio_output@@AAE_N_W@Z 1000fec0 f i libucrtd:output.obj
 0001:0000efc0       ?type_case_d@?$output_processor@DV?$string_output_adapter@D@__crt_stdio_output@@V?$format_validation_base@DV?$string_output_adapter@D@__crt_stdio_output@@@2@@__crt_stdio_output@@AAE_NXZ 1000ffc0 f i libucrtd:output.obj
 0001:0000eff0       ?type_case_d@?$output_processor@_WV?$string_output_adapter@_W@__crt_stdio_output@@V?$format_validation_base@_WV?$string_output_adapter@_W@__crt_stdio_output@@@2@@__crt_stdio_output@@AAE_NXZ 1000fff0 f i libucrtd:output.obj
 0001:0000f020       ?type_case_integer@?$output_processor@DV?$string_output_adapter@D@__crt_stdio_output@@V?$format_validation_base@DV?$string_output_adapter@D@__crt_stdio_output@@@2@@__crt_stdio_output@@AAE_NI_N@Z 10010020 f i libucrtd:output.obj
 0001:0000f370       ?type_case_integer@?$output_processor@_WV?$string_output_adapter@_W@__crt_stdio_output@@V?$format_validation_base@_WV?$string_output_adapter@_W@__crt_stdio_output@@@2@@__crt_stdio_output@@AAE_NI_N@Z 10010370 f i libucrtd:output.obj
 0001:0000f6c0       ?type_case_n@?$output_processor@DV?$string_output_adapter@D@__crt_stdio_output@@V?$format_validation_base@DV?$string_output_adapter@D@__crt_stdio_output@@@2@@__crt_stdio_output@@AAE_NXZ 100106c0 f i libucrtd:output.obj
 0001:0000f8b0       ?type_case_n@?$output_processor@_WV?$string_output_adapter@_W@__crt_stdio_output@@V?$format_validation_base@_WV?$string_output_adapter@_W@__crt_stdio_output@@@2@@__crt_stdio_output@@AAE_NXZ 100108b0 f i libucrtd:output.obj
 0001:0000faa0       ?type_case_o@?$output_processor@DV?$string_output_adapter@D@__crt_stdio_output@@V?$format_validation_base@DV?$string_output_adapter@D@__crt_stdio_output@@@2@@__crt_stdio_output@@AAE_NXZ 10010aa0 f i libucrtd:output.obj
 0001:0000fae0       ?type_case_o@?$output_processor@_WV?$string_output_adapter@_W@__crt_stdio_output@@V?$format_validation_base@_WV?$string_output_adapter@_W@__crt_stdio_output@@@2@@__crt_stdio_output@@AAE_NXZ 10010ae0 f i libucrtd:output.obj
 0001:0000fb20       ?type_case_p@?$output_processor@DV?$string_output_adapter@D@__crt_stdio_output@@V?$format_validation_base@DV?$string_output_adapter@D@__crt_stdio_output@@@2@@__crt_stdio_output@@AAE_NXZ 10010b20 f i libucrtd:output.obj
 0001:0000fb50       ?type_case_p@?$output_processor@_WV?$string_output_adapter@_W@__crt_stdio_output@@V?$format_validation_base@_WV?$string_output_adapter@_W@__crt_stdio_output@@@2@@__crt_stdio_output@@AAE_NXZ 10010b50 f i libucrtd:output.obj
 0001:0000fb80       ?type_case_s@?$output_processor@DV?$string_output_adapter@D@__crt_stdio_output@@V?$format_validation_base@DV?$string_output_adapter@D@__crt_stdio_output@@@2@@__crt_stdio_output@@AAE_NXZ 10010b80 f i libucrtd:output.obj
 0001:0000fc70       ?type_case_s@?$output_processor@_WV?$string_output_adapter@_W@__crt_stdio_output@@V?$format_validation_base@_WV?$string_output_adapter@_W@__crt_stdio_output@@@2@@__crt_stdio_output@@AAE_NXZ 10010c70 f i libucrtd:output.obj
 0001:0000fd60       ?type_case_s_compute_narrow_string_length@?$output_processor@DV?$string_output_adapter@D@__crt_stdio_output@@V?$format_validation_base@DV?$string_output_adapter@D@__crt_stdio_output@@@2@@__crt_stdio_output@@ABEHHD@Z 10010d60 f i libucrtd:output.obj
 0001:0000fd90       ?type_case_s_compute_narrow_string_length@?$output_processor@_WV?$string_output_adapter@_W@__crt_stdio_output@@V?$format_validation_base@_WV?$string_output_adapter@_W@__crt_stdio_output@@@2@@__crt_stdio_output@@ABEHH_W@Z 10010d90 f i libucrtd:output.obj
 0001:0000fe00       ?type_case_u@?$output_processor@DV?$string_output_adapter@D@__crt_stdio_output@@V?$format_validation_base@DV?$string_output_adapter@D@__crt_stdio_output@@@2@@__crt_stdio_output@@AAE_NXZ 10010e00 f i libucrtd:output.obj
 0001:0000fe20       ?type_case_u@?$output_processor@_WV?$string_output_adapter@_W@__crt_stdio_output@@V?$format_validation_base@_WV?$string_output_adapter@_W@__crt_stdio_output@@@2@@__crt_stdio_output@@AAE_NXZ 10010e20 f i libucrtd:output.obj
 0001:0000fe40       ?type_case_x@?$output_processor@DV?$string_output_adapter@D@__crt_stdio_output@@V?$format_validation_base@DV?$string_output_adapter@D@__crt_stdio_output@@@2@@__crt_stdio_output@@AAE_NXZ 10010e40 f i libucrtd:output.obj
 0001:0000fe60       ?type_case_x@?$output_processor@_WV?$string_output_adapter@_W@__crt_stdio_output@@V?$format_validation_base@_WV?$string_output_adapter@_W@__crt_stdio_output@@@2@@__crt_stdio_output@@AAE_NXZ 10010e60 f i libucrtd:output.obj
 0001:0000fe80       ?unset_flag@?$output_processor@_WV?$string_output_adapter@_W@__crt_stdio_output@@V?$format_validation_base@_WV?$string_output_adapter@_W@__crt_stdio_output@@@2@@__crt_stdio_output@@AAEXI@Z 10010e80 f i libucrtd:output.obj
 0001:0000fe80       ?unset_flag@?$output_processor@DV?$string_output_adapter@D@__crt_stdio_output@@V?$format_validation_base@DV?$string_output_adapter@D@__crt_stdio_output@@@2@@__crt_stdio_output@@AAEXI@Z 10010e80 f i libucrtd:output.obj
 0001:0000fea0       ?update_field_width@?$standard_base@DV?$string_output_adapter@D@__crt_stdio_output@@@__crt_stdio_output@@IAE_NXZ 10010ea0 f i libucrtd:output.obj
 0001:0000fea0       ?update_field_width@?$standard_base@_WV?$string_output_adapter@_W@__crt_stdio_output@@@__crt_stdio_output@@IAE_NXZ 10010ea0 f i libucrtd:output.obj
 0001:0000fed0       ?update_precision@?$standard_base@_WV?$string_output_adapter@_W@__crt_stdio_output@@@__crt_stdio_output@@IAE_NXZ 10010ed0 f i libucrtd:output.obj
 0001:0000fed0       ?update_precision@?$standard_base@DV?$string_output_adapter@D@__crt_stdio_output@@@__crt_stdio_output@@IAE_NXZ 10010ed0 f i libucrtd:output.obj
 0001:0000ff00       ?validate@?$string_output_adapter@D@__crt_stdio_output@@QBE_NXZ 10010f00 f i libucrtd:output.obj
 0001:0000ffa0       ?validate@?$string_output_adapter@_W@__crt_stdio_output@@QBE_NXZ 10010fa0 f i libucrtd:output.obj
 0001:00010030       ?validate_and_update_state_at_end_of_format_string@?$format_validation_base@DV?$string_output_adapter@D@__crt_stdio_output@@@__crt_stdio_output@@IBE_NXZ 10011030 f i libucrtd:output.obj
 0001:000100d0       ?validate_and_update_state_at_end_of_format_string@?$format_validation_base@_WV?$string_output_adapter@_W@__crt_stdio_output@@@__crt_stdio_output@@IBE_NXZ 100110d0 f i libucrtd:output.obj
 0001:00010170       ?wide_null_string@?$output_processor@_WV?$string_output_adapter@_W@__crt_stdio_output@@V?$format_validation_base@_WV?$string_output_adapter@_W@__crt_stdio_output@@@2@@__crt_stdio_output@@CAPA_WXZ 10011170 f i libucrtd:output.obj
 0001:00010170       ?wide_null_string@?$output_processor@DV?$string_output_adapter@D@__crt_stdio_output@@V?$format_validation_base@DV?$string_output_adapter@D@__crt_stdio_output@@@2@@__crt_stdio_output@@CAPA_WXZ 10011170 f i libucrtd:output.obj
 0001:00010180       ?write_character@?$string_output_adapter@D@__crt_stdio_output@@QBE_NDQAH@Z 10011180 f i libucrtd:output.obj
 0001:00010210       ?write_character@?$string_output_adapter@_W@__crt_stdio_output@@QBE_N_WQAH@Z 10011210 f i libucrtd:output.obj
 0001:000102b0       ?write_stored_string_tchar@?$output_processor@DV?$string_output_adapter@D@__crt_stdio_output@@V?$format_validation_base@DV?$string_output_adapter@D@__crt_stdio_output@@@2@@__crt_stdio_output@@AAE_ND@Z 100112b0 f i libucrtd:output.obj
 0001:000103c0       ?write_stored_string_tchar@?$output_processor@_WV?$string_output_adapter@_W@__crt_stdio_output@@V?$format_validation_base@_WV?$string_output_adapter@_W@__crt_stdio_output@@@2@@__crt_stdio_output@@AAE_N_W@Z 100113c0 f i libucrtd:output.obj
 0001:000104b0       ?write_string@?$string_output_adapter@D@__crt_stdio_output@@QBEXQBDHQAHAAV__crt_deferred_errno_cache@@@Z 100114b0 f i libucrtd:output.obj
 0001:000105b0       ?write_string@?$string_output_adapter@_W@__crt_stdio_output@@QBEXQB_WHQAHAAV__crt_deferred_errno_cache@@@Z 100115b0 f i libucrtd:output.obj
 0001:000106c0       ___acrt_isleadbyte_l_noupdate 100116c0 f i libucrtd:output.obj
 0001:000106e0       ___stdio_common_vsnprintf_s 100116e0 f   libucrtd:output.obj
 0001:00010710       ___stdio_common_vsnwprintf_s 10011710 f   libucrtd:output.obj
 0001:00010740       ___stdio_common_vsprintf_s 10011740 f   libucrtd:output.obj
 0001:00010770       ??$is_overflow_condition@K@__crt_strtox@@YA_NIK@Z 10011770 f i libucrtd:atox.obj
[...]
 0002:0000c370       _Zero                      1003a370     libucrtd:ceil_pentium4.obj
 0002:0000c380       _S                         1003a380     libucrtd:ceil_pentium4.obj
 0002:0000c390       _NegZero                   1003a390     libucrtd:ceil_pentium4.obj
 0002:0000c4d0       LOG_name                   1003a4d0     libucrtd:log10_impl.obj
 0002:0000c4e0       emask                      1003a4e0     libucrtd:log10_pentium4.obj
 0002:0000c4f0       CC                         1003a4f0     libucrtd:log10_pentium4.obj
 0002:0000c500       Magic                      1003a500     libucrtd:log10_pentium4.obj
 0002:0000c510       hi_mask                    1003a510     libucrtd:log10_pentium4.obj
 0002:0000c520       LOG10_2                    1003a520     libucrtd:log10_pentium4.obj
 0002:0000c530       place_L                    1003a530     libucrtd:log10_pentium4.obj
 0002:0000c550       One                        1003a550     libucrtd:log10_pentium4.obj
 0002:0000c560       Zero                       1003a560     libucrtd:log10_pentium4.obj
 0002:0000c570       Two52                      1003a570     libucrtd:log10_pentium4.obj
 0002:0000c580       Infs                       1003a580     libucrtd:log10_pentium4.obj
 0002:0000c590       NaN                        1003a590     libucrtd:log10_pentium4.obj
 0002:0000c5a0       coeff                      1003a5a0     libucrtd:log10_pentium4.obj
 0002:0000c618       _newcw                     1003a618     libucrtd:ceil.obj
 0002:0000c6be       _log2max                   1003a6be     libucrtd:87tran.obj
 0002:0000c6c8       _smallarg                  1003a6c8     libucrtd:87tran.obj
 0002:0000c6d2       _half                      1003a6d2     libucrtd:87tran.obj
 0002:0000c71e       One                        1003a71e     libucrtd:87disp.obj
 0002:0000c726       Three                      1003a726     libucrtd:87disp.obj
 0002:0000c72e       XAMtoTagTab                1003a72e     libucrtd:87disp.obj
 0002:0000c740       One                        1003a740     libucrtd:common.obj
 0002:0000c754       DblMax                     1003a754     libucrtd:common.obj
 0002:0000c75c       DblMin                     1003a75c     libucrtd:common.obj
 0002:0000c764       IeeeAdjO                   1003a764     libucrtd:common.obj
 0002:0000c76c       IeeeAdjU                   1003a76c     libucrtd:common.obj
 0002:0000c774       _infinity                  1003a774     libucrtd:common.obj
 0002:0000c77c       _zero                      1003a77c     libucrtd:common.obj
 0002:0000cfb0       ?_names@?1??_get_fname@@9@9 1003afb0     libucrtd:fpexcept.obj
 0002:0000d158       _over                      1003b158     libucrtd:fpctrl.obj
 0002:0000d164       _under                     1003b164     libucrtd:fpctrl.obj
 0002:0000d788       __sehtable$?dllmain_crt_process_attach@@YAHQAUHINSTANCE__@@QAX@Z 1003b788     LIBCMTD:dll_dllmain.obj
 0002:0000d7a8       __sehtable$?dllmain_crt_process_detach@@YAH_N@Z 1003b7a8     LIBCMTD:dll_dllmain.obj
 0002:0000d7c8       __sehtable$?dllmain_dispatch@@YAHQAUHINSTANCE__@@KQAX@Z 1003b7c8     LIBCMTD:dll_dllmain.obj
 0002:0000d7e8       __sehtable$___scrt_is_nonwritable_in_current_image 1003b7e8     LIBCMTD:utility.obj
 0002:0000d808       __sehtable$?FrameUnwindToState@__FrameHandler3@@SAXPAUEHRegistrationNode@@PAXPBU_s_FuncInfo@@H@Z 1003b808     libvcruntimed:frame.obj
 0002:0000d830       __sehtable$?CallCatchBlock@@YAPAXPAUEHExceptionRecord@@PAUEHRegistrationNode@@PAU_CONTEXT@@PBU_s_FuncInfo@@PAXHK@Z 1003b830     libvcruntimed:frame.obj
 0002:0000d858       __catchsym$?CallUnexpected@@YAXPBU_s_ESTypeList@@@Z$2 1003b858     libvcruntimed:frame.obj
 0002:0000d868       __unwindtable$?CallUnexpected@@YAXPBU_s_ESTypeList@@@Z 1003b868     libvcruntimed:frame.obj
 0002:0000d878       __tryblocktable$?CallUnexpected@@YAXPBU_s_ESTypeList@@@Z 1003b878     libvcruntimed:frame.obj
 0002:0000d88c       __ehfuncinfo$?CallUnexpected@@YAXPBU_s_ESTypeList@@@Z 1003b88c     libvcruntimed:frame.obj
 0002:0000d8b0       __sehtable$??$BuildCatchObjectHelperInternal@$$CBU_s_HandlerType@@@@YAHPAUEHExceptionRecord@@PAXPBU_s_HandlerType@@PBU_s_CatchableType@@@Z 1003b8b0     libvcruntimed:frame.obj
 0002:0000d8d0       __sehtable$??$BuildCatchObjectInternal@$$CBU_s_HandlerType@@@@YAXPAUEHExceptionRecord@@PAXPBU_s_HandlerType@@PBU_s_CatchableType@@@Z 1003b8d0     libvcruntimed:frame.obj
 0002:0000d940       __sehtable$___DestructExceptionObject 1003b940     libvcruntimed:ehhelpers.obj
 0002:0000d960       __sehtable$??R<lambda_6e4b09c48022b2350581041d5f6b0c4c>@@QBE@XZ 1003b960     libucrtd:exit.obj
 0002:0000d980       __sehtable$??$?RV<lambda_03b1d95aef87969028cfba75ccab2455>@@AAV<lambda_6e4b09c48022b2350581041d5f6b0c4c>@@V<lambda_22bdf7517842c4b3e53723af5aa32b9e>@@@?$__crt_seh_guarded_call@X@@QAEX$$QAV<lambda_03b1d95aef87969028cfba75ccab2455>@@AAV<lambda_6e4b09c48022b2350581041d5f6b0c4c>@@$$QAV<lambda_22bdf7517842c4b3e53723af5aa32b9e>@@@Z 1003b980     libucrtd:exit.obj
 0002:0000d99c       __unwindtable$??R<lambda_d121dba8a4adeaf3a9819e48611155df>@@QBEHXZ 1003b99c     libucrtd:onexit.obj
 0002:0000d9a4       __ehfuncinfo$??R<lambda_d121dba8a4adeaf3a9819e48611155df>@@QBEHXZ 1003b9a4     libucrtd:onexit.obj
 0002:0000d9c8       __sehtable$??$?RV<lambda_d74cd35c3df28f16c733e6755eb03555>@@AAV<lambda_d121dba8a4adeaf3a9819e48611155df>@@V<lambda_ade73ae6aee997c6ba47ce5901b340f9>@@@?$__crt_seh_guarded_call@H@@QAEH$$QAV<lambda_d74cd35c3df28f16c733e6755eb03555>@@AAV<lambda_d121dba8a4adeaf3a9819e48611155df>@@$$QAV<lambda_ade73ae6aee997c6ba47ce5901b340f9>@@@Z 1003b9c8     libucrtd:onexit.obj
 0002:0000d9e8       __sehtable$_terminate      1003b9e8     libucrtd:terminate.obj
 0002:0000da08       __sehtable$__CrtCheckMemory 1003ba08     libucrtd:debug_heap.obj
 0002:0000da28       __sehtable$__CrtMemCheckpoint 1003ba28     libucrtd:debug_heap.obj
 0002:0000da48       __sehtable$__CrtMemDumpAllObjectsSince 1003ba48     libucrtd:debug_heap.obj
 0002:0000da68       __sehtable$__CrtSetDbgFlag 1003ba68     libucrtd:debug_heap.obj
 0002:0000da88       __sehtable$__free_dbg      1003ba88     libucrtd:debug_heap.obj
 0002:0000daa8       __sehtable$__msize_dbg     1003baa8     libucrtd:debug_heap.obj
 0002:0000dac8       __sehtable$__realloc_dbg   1003bac8     libucrtd:debug_heap.obj
 0002:0000dae8       __sehtable$?is_bad_read_pointer@@YA_NQBXI@Z 1003bae8     libucrtd:debug_heap.obj
 0002:0000db08       __sehtable$?validate_heap_if_required_nolock@@YAXXZ 1003bb08     libucrtd:debug_heap.obj
 0002:0000db28       __sehtable$?heap_alloc_dbg_internal@@YAPAXIHQBDH@Z 1003bb28     libucrtd:debug_heap.obj
 0002:0000db48       __sehtable$??$?RV<lambda_15ade71b0218206bbe3333a0c9b79046>@@AAV<lambda_da44e0f8b0f19ba52fefafb335991732>@@V<lambda_207f2d024fc103971653565357d6cd41>@@@?$__crt_seh_guarded_call@X@@QAEX$$QAV<lambda_15ade71b0218206bbe3333a0c9b79046>@@AAV<lambda_da44e0f8b0f19ba52fefafb335991732>@@$$QAV<lambda_207f2d024fc103971653565357d6cd41>@@@Z 1003bb48     libucrtd:per_thread_data.obj
 0002:0000db68       __sehtable$??$?RV<lambda_a7e850c220f1c8d1e6efeecdedd162c6>@@AAV<lambda_46720907175c18b6c9d2717bc0d2d362>@@V<lambda_9048902d66e8d99359bc9897bbb930a8>@@@?$__crt_seh_guarded_call@X@@QAEX$$QAV<lambda_a7e850c220f1c8d1e6efeecdedd162c6>@@AAV<lambda_46720907175c18b6c9d2717bc0d2d362>@@$$QAV<lambda_9048902d66e8d99359bc9897bbb930a8>@@@Z 1003bb68     libucrtd:per_thread_data.obj
 0002:0000db88       __sehtable$??$?RV<lambda_eb0e2b1d104b126d27395a74edba6f03>@@AAV<lambda_d51eb34c9f7d53dbc39f6b791b6a3e42>@@V<lambda_f7564ebddb1f0eaf818ab6f3eade8363>@@@?$__crt_seh_guarded_call@X@@QAEX$$QAV<lambda_eb0e2b1d104b126d27395a74edba6f03>@@AAV<lambda_d51eb34c9f7d53dbc39f6b791b6a3e42>@@$$QAV<lambda_f7564ebddb1f0eaf818ab6f3eade8363>@@@Z 1003bb88     libucrtd:per_thread_data.obj
 0002:0000dba8       __sehtable$??$?RV<lambda_6affb1475c98b40b75cdec977db92e3c>@@AAV<lambda_b8d4b9c228a6ecc3f80208dbb4b4a104>@@V<lambda_608742c3c92a14382c1684fc64f96c88>@@@?$__crt_seh_guarded_call@X@@QAEX$$QAV<lambda_6affb1475c98b40b75cdec977db92e3c>@@AAV<lambda_b8d4b9c228a6ecc3f80208dbb4b4a104>@@$$QAV<lambda_608742c3c92a14382c1684fc64f96c88>@@@Z 1003bba8     libucrtd:per_thread_data.obj
 0002:0000dbc8       __sehtable$?update_thread_multibyte_data_internal@@YAPAU__crt_multibyte_data@@QAU__acrt_ptd@@QAPAU1@@Z 1003bbc8     libucrtd:mbctype.obj
 0002:0000dbe8       __sehtable$??$?RV<lambda_b5fb591949065c3fa449bad279e8c939>@@AAV<lambda_6c10a39a819b864ce80acc26b314dcd3>@@V<lambda_e567670a9eae49807d365f3e9c117712>@@@?$__crt_seh_guarded_call@X@@QAEX$$QAV<lambda_b5fb591949065c3fa449bad279e8c939>@@AAV<lambda_6c10a39a819b864ce80acc26b314dcd3>@@$$QAV<lambda_e567670a9eae49807d365f3e9c117712>@@@Z 1003bbe8     libucrtd:mbctype.obj
 0002:0000dc08       __sehtable$___acrt_initialize_lowio 1003bc08     libucrtd:ioinit.obj
 0002:0000dc28       __sehtable$__query_new_handler 1003bc28     libucrtd:new_handler.obj
 0002:0000dc48       __sehtable$_raise          1003bc48     libucrtd:signal.obj
 0002:0000dc68       __sehtable$??$?RV<lambda_cbab9ec6f41b0180b23cc171c22676b0>@@AAV<lambda_44731a7d0e6d81c3e6aa82d741081786>@@V<lambda_4b292cb8dd18144e164572427af410ab>@@@?$__crt_seh_guarded_call@P6AXH@Z@@QAEP6AXH@Z$$QAV<lambda_cbab9ec6f41b0180b23cc171c22676b0>@@AAV<lambda_44731a7d0e6d81c3e6aa82d741081786>@@$$QAV<lambda_4b292cb8dd18144e164572427af410ab>@@@Z 1003bc68     libucrtd:signal.obj
 0002:0000dc88       __sehtable$??$?RV<lambda_e5124f882df8998aaf41531e079ba474>@@AAV<lambda_3e16ef9562a7dcce91392c22ab16ea36>@@V<lambda_e25ca0880e6ef98be67edffd8c599615>@@@?$__crt_seh_guarded_call@X@@QAEX$$QAV<lambda_e5124f882df8998aaf41531e079ba474>@@AAV<lambda_3e16ef9562a7dcce91392c22ab16ea36>@@$$QAV<lambda_e25ca0880e6ef98be67edffd8c599615>@@@Z 1003bc88     libucrtd:wsetlocale.obj
 0002:0000dca4       __unwindtable$?fp_format_a@@YAHQBNPADIQADIH_NIQAU__crt_locale_pointers@@@Z 1003bca4     libucrtd:cvt.obj
 0002:0000dcac       __ehfuncinfo$?fp_format_a@@YAHQBNPADIQADIH_NIQAU__crt_locale_pointers@@@Z 1003bcac     libucrtd:cvt.obj
 0002:0000dcd0       __sehtable$__VCrtDbgReportA 1003bcd0     libucrtd:dbgrptt.obj
 0002:0000dcf8       __sehtable$__VCrtDbgReportW 1003bcf8     libucrtd:dbgrptt.obj
 0002:0000dd20       __sehtable$___acrt_update_thread_locale_data 1003bd20     libucrtd:locale_refcounting.obj
 0002:0000dd3c       __unwindtable$?shortsort@@YAXPAD0IP6AHPBX1@Z@Z 1003bd3c     libucrtd:qsort.obj
 0002:0000dd44       __ehfuncinfo$?shortsort@@YAXPAD0IP6AHPBX1@Z@Z 1003bd44     libucrtd:qsort.obj
 0002:0000dd68       __ehfuncinfo$??1?$__crt_win32_buffer@_WU__crt_win32_buffer_internal_dynamic_resizing@@@@QAE@XZ 1003bd68     libucrtd:findfirstfileexa.obj
 0002:0000dd68       __ehfuncinfo$??1?$__crt_win32_buffer@DU__crt_win32_buffer_no_resizing@@@@QAE@XZ 1003bd68     libucrtd:findnextfilea.obj
 0002:0000dd90       __sehtable$___acrt_lowio_ensure_fh_exists 1003bd90     libucrtd:osfinfo.obj
 0002:0000ddb0       __sehtable$??$?RV<lambda_2866be3712abc81a800a822484c830d8>@@AAV<lambda_39ca0ed439415581b5b15c265174cece>@@V<lambda_2b24c74d71094a6cd0cb82e44167d71b>@@@?$__crt_seh_guarded_call@X@@QAEX$$QAV<lambda_2866be3712abc81a800a822484c830d8>@@AAV<lambda_39ca0ed439415581b5b15c265174cece>@@$$QAV<lambda_2b24c74d71094a6cd0cb82e44167d71b>@@@Z 1003bdb0     libucrtd:fflush.obj
 0002:0000ddd0       __sehtable$??$?RV<lambda_2cc53f568c5a2bb6f192f930a45d44ea>@@AAV<lambda_ab61a845afdef5b7c387490eaf3616ee>@@V<lambda_c2ffc0b7726aa6be21d5f0026187e748>@@@?$__crt_seh_guarded_call@X@@QAEX$$QAV<lambda_2cc53f568c5a2bb6f192f930a45d44ea>@@AAV<lambda_ab61a845afdef5b7c387490eaf3616ee>@@$$QAV<lambda_c2ffc0b7726aa6be21d5f0026187e748>@@@Z 1003bdd0     libucrtd:fflush.obj
 0002:0000ddf0       __sehtable$__fcloseall     1003bdf0     libucrtd:closeall.obj
 0002:0000de0c       __unwindtable$?_wcstombs_l_helper@@YAIPADPB_WIPAU__crt_locale_pointers@@@Z 1003be0c     libucrtd:wcstombs.obj
 0002:0000de14       __ehfuncinfo$?_wcstombs_l_helper@@YAIPADPB_WIPAU__crt_locale_pointers@@@Z 1003be14     libucrtd:wcstombs.obj
 0002:0000de38       __sehtable$??$?RV<lambda_73934b50d04267ee15484ada9e51f93a>@@AAV<lambda_5533cddd4bda0037814beee657757329>@@V<lambda_505f522a38cc75b1e009910344c75d09>@@@?$__crt_seh_guarded_call@H@@QAEH$$QAV<lambda_73934b50d04267ee15484ada9e51f93a>@@AAV<lambda_5533cddd4bda0037814beee657757329>@@$$QAV<lambda_505f522a38cc75b1e009910344c75d09>@@@Z 1003be38     libucrtd:commit.obj
 0002:0000de58       __sehtable$__write         1003be58     libucrtd:write.obj
 0002:0000de78       __sehtable$_fclose         1003be78     libucrtd:fclose.obj
 0002:0000de98       __sehtable$??$?RV<lambda_e683defbe2e5a27c42b5544acbb13393>@@AAV<lambda_4e7105787b7b0e0227fbf2b2d883fa65>@@V<lambda_80a887151cae997482d53eaa74bb832b>@@@?$__crt_seh_guarded_call@H@@QAEH$$QAV<lambda_e683defbe2e5a27c42b5544acbb13393>@@AAV<lambda_4e7105787b7b0e0227fbf2b2d883fa65>@@$$QAV<lambda_80a887151cae997482d53eaa74bb832b>@@@Z 1003be98     libucrtd:close.obj
 0002:0000deb8       __sehtable$__IsNonwritableInCurrentImage 1003beb8     LIBCMTD:pesect.obj
 0002:0000dee0       .edata                     1003bee0     FluffyFortnight.exp
 0002:0000df08       rgpv                       1003bf08     FluffyFortnight.exp
 0002:0000df0c       rgszName                   1003bf0c     FluffyFortnight.exp
 0002:0000df10       rgwOrd                     1003bf10     FluffyFortnight.exp
 0002:0000df12       szName                     1003bf12     FluffyFortnight.exp
 0002:0000df26       $N00001                    1003bf26     FluffyFortnight.exp
 0002:0000e1a2       .idata$6                   1003c1a2     kernel32:KERNEL32.dll
 0003:00000010       ?__vcrt_flsindex@@3KA      1003d010     libvcruntimed:per_thread_data.obj
 0003:00000030       ?__acrt_current_request_number@@3JA 1003d030     libucrtd:debug_heap.obj
 0003:00000044       ?__acrt_flsindex@@3KA      1003d044     libucrtd:per_thread_data.obj
 0003:00000048       ?errno_no_memory@@3HA      1003d048     libucrtd:errno.obj
 0003:0000004c       ?doserrno_no_memory@@3KA   1003d04c     libucrtd:errno.obj
 0003:00000270       __mbctypes                 1003d270     libucrtd:mbctype.obj
 0003:00000378       __mbcasemaps               1003d378     libucrtd:mbctype.obj
 0003:00000478       ?__rgctypeflag@@3PADA      1003d478     libucrtd:mbctype.obj
 0003:00000480       ?__rgcode_page_info@@3PAUcode_page_info@@A 1003d480     libucrtd:mbctype.obj
 0003:00000638       ?__acrt_debug_fill_threshold@@3IA 1003d638     libucrtd:debug_fill_threshold.obj
 0003:00000780       ?__dcrt_lowio_console_output_handle@@3PAXA 1003d780     libucrtd:initcon.obj
 0003:000007f8       ?__proc_attached@@3HA      1003d7f8     LIBCMTD:dll_dllmain.obj
 0003:00000820       ?is_initialized_as_dll@@3_NA 1003d820     LIBCMTD:utility.obj
 0003:00000821       ?module_local_atexit_table_initialized@@3_NA 1003d821     LIBCMTD:utility.obj
 0003:00000824       ?module_local_atexit_table@@3U_onexit_table_t@@A 1003d824     LIBCMTD:utility.obj
 0003:00000830       ?module_local_at_quick_exit_table@@3U_onexit_table_t@@A 1003d830     LIBCMTD:utility.obj
 0003:00000848       _GS_ExceptionRecord        1003d848     LIBCMTD:gs_report.obj
 0003:00000898       _GS_ContextRecord          1003d898     LIBCMTD:gs_report.obj
 0003:00000b8c       ?heap@@3V_HeapManager@@A   1003db8c     libvcruntimed:undname.obj
 0003:00000ba0       ?__vcrt_startup_thread_ptd@@3U__vcrt_ptd@@A 1003dba0     libvcruntimed:per_thread_data.obj
 0003:00000bc8       ___vcrt_lock_table         1003dbc8     libvcruntimed:locks.obj
 0003:00000be0       ___vcrt_locks_initialized  1003dbe0     libvcruntimed:locks.obj
 0003:00000be4       ?module_handles@@3PAPAUHINSTANCE__@@A 1003dbe4     libvcruntimed:winapi_downlevel.obj
 0003:00000bf0       ?encoded_function_pointers@@3PAPAXA 1003dbf0     libvcruntimed:winapi_downlevel.obj
 0003:00000c0c       ?c_termination_complete@@3JA 1003dc0c     libucrtd:exit.obj
 0003:00000c10       ?thread_local_exit_callback_func@@3P6GXPAXK0@ZA 1003dc10     libucrtd:exit.obj
 0003:00000c18       ?program_name@?1???$common_configure_argv@D@@YAHW4_crt_argv_mode@@@Z@4PADA 1003dc18     libucrtd:argv_parsing.obj
 0003:00000d48       ?__acrt_first_block@@3PAU_CrtMemBlockHeader@@A 1003dd48     libucrtd:debug_heap.obj
 0003:00000d4c       ?__acrt_last_block@@3PAU_CrtMemBlockHeader@@A 1003dd4c     libucrtd:debug_heap.obj
 0003:00000d50       ?__acrt_total_allocations@@3IA 1003dd50     libucrtd:debug_heap.obj
 0003:00000d54       ?__acrt_current_allocations@@3IA 1003dd54     libucrtd:debug_heap.obj
 0003:00000d58       ?__acrt_max_allocations@@3IA 1003dd58     libucrtd:debug_heap.obj
 0003:00000d5c       ?__acrt_check_frequency@@3IA 1003dd5c     libucrtd:debug_heap.obj
 0003:00000d60       ?__acrt_check_counter@@3IA 1003dd60     libucrtd:debug_heap.obj
 0003:00000d68       ?heap_validation_pending@@3_NA 1003dd68     libucrtd:debug_heap.obj
 0003:00000d70       ?__acrt_lock_table@@3PAU_RTL_CRITICAL_SECTION@@A 1003dd70     libucrtd:locks.obj
 0003:00000ec0       ?__acrt_locks_initialized@@3IA 1003dec0     libucrtd:locks.obj
 0003:00000ec4       ?state_cache@?1???$get_cached_win_policy@Udeveloper_information_policy_properties@?1??__acrt_get_developer_information_policy@@YA?AW4developer_information_policy@@XZ@@@YA?AW4developer_information_policy@@W4AppPolicyShowDeveloperDiagnostic@@@Z@4JA 1003dec4     libucrtd:win_policies.obj
 0003:00000ec8       ?state_cache@?1???$get_cached_win_policy@Uwindowing_model_policy_properties@?1??__acrt_get_windowing_model_policy@@YA?AW4windowing_model_policy@@XZ@@@YA?AW4windowing_model_policy@@W4AppPolicyWindowingModel@@@Z@4JA 1003dec8     libucrtd:win_policies.obj
 0003:00000ecc       ?__acrt_invalid_parameter_handler@@3V?$dual_state_global@P6AXPB_W00II@Z@__crt_state_management@@A 1003decc     libucrtd:invalid_parameter.obj
 0003:00000edc       ?fSystemSet@@3HA           1003dedc     libucrtd:mbctype.obj
 0003:00000ee0       ?initialized@?1??__acrt_initialize_multibyte@@9@4_NA 1003dee0     libucrtd:mbctype.obj
 0003:00001108       ?module_handles@@3PAPAUHINSTANCE__@@A 1003e108     libucrtd:winapi_thunks.obj
 0003:00001158       ?encoded_function_pointers@@3PAPAXA 1003e158     libucrtd:winapi_thunks.obj
 0003:000011e4       ?__acrt_new_handler@@3V?$dual_state_global@P6AHI@Z@__crt_state_management@@A 1003e1e4     libucrtd:new_handler.obj
 0003:000011e8       ?ctrlc_action@@3V?$dual_state_global@P6AXH@Z@__crt_state_management@@A 1003e1e8     libucrtd:signal.obj
 0003:000011ec       ?ctrlbreak_action@@3V?$dual_state_global@P6AXH@Z@__crt_state_management@@A 1003e1ec     libucrtd:signal.obj
 0003:000011f0       ?abort_action@@3V?$dual_state_global@P6AXH@Z@__crt_state_management@@A 1003e1f0     libucrtd:signal.obj
 0003:000011f4       ?term_action@@3V?$dual_state_global@P6AXH@Z@__crt_state_management@@A 1003e1f4     libucrtd:signal.obj
 0003:000011f8       ?user_matherr@@3V?$dual_state_global@P6AHPAU_exception@@@Z@__crt_state_management@@A 1003e1f8     libucrtd:matherr.obj
 0003:00001208       ?__acrt_global_new_mode@@3V?$dual_state_global@J@__crt_state_management@@A 1003e208     libucrtd:new_mode.obj
 0003:00001210       ?internal_state@?1??_mbtowc_l@@9@4U_Mbstatet@@A 1003e210     libucrtd:mbtowc.obj
 0003:00001220       ?enable_percent_n@@3IA     1003e220     libucrtd:printf_count_output.obj
 0003:00001224       ?__acrt_app_type@@3W4_crt_app_type@@A 1003e224     libucrtd:report_runtime_error.obj
 0003:00001228       ?outmsg@?9??__acrt_report_runtime_error@@9@4PA_WA 1003e228     libucrtd:report_runtime_error.obj
 0003:00001864       ___acrt_error_mode         1003e864     libucrtd:set_error_mode.obj
 0003:00001868       ?internal_pst@?1??__mbrtoc32_utf8@__crt_mbstring@@YAIPA_UPBDIPAU_Mbstatet@@@Z@4U3@A 1003e868     libucrtd:mbrtoc32.obj
 0003:00001870       __pmatherr_set             1003e870     libucrtd:libm_error.obj
 0003:00001874       ?internal_pst@?1??__c16rtomb_utf8@__crt_mbstring@@YAIPAD_SPAU_Mbstatet@@@Z@4U3@A 1003e874     libucrtd:c16rtomb.obj
