 FluffyFortnight

 Timestamp is 5c0aece7 (Fri Dec  7 16:57:59 2018)

 Preferred load address is 0000000180000000

 Start         Length     Name                   Class
 0001:00000000 000369c0H .text$mn                CODE
 0001:000369c0 00000020H .text$mn$00             CODE
 0001:000369e0 0000067dH .text$x                 CODE
 0002:00000000 00000248H .idata$5                DATA
 0002:00000248 00000010H .00cfg                  DATA
 0002:00000258 00000008H .CRT$XCA                DATA
 0002:00000260 00000008H .CRT$XCZ                DATA
 0002:00000268 00000008H .CRT$XIA                DATA
 0002:00000270 00000018H .CRT$XIC                DATA
 0002:00000288 00000008H .CRT$XIZ                DATA
 0002:00000290 00000008H .CRT$XPA                DATA
 0002:00000298 00000010H .CRT$XPX                DATA
 0002:000002a8 00000008H .CRT$XPXA               DATA
 0002:000002b0 00000008H .CRT$XPZ                DATA
 0002:000002b8 00000008H .CRT$XTA                DATA
 0002:000002c0 00000010H .CRT$XTZ                DATA
 0002:000002c8 00000000H .gfids$y                DATA
 0002:000002d0 00010180H .rdata                  DATA
 0002:00010450 0000016cH .rdata$r                DATA
 0002:000105bc 00000304H .rdata$zzzdbg           DATA
 0002:000108c0 00000008H .rtc$IAA                DATA
 0002:000108c8 00000008H .rtc$IZZ                DATA
 0002:000108d0 00000008H .rtc$TAA                DATA
 0002:000108d8 00000008H .rtc$TZZ                DATA
 0002:000108e0 000010c0H .xdata                  DATA
 0002:000119a0 00000090H .xdata$x                DATA
 0002:00011a30 00000098H .edata                  DATA
 0002:00011ac8 00000014H .idata$2                DATA
 0002:00011adc 00000014H .idata$3                DATA
 0002:00011af0 00000248H .idata$4                DATA
 0002:00011d38 00000554H .idata$6                DATA
 0003:00000000 00000930H .data                   DATA
 0003:00000930 00000070H .data$r                 DATA
 0003:000009a0 00001880H .bss                    DATA
 0004:00000000 00002d48H .pdata                  DATA

  Address         Publics by Value              Rva+Base               Lib:Object

 0000:00000000       __volatile_metadata        0000000000000000     <absolute>
 0000:00000000       __guard_longjmp_table      0000000000000000     <absolute>
 0000:00000000       __guard_iat_table          0000000000000000     <absolute>
 0000:00000000       __guard_longjmp_count      0000000000000000     <absolute>
 0000:00000000       __guard_iat_count          0000000000000000     <absolute>
 0000:00000000       __guard_fids_count         0000000000000000     <absolute>
 0000:00000000       __hybrid_code_map_count    0000000000000000     <absolute>
 0000:00000000       ___safe_se_handler_count   0000000000000000     <absolute>
 0000:00000000       __hybrid_code_map          0000000000000000     <absolute>
 0000:00000000       __enclave_config           0000000000000000     <absolute>
 0000:00000000       ___safe_se_handler_table   0000000000000000     <absolute>
 0000:00000000       __guard_fids_table         0000000000000000     <absolute>
 0000:00000000       __dynamic_value_reloc_table 0000000000000000     <absolute>
 0000:00000000       __hybrid_auxiliary_iat     0000000000000000     <absolute>
 0000:00000100       __guard_flags              0000000000000100     <absolute>
 0000:00000000       __ImageBase                0000000180000000     <linker-defined>
 0001:000004b0       renderGameGfx              00000001800014b0 f   FluffyFortnight.obj
 0001:00000560       initGame                   0000000180001560 f   FluffyFortnight.obj
 0001:00000580       renderGameAudio            0000000180001580 f   FluffyFortnight.obj
 0001:000005a0       updateGame                 00000001800015a0 f   FluffyFortnight.obj
 0001:000005e0       __GSHandlerCheck           00000001800015e0 f   LIBCMTD:_gshandler_.obj
 0001:00000620       __GSHandlerCheckCommon     0000000180001620 f   LIBCMTD:_gshandler_.obj
 0001:00000730       __security_check_cookie    0000000180001730 f   LIBCMTD:_amdsecgs_.obj
 0001:00000b50       _DllMainCRTStartup         0000000180001b50 f   LIBCMTD:dll_dllmain.obj
 0001:00000b90       __raise_securityfailure    0000000180001b90 f   LIBCMTD:gs_report.obj
 0001:00000bd0       __report_gsfailure         0000000180001bd0 f   LIBCMTD:gs_report.obj
 0001:00000cb0       __report_rangecheckfailure 0000000180001cb0 f   LIBCMTD:gs_report.obj
 0001:00000cd0       __report_securityfailure   0000000180001cd0 f   LIBCMTD:gs_report.obj
 0001:00000f90       __security_init_cookie     0000000180001f90 f   LIBCMTD:gs_support.obj
 0001:00001010       DllMain                    0000000180002010 f   LIBCMTD:dll_dllmain_stub.obj
 0001:00001030       ?__scrt_initialize_type_info@@YAXXZ 0000000180002030 f   LIBCMTD:tncleanup.obj
 0001:00001050       ?__scrt_uninitialize_type_info@@YAXXZ 0000000180002050 f   LIBCMTD:tncleanup.obj
 0001:00001070       __local_stdio_printf_options 0000000180002070 f i LIBCMTD:default_local_stdio_options.obj
 0001:00001080       __local_stdio_scanf_options 0000000180002080 f i LIBCMTD:default_local_stdio_options.obj
 0001:00001090       __scrt_initialize_default_local_stdio_options 0000000180002090 f   LIBCMTD:default_local_stdio_options.obj
 0001:000010e0       ??$__crt_fast_decode_pointer@PEAP6AXXZ@@YAPEAP6AXXZQEAP6AXXZ@Z 00000001800020e0 f i LIBCMTD:utility.obj
 0001:000010e0       ??$__crt_fast_decode_pointer@P6AH_K@Z@@YAP6AH_K@ZQ6AH0@Z@Z 00000001800020e0 f i libucrtd:new_handler.obj
 0001:000010e0       ??$__crt_fast_decode_pointer@P6AXH@Z@@YAP6AXH@ZQ6AXH@Z@Z 00000001800020e0 f i libucrtd:signal.obj
 0001:000010e0       ??$__crt_fast_decode_pointer@P6AXPEAXK0@Z@@YAP6AXPEAXK0@ZQ6AX0K0@Z@Z 00000001800020e0 f i libucrtd:exit.obj
 0001:000010e0       ??$__crt_fast_decode_pointer@P6AXPEB_W00I_K@Z@@YAP6AXPEB_W00I_K@ZQ6AX000I1@Z@Z 00000001800020e0 f i libucrtd:invalid_parameter.obj
 0001:000010e0       ??$__crt_fast_decode_pointer@P6AXXZ@@YAP6AXXZQ6AXXZ@Z 00000001800020e0 f i libvcruntimed:purevirt.obj
 0001:000010e0       ??$__crt_fast_decode_pointer@PEAX@@YAPEAXQEAX@Z 00000001800020e0 f i libvcruntimed:winapi_downlevel.obj
 0001:000010e0       ??$__crt_fast_decode_pointer@P6AHPEAU_exception@@@Z@@YAP6AHPEAU_exception@@@ZQ6AH0@Z@Z 00000001800020e0 f i libucrtd:matherr.obj
 0001:00001120       ??$__crt_fast_encode_pointer@PEAX@@YAPEAXQEAX@Z 0000000180002120 f i libvcruntimed:winapi_downlevel.obj
 0001:00001120       ??$__crt_fast_encode_pointer@P6AXXZ@@YAP6AXXZQ6AXXZ@Z 0000000180002120 f i libvcruntimed:purevirt_data.obj
 0001:00001120       ??$__crt_fast_encode_pointer@P6AXH@Z@@YAP6AXH@ZQ6AXH@Z@Z 0000000180002120 f i libucrtd:signal.obj
 0001:00001120       ??$__crt_fast_encode_pointer@P6AXPEAXK0@Z@@YAP6AXPEAXK0@ZQ6AX0K0@Z@Z 0000000180002120 f i libucrtd:exit.obj
 0001:00001120       ??$__crt_fast_encode_pointer@PEAP6AXXZ@@YAPEAP6AXXZQEAP6AXXZ@Z 0000000180002120 f i LIBCMTD:utility.obj
 0001:00001160       ?__crt_rotate_pointer_value@@YA_K_KH@Z 0000000180002160 f i LIBCMTD:utility.obj
 0001:00001180       ?configure_argv@__scrt_narrow_argv_policy@@SAHXZ 0000000180002180 f i LIBCMTD:utility.obj
 0001:00001270       ?initialize_environment@__scrt_narrow_environment_policy@@SAHXZ 0000000180002270 f i LIBCMTD:utility.obj
 0001:00001310       NtCurrentTeb               0000000180002310 f i LIBCMTD:utility.obj
 0001:00001320       __scrt_acquire_startup_lock 0000000180002320 f   LIBCMTD:utility.obj
 0001:00001390       __scrt_dllmain_after_initialize_c 0000000180002390 f   LIBCMTD:utility.obj
 0001:000013c0       __scrt_dllmain_before_initialize_c 00000001800023c0 f   LIBCMTD:utility.obj
 0001:000013e0       __scrt_dllmain_crt_thread_attach 00000001800023e0 f   LIBCMTD:utility.obj
 0001:00001410       __scrt_dllmain_crt_thread_detach 0000000180002410 f   LIBCMTD:utility.obj
 0001:00001430       __scrt_dllmain_exception_filter 0000000180002430 f   LIBCMTD:utility.obj
 0001:00001490       __scrt_dllmain_uninitialize_c 0000000180002490 f   LIBCMTD:utility.obj
 0001:000014c0       __scrt_dllmain_uninitialize_critical 00000001800024c0 f   LIBCMTD:utility.obj
 0001:000014e0       __scrt_initialize_crt      00000001800024e0 f   LIBCMTD:utility.obj
 0001:00001530       __scrt_initialize_onexit_tables 0000000180002530 f   LIBCMTD:utility.obj
 0001:00001640       __scrt_is_nonwritable_in_current_image 0000000180002640 f   LIBCMTD:utility.obj
 0001:000016d0       __scrt_release_startup_lock 00000001800026d0 f   LIBCMTD:utility.obj
 0001:00001700       __scrt_uninitialize_crt    0000000180002700 f   LIBCMTD:utility.obj
 0001:00001740       __scrt_get_dyn_tls_init_callback 0000000180002740 f   LIBCMTD:dyn_tls_init.obj
 0001:00001750       __crt_debugger_hook        0000000180002750 f   LIBCMTD:utility_desktop.obj
 0001:00001760       __scrt_fastfail            0000000180002760 f   LIBCMTD:utility_desktop.obj
 0001:00001900       _RTC_Initialize            0000000180002900 f   LIBCMTD:_initsect_.obj
 0001:00001950       _RTC_Terminate             0000000180002950 f   LIBCMTD:_initsect_.obj
 0001:000019a0       _guard_check_icall_nop     00000001800029a0 f i LIBCMTD:guard_support.obj
 0001:000019a0       ??1scoped_global_state_reset@__crt_state_management@@QEAA@XZ 00000001800029a0 f i libucrtd:onexit.obj
 0001:000019a0       ??1?$__crt_simd_cleanup_guard@$0A@@@QEAA@XZ 00000001800029a0 f i libucrtd:strnlen.obj
 0001:000019b0       ?__crt_interlocked_read_64@@YA_JPED_J@Z 00000001800029b0 f i libvcruntimed:std_type_info.obj
 0001:000019b0       ReadNoFence64              00000001800029b0 f i LIBCMTD:guard_support.obj
 0001:000019d0       ReadPointerNoFence         00000001800029d0 f i LIBCMTD:guard_support.obj
 0001:000019d0       ??$__crt_interlocked_read_pointer@UHINSTANCE__@@@@YAPEAUHINSTANCE__@@PEDSEAU0@@Z 00000001800029d0 f i libvcruntimed:winapi_downlevel.obj
 0001:000019d0       ??$__crt_interlocked_read_pointer@X@@YAPEAXPEDSEAX@Z 00000001800029d0 f i libvcruntimed:winapi_downlevel.obj
 0001:000019f0       _guard_icall_checks_enforced 00000001800029f0 f i LIBCMTD:guard_support.obj
 0001:00001a30       __isa_available_init       0000000180002a30 f   LIBCMTD:_cpu_disp_.obj
 0001:00001da0       _get_startup_argv_mode     0000000180002da0 f   LIBCMTD:argv_mode.obj
 0001:00001db0       __scrt_is_ucrt_dll_in_use  0000000180002db0 f   LIBCMTD:ucrt_detection.obj
 0001:00001de0       IsProcessorFeaturePresent  0000000180002de0 f   kernel32:KERNEL32.dll
 0001:00001df0       __C_specific_handler       0000000180002df0 f   libvcruntimed:_riscchandler_.obj
 0001:00002230       ??$?RPEAU__crt_stdio_stream_data@@@__crt_internal_free_policy@@QEBAXQEBQEAU__crt_stdio_stream_data@@@Z 0000000180003230 f i libucrtd:_file.obj
 0001:00002230       ??$?RE@__crt_internal_free_policy@@QEBAXQEBE@Z 0000000180003230 f i libucrtd:argv_parsing.obj
 0001:00002230       ??$?RD@__crt_internal_free_policy@@QEBAXQEBD@Z 0000000180003230 f i libvcruntimed:std_type_info.obj
 0001:00002230       ??$?RPEAD@__crt_internal_free_policy@@QEBAXQEBQEAD@Z 0000000180003230 f i libucrtd:argv_parsing.obj
 0001:00002230       ??$?RU__crt_lowio_handle_data@@@__crt_internal_free_policy@@QEBAXQEBU__crt_lowio_handle_data@@@Z 0000000180003230 f i libucrtd:osfinfo.obj
 0001:00002230       ??$?RU__acrt_ptd@@@__crt_internal_free_policy@@QEBAXQEBU__acrt_ptd@@@Z 0000000180003230 f i libucrtd:per_thread_data.obj
 0001:00002230       ??$?RU__vcrt_ptd@@@__crt_internal_free_policy@@QEBAXQEBU__vcrt_ptd@@@Z 0000000180003230 f i libvcruntimed:per_thread_data.obj
 0001:00002230       ??$?RU__crt_multibyte_data@@@__crt_internal_free_policy@@QEBAXQEBU__crt_multibyte_data@@@Z 0000000180003230 f i libucrtd:mbctype.obj
 0001:00002260       ??0?$__crt_scoped_stack_ptr@_W@@QEAA@U?$__crt_scoped_stack_ptr_tag@_W@@@Z 0000000180003260 f i libucrtd:getstringtypea.obj
 0001:00002260       ??0?$__crt_unique_heap_ptr@PEADU__crt_internal_free_policy@@@@QEAA@QEAPEAD@Z 0000000180003260 f i libucrtd:argv_parsing.obj
 0001:00002260       ??0?$__crt_unique_handle_t@U__crt_hmodule_traits@@@@QEAA@QEAUHINSTANCE__@@@Z 0000000180003260 f i libucrtd:exit.obj
 0001:00002260       ??0?$string_output_adapter@_W@__crt_stdio_output@@QEAA@QEAU?$string_output_adapter_context@_W@1@@Z 0000000180003260 f i libucrtd:output.obj
 0001:00002260       ??0?$string_output_adapter@D@__crt_stdio_output@@QEAA@QEAU?$string_output_adapter_context@D@1@@Z 0000000180003260 f i libucrtd:output.obj
 0001:00002260       ??0?$__crt_unique_heap_ptr@U__vcrt_ptd@@U__crt_internal_free_policy@@@@QEAA@QEAU__vcrt_ptd@@@Z 0000000180003260 f i libvcruntimed:per_thread_data.obj
 0001:00002260       ??0?$__crt_unique_handle_t@U__crt_findfile_traits@@@@QEAA@QEAX@Z 0000000180003260 f i libucrtd:argv_wildcards.obj
 0001:00002260       ??0?$__crt_unique_heap_ptr@DU__crt_internal_free_policy@@@@QEAA@QEAD@Z 0000000180003260 f i libvcruntimed:std_type_info.obj
 0001:00002260       ??0?$__crt_unique_heap_ptr@PEAU__crt_stdio_stream_data@@U__crt_internal_free_policy@@@@QEAA@QEAPEAU__crt_stdio_stream_data@@@Z 0000000180003260 f i libucrtd:_file.obj
 0001:00002260       ??0__crt_stdio_stream@@QEAA@QEAU_iobuf@@@Z 0000000180003260 f i libucrtd:output.obj
 0001:00002260       ??0?$__crt_unique_heap_ptr@U__acrt_ptd@@U__crt_internal_free_policy@@@@QEAA@QEAU__acrt_ptd@@@Z 0000000180003260 f i libucrtd:per_thread_data.obj
 0001:00002260       ??0?$__crt_unique_heap_ptr@DU__crt_public_free_policy@@@@QEAA@QEAD@Z 0000000180003260 f i libvcruntimed:std_exception.obj
 0001:00002260       ??0?$__crt_unique_heap_ptr@U__crt_lowio_handle_data@@U__crt_internal_free_policy@@@@QEAA@QEAU__crt_lowio_handle_data@@@Z 0000000180003260 f i libucrtd:osfinfo.obj
 0001:00002260       ??0?$__crt_unique_heap_ptr@U__crt_multibyte_data@@U__crt_internal_free_policy@@@@QEAA@QEAU__crt_multibyte_data@@@Z 0000000180003260 f i libucrtd:mbctype.obj
 0001:00002260       ??0__crt_stdio_stream@@QEAA@QEAU__crt_stdio_stream_data@@@Z 0000000180003260 f i libucrtd:fflush.obj
 0001:00002260       ??0?$__crt_scoped_stack_ptr_tag@_W@@QEAA@QEA_W@Z 0000000180003260 f i libucrtd:getstringtypea.obj
 0001:00002260       ??0?$__crt_unique_heap_ptr@EU__crt_internal_free_policy@@@@QEAA@QEAE@Z 0000000180003260 f i libucrtd:argv_parsing.obj
 0001:00002280       ??1?$__crt_unique_heap_ptr@U__crt_lowio_handle_data@@U__crt_internal_free_policy@@@@QEAA@XZ 0000000180003280 f i libucrtd:osfinfo.obj
 0001:00002280       ??1?$__crt_unique_heap_ptr@U__crt_multibyte_data@@U__crt_internal_free_policy@@@@QEAA@XZ 0000000180003280 f i libucrtd:mbctype.obj
 0001:00002280       ??1?$__crt_unique_heap_ptr@U__acrt_ptd@@U__crt_internal_free_policy@@@@QEAA@XZ 0000000180003280 f i libucrtd:per_thread_data.obj
 0001:00002280       ??1?$__crt_unique_heap_ptr@PEADU__crt_internal_free_policy@@@@QEAA@XZ 0000000180003280 f i libucrtd:argv_parsing.obj
 0001:00002280       ??1?$__crt_unique_heap_ptr@EU__crt_internal_free_policy@@@@QEAA@XZ 0000000180003280 f i libucrtd:argv_parsing.obj
 0001:00002280       ??1?$__crt_unique_heap_ptr@U__vcrt_ptd@@U__crt_internal_free_policy@@@@QEAA@XZ 0000000180003280 f i libvcruntimed:per_thread_data.obj
 0001:00002280       ??1?$__crt_unique_heap_ptr@PEAU__crt_stdio_stream_data@@U__crt_internal_free_policy@@@@QEAA@XZ 0000000180003280 f i libucrtd:_file.obj
 0001:00002280       ??1?$__crt_unique_heap_ptr@DU__crt_internal_free_policy@@@@QEAA@XZ 0000000180003280 f i libvcruntimed:std_type_info.obj
 0001:000022a0       ??B?$__crt_unique_heap_ptr@U__crt_lowio_handle_data@@U__crt_internal_free_policy@@@@QEBA_NXZ 00000001800032a0 f i libucrtd:osfinfo.obj
 0001:000022a0       ??B?$__crt_unique_heap_ptr@DU__crt_internal_free_policy@@@@QEBA_NXZ 00000001800032a0 f i libvcruntimed:std_type_info.obj
 0001:000022a0       ??B?$__crt_unique_heap_ptr@U__crt_multibyte_data@@U__crt_internal_free_policy@@@@QEBA_NXZ 00000001800032a0 f i libucrtd:mbctype.obj
 0001:000022a0       ??B?$__crt_unique_heap_ptr@DU__crt_public_free_policy@@@@QEBA_NXZ 00000001800032a0 f i libvcruntimed:std_exception.obj
 0001:000022a0       ??B?$__crt_unique_heap_ptr@U__acrt_ptd@@U__crt_internal_free_policy@@@@QEBA_NXZ 00000001800032a0 f i libucrtd:per_thread_data.obj
 0001:000022a0       ??B?$__crt_unique_heap_ptr@U__vcrt_ptd@@U__crt_internal_free_policy@@@@QEBA_NXZ 00000001800032a0 f i libvcruntimed:per_thread_data.obj
 0001:000022a0       ??B?$__crt_unique_heap_ptr@EU__crt_internal_free_policy@@@@QEBA_NXZ 00000001800032a0 f i libucrtd:argv_parsing.obj
 0001:000022c0       ?save_state@?$c_string_character_source@_W@__crt_strtox@@QEBAPEB_WXZ 00000001800032c0 f i libucrtd:atox.obj
 0001:000022c0       ?get@?$__crt_unique_heap_ptr@U__acrt_ptd@@U__crt_internal_free_policy@@@@QEBAPEAU__acrt_ptd@@XZ 00000001800032c0 f i libucrtd:per_thread_data.obj
 0001:000022c0       ?get@?$__crt_unique_heap_ptr@U__crt_multibyte_data@@U__crt_internal_free_policy@@@@QEBAPEAU__crt_multibyte_data@@XZ 00000001800032c0 f i libucrtd:mbctype.obj
 0001:000022c0       ?get@?$__crt_unique_heap_ptr@EU__crt_internal_free_policy@@@@QEBAPEAEXZ 00000001800032c0 f i libucrtd:argv_parsing.obj
 0001:000022c0       ?get@?$__crt_unique_handle_t@U__crt_hmodule_traits@@@@QEBAPEAUHINSTANCE__@@XZ 00000001800032c0 f i libucrtd:exit.obj
 0001:000022c0       ?save_state@?$c_string_character_source@D@__crt_strtox@@QEBAPEBDXZ 00000001800032c0 f i libucrtd:atox.obj
 0001:000022c0       ?get@?$__crt_unique_heap_ptr@U__crt_lowio_handle_data@@U__crt_internal_free_policy@@@@QEBAPEAU__crt_lowio_handle_data@@XZ 00000001800032c0 f i libucrtd:osfinfo.obj
 0001:000022c0       ?get@?$__crt_unique_heap_ptr@DU__crt_public_free_policy@@@@QEBAPEADXZ 00000001800032c0 f i libvcruntimed:std_exception.obj
 0001:000022c0       ?getFuncInfo@TryBlockMap@__FrameHandler3@@QEAAPEBU_s_FuncInfo@@XZ 00000001800032c0 f i libvcruntimed:risctrnsctrl.obj
 0001:000022c0       ?get@?$__crt_unique_heap_ptr@U__vcrt_ptd@@U__crt_internal_free_policy@@@@QEBAPEAU__vcrt_ptd@@XZ 00000001800032c0 f i libvcruntimed:per_thread_data.obj
 0001:000022c0       ?public_stream@__crt_stdio_stream@@QEBAPEAU_iobuf@@XZ 00000001800032c0 f i libucrtd:output.obj
 0001:000022c0       ?get@?$__crt_unique_heap_ptr@PEADU__crt_internal_free_policy@@@@QEBAPEAPEADXZ 00000001800032c0 f i libucrtd:argv_parsing.obj
 0001:000022c0       ?get@?$__crt_unique_heap_ptr@DU__crt_internal_free_policy@@@@QEBAPEADXZ 00000001800032c0 f i libvcruntimed:std_type_info.obj
 0001:000022c0       ??C__crt_stdio_stream@@QEBAPEAU__crt_stdio_stream_data@@XZ 00000001800032c0 f i libucrtd:output.obj
 0001:000022c0       ?get@?$__crt_scoped_stack_ptr@_W@@QEBAPEA_WXZ 00000001800032c0 f i libucrtd:getstringtypea.obj
 0001:000022c0       ?get@?$__crt_unique_handle_t@U__crt_findfile_traits@@@@QEBAPEAXXZ 00000001800032c0 f i libucrtd:argv_wildcards.obj
 0001:000022d0       ?is_valid@?$__crt_unique_heap_ptr@DU__crt_public_free_policy@@@@QEBA_NXZ 00000001800032d0 f i libvcruntimed:std_exception.obj
 0001:000022d0       ?is_valid@?$__crt_unique_heap_ptr@U__vcrt_ptd@@U__crt_internal_free_policy@@@@QEBA_NXZ 00000001800032d0 f i libvcruntimed:per_thread_data.obj
 0001:000022d0       ?is_valid@?$__crt_unique_heap_ptr@U__crt_lowio_handle_data@@U__crt_internal_free_policy@@@@QEBA_NXZ 00000001800032d0 f i libucrtd:osfinfo.obj
 0001:000022d0       ?is_valid@?$__crt_unique_heap_ptr@EU__crt_internal_free_policy@@@@QEBA_NXZ 00000001800032d0 f i libucrtd:argv_parsing.obj
 0001:000022d0       ?is_valid@?$__crt_unique_heap_ptr@U__crt_multibyte_data@@U__crt_internal_free_policy@@@@QEBA_NXZ 00000001800032d0 f i libucrtd:mbctype.obj
 0001:000022d0       ?is_valid@?$__crt_unique_heap_ptr@DU__crt_internal_free_policy@@@@QEBA_NXZ 00000001800032d0 f i libvcruntimed:std_type_info.obj
 0001:000022d0       ??B?$__crt_scoped_stack_ptr@_W@@QEBA_NXZ 00000001800032d0 f i libucrtd:lcmapstringa.obj
 0001:000022d0       ?valid@__crt_stdio_stream@@QEBA_NXZ 00000001800032d0 f i libucrtd:output.obj
 0001:000022d0       ?is_valid@?$__crt_unique_heap_ptr@U__acrt_ptd@@U__crt_internal_free_policy@@@@QEBA_NXZ 00000001800032d0 f i libucrtd:per_thread_data.obj
 0001:00002300       ?release@?$__crt_unique_heap_ptr@PEAU__crt_stdio_stream_data@@U__crt_internal_free_policy@@@@QEAAXXZ 0000000180003300 f i libucrtd:_file.obj
 0001:00002300       ?release@?$__crt_unique_heap_ptr@U__acrt_ptd@@U__crt_internal_free_policy@@@@QEAAXXZ 0000000180003300 f i libucrtd:per_thread_data.obj
 0001:00002300       ?release@?$__crt_unique_heap_ptr@DU__crt_internal_free_policy@@@@QEAAXXZ 0000000180003300 f i libvcruntimed:std_type_info.obj
 0001:00002300       ?release@?$__crt_unique_heap_ptr@U__crt_multibyte_data@@U__crt_internal_free_policy@@@@QEAAXXZ 0000000180003300 f i libucrtd:mbctype.obj
 0001:00002300       ?release@?$__crt_unique_heap_ptr@PEADU__crt_internal_free_policy@@@@QEAAXXZ 0000000180003300 f i libucrtd:argv_parsing.obj
 0001:00002300       ?release@?$__crt_unique_heap_ptr@U__crt_lowio_handle_data@@U__crt_internal_free_policy@@@@QEAAXXZ 0000000180003300 f i libucrtd:osfinfo.obj
 0001:00002300       ?release@?$__crt_unique_heap_ptr@EU__crt_internal_free_policy@@@@QEAAXXZ 0000000180003300 f i libucrtd:argv_parsing.obj
 0001:00002300       ?release@?$__crt_unique_heap_ptr@U__vcrt_ptd@@U__crt_internal_free_policy@@@@QEAAXXZ 0000000180003300 f i libvcruntimed:per_thread_data.obj
 0001:00002330       __std_type_info_compare    0000000180003330 f   libvcruntimed:std_type_info.obj
 0001:00002370       __std_type_info_destroy_list 0000000180003370 f   libvcruntimed:std_type_info.obj
 0001:000023d0       __vcrt_initialize          00000001800033d0 f   libvcruntimed:initialization.obj
 0001:00002410       __vcrt_thread_attach       0000000180003410 f   libvcruntimed:initialization.obj
 0001:00002430       __vcrt_thread_detach       0000000180003430 f   libvcruntimed:initialization.obj
 0001:00002450       __vcrt_uninitialize        0000000180003450 f   libvcruntimed:initialization.obj
 0001:00002480       __vcrt_uninitialize_critical 0000000180003480 f   libvcruntimed:initialization.obj
 0001:000024b0       _NLG_Notify                00000001800034b0 f   libvcruntimed:_notify_.obj
 0001:000024d0       __NLG_Dispatch2            00000001800034d0 f   libvcruntimed:_notify_.obj
 0001:000024e0       __NLG_Return2              00000001800034e0 f   libvcruntimed:_notify_.obj
 0001:000024f0       __except_validate_context_record 00000001800034f0 f   libvcruntimed:jbcxrval.obj
 0001:00002550       __DestructExceptionObject  0000000180003550 f   libvcruntimed:ehhelpers.obj
 0001:00002650       ?_CallMemberFunction0@@YAXQEAX0@Z 0000000180003650 f i libvcruntimed:ehhelpers.obj
 0001:00002680       _IsExceptionObjectToBeDestroyed 0000000180003680 f   libvcruntimed:ehhelpers.obj
 0001:000026d0       __AdjustPointer            00000001800036d0 f   libvcruntimed:ehhelpers.obj
 0001:00002750       __FrameUnwindFilter        0000000180003750 f   libvcruntimed:ehhelpers.obj
 0001:000027e0       _vsprintf_s_l              00000001800037e0 f i libvcruntimed:undname.obj
 0001:00002850       sprintf_s                  0000000180003850 f i libvcruntimed:undname.obj
 0001:000028f0       ?detach@?$__crt_unique_heap_ptr@EU__crt_internal_free_policy@@@@QEAAPEAEXZ 00000001800038f0 f i libucrtd:argv_parsing.obj
 0001:000028f0       ?detach@?$__crt_unique_heap_ptr@U__crt_lowio_handle_data@@U__crt_internal_free_policy@@@@QEAAPEAU__crt_lowio_handle_data@@XZ 00000001800038f0 f i libucrtd:osfinfo.obj
 0001:000028f0       ?detach@?$__crt_unique_heap_ptr@PEADU__crt_internal_free_policy@@@@QEAAPEAPEADXZ 00000001800038f0 f i libucrtd:argv_parsing.obj
 0001:000028f0       ?detach@?$__crt_unique_heap_ptr@DU__crt_public_free_policy@@@@QEAAPEADXZ 00000001800038f0 f i libvcruntimed:std_exception.obj
 0001:000028f0       ?detach@?$__crt_unique_heap_ptr@U__acrt_ptd@@U__crt_internal_free_policy@@@@QEAAPEAU__acrt_ptd@@XZ 00000001800038f0 f i libucrtd:per_thread_data.obj
 0001:000028f0       ?detach@?$__crt_unique_heap_ptr@U__crt_multibyte_data@@U__crt_internal_free_policy@@@@QEAAPEAU__crt_multibyte_data@@XZ 00000001800038f0 f i libucrtd:mbctype.obj
 0001:000028f0       ?detach@?$__crt_unique_heap_ptr@PEAU__crt_stdio_stream_data@@U__crt_internal_free_policy@@@@QEAAPEAPEAU__crt_stdio_stream_data@@XZ 00000001800038f0 f i libucrtd:_file.obj
 0001:000028f0       ?detach@?$__crt_unique_heap_ptr@U__vcrt_ptd@@U__crt_internal_free_policy@@@@QEAAPEAU__vcrt_ptd@@XZ 00000001800038f0 f i libvcruntimed:per_thread_data.obj
 0001:00002970       __vcrt_freefls             0000000180003970 f   libvcruntimed:per_thread_data.obj
 0001:000029b0       __vcrt_freeptd             00000001800039b0 f   libvcruntimed:per_thread_data.obj
 0001:00002a10       __vcrt_getptd              0000000180003a10 f   libvcruntimed:per_thread_data.obj
 0001:00002a40       __vcrt_getptd_noexit       0000000180003a40 f   libvcruntimed:per_thread_data.obj
 0001:00002be0       __vcrt_initialize_ptd      0000000180003be0 f   libvcruntimed:per_thread_data.obj
 0001:00002c30       __vcrt_uninitialize_ptd    0000000180003c30 f   libvcruntimed:per_thread_data.obj
 0001:00002c60       __vcrt_initialize_locks    0000000180003c60 f   libvcruntimed:locks.obj
 0001:00002cd0       __vcrt_uninitialize_locks  0000000180003cd0 f   libvcruntimed:locks.obj
 0001:00002d30       ??$?BX@__crt_fast_encoded_nullptr_t@@QEBAPEAXXZ 0000000180003d30 f i libvcruntimed:winapi_downlevel.obj
 0001:00002d30       ??$?B$$A6AXXZ@__crt_fast_encoded_nullptr_t@@QEBAP6AXXZXZ 0000000180003d30 f i libvcruntimed:purevirt_data.obj
 0001:00002d30       ??$?BP6AXXZ@__crt_fast_encoded_nullptr_t@@QEBAPEAP6AXXZXZ 0000000180003d30 f i libucrtd:onexit.obj
 0001:00002d30       ??$?B$$A6AXPEAXK0@Z@__crt_fast_encoded_nullptr_t@@QEBAP6AXPEAXK0@ZXZ 0000000180003d30 f i libucrtd:exit.obj
 0001:00002d30       ??$?B$$A6AXH@Z@__crt_fast_encoded_nullptr_t@@QEBAP6AXH@ZXZ 0000000180003d30 f i libucrtd:signal.obj
 0001:00002d50       ??$__crt_interlocked_exchange_pointer@UHINSTANCE__@@PEAX@@YAPEAUHINSTANCE__@@PEDSEAU0@QEAX@Z 0000000180003d50 f i libvcruntimed:winapi_downlevel.obj
 0001:00002d50       ??$__crt_interlocked_exchange_pointer@UHINSTANCE__@@PEAU1@@@YAPEAUHINSTANCE__@@PEDSEAU0@QEAU0@@Z 0000000180003d50 f i libvcruntimed:winapi_downlevel.obj
 0001:00002d50       ??$__crt_interlocked_exchange_pointer@XPEAX@@YAPEAXPEDSEAXQEAX@Z 0000000180003d50 f i libvcruntimed:winapi_downlevel.obj
 0001:00002d70       ?__crt_fast_encode_pointer@@YA?AU__crt_fast_encoded_nullptr_t@@$$T@Z 0000000180003d70 f i libvcruntimed:winapi_downlevel.obj
 0001:00002d90       ?get_invalid_value@__crt_findfile_traits@@SAPEAXXZ 0000000180003d90 f   libucrtd:argv_wildcards.obj
 0001:000032d0       __vcrt_FlsAlloc            00000001800042d0 f   libvcruntimed:winapi_downlevel.obj
 0001:00003320       __vcrt_FlsFree             0000000180004320 f   libvcruntimed:winapi_downlevel.obj
 0001:00003370       __vcrt_FlsGetValue         0000000180004370 f   libvcruntimed:winapi_downlevel.obj
 0001:000033c0       __vcrt_FlsSetValue         00000001800043c0 f   libvcruntimed:winapi_downlevel.obj
 0001:00003420       __vcrt_InitializeCriticalSectionEx 0000000180004420 f   libvcruntimed:winapi_downlevel.obj
 0001:00003480       __vcrt_initialize_winapi_thunks 0000000180004480 f   libvcruntimed:winapi_downlevel.obj
 0001:00003500       __vcrt_uninitialize_winapi_thunks 0000000180004500 f   libvcruntimed:winapi_downlevel.obj
 0001:000035a0       __vcrt_initialize_pure_virtual_call_handler 00000001800045a0 f   libvcruntimed:purevirt_data.obj
 0001:000035e0       memcpy_repmovs             00000001800045e0 f   libvcruntimed:memcpy.obj
 0001:00003600       memcpy                     0000000180004600 f   libvcruntimed:memcpy.obj
 0001:00003600       memmove                    0000000180004600 f   libvcruntimed:memcpy.obj
 0001:00003a40       ??$?0AEAViterator@TryBlockMap@__FrameHandler3@@AEAV012@$0A@@?$pair@Viterator@TryBlockMap@__FrameHandler3@@V123@@std@@QEAA@AEAViterator@TryBlockMap@__FrameHandler3@@0@Z 0000000180004a40 f i libvcruntimed:risctrnsctrl.obj
 0001:00003b50       ??$_CallSETranslator@V__FrameHandler3@@@@YAHPEAUEHExceptionRecord@@PEA_KPEAU_CONTEXT@@PEAU_xDISPATCHER_CONTEXT@@PEBU_s_FuncInfo@@K1@Z 0000000180004b50 f i libvcruntimed:risctrnsctrl.obj
 0001:00003bd0       ?dangerous_get_state_array@?$dual_state_global@PEAU__crt_locale_data@@@__crt_state_management@@QEAAPEAPEAU__crt_locale_data@@XZ 0000000180004bd0 f i libucrtd:per_thread_data.obj
 0001:00003bd0       ?dangerous_get_state_array@?$dual_state_global@PEAE@__crt_state_management@@QEAAPEAPEAEXZ 0000000180004bd0 f i libucrtd:mbctype.obj
 0001:00003bd0       ?debug_info@?$__crt_win32_buffer@DU__crt_win32_buffer_no_resizing@@@@QEBAAEBV__crt_win32_buffer_empty_debug_info@@XZ 0000000180004bd0 f i libucrtd:findnextfilea.obj
 0001:00003bd0       ?dangerous_get_state_array@?$dual_state_global@PEAU__crt_multibyte_data@@@__crt_state_management@@QEAAPEAPEAU__crt_multibyte_data@@XZ 0000000180004bd0 f i libucrtd:mbctype.obj
 0001:00003bd0       ?get_address_of@?$__crt_unique_heap_ptr@PEADU__crt_internal_free_policy@@@@QEAAPEAPEAPEADXZ 0000000180004bd0 f i libucrtd:argv_parsing.obj
 0001:00003bd0       ?dangerous_get_state_array@?$dual_state_global@P6AXPEB_W00I_K@Z@__crt_state_management@@QEAAPEAP6AXPEB_W00I_K@ZXZ 0000000180004bd0 f i libucrtd:invalid_parameter.obj
 0001:00003bd0       ?debug_info@?$__crt_win32_buffer@_WU__crt_win32_buffer_internal_dynamic_resizing@@@@QEBAAEBV__crt_win32_buffer_empty_debug_info@@XZ 0000000180004bd0 f i libucrtd:findfirstfileexa.obj
 0001:00003bd0       ?get_address_of@?$__crt_unique_handle_t@U__crt_hmodule_traits@@@@QEAAPEAPEAUHINSTANCE__@@XZ 0000000180004bd0 f i libucrtd:exit.obj
 0001:00003bd0       ??$forward@AEAViterator@TryBlockMap@__FrameHandler3@@@std@@YAAEAViterator@TryBlockMap@__FrameHandler3@@AEAV123@@Z 0000000180004bd0 f i libvcruntimed:risctrnsctrl.obj
 0001:00003be0       ??0iterator@HandlerMap@__FrameHandler3@@QEAA@AEAV12@I@Z 0000000180004be0 f i libvcruntimed:frame.obj
 0001:00003be0       ??0iterator@TryBlockMap@__FrameHandler3@@QEAA@AEAV12@I@Z 0000000180004be0 f i libvcruntimed:risctrnsctrl.obj
 0001:00003c10       ?CatchTryBlock@__FrameHandler3@@SAPEBU_s_TryBlockMapEntry@@PEBU_s_FuncInfo@@H@Z 0000000180004c10 f   libvcruntimed:risctrnsctrl.obj
 0001:00003cb0       ?ExecutionInCatch@__FrameHandler3@@SA_NPEAU_xDISPATCHER_CONTEXT@@PEBU_s_FuncInfo@@@Z 0000000180004cb0 f   libvcruntimed:risctrnsctrl.obj
 0001:00003d00       ?FrameUnwindToEmptyState@__FrameHandler3@@SAXPEA_KPEAU_xDISPATCHER_CONTEXT@@PEBU_s_FuncInfo@@@Z 0000000180004d00 f   libvcruntimed:risctrnsctrl.obj
 0001:00003da0       ?GetEstablisherFrame@__FrameHandler3@@SAPEA_KPEA_KPEAU_xDISPATCHER_CONTEXT@@PEBU_s_FuncInfo@@0@Z 0000000180004da0 f   libvcruntimed:risctrnsctrl.obj
 0001:00003f10       ?GetRangeOfTrysToCheck@__FrameHandler3@@SA?AU?$pair@Viterator@TryBlockMap@__FrameHandler3@@V123@@std@@AEAVTryBlockMap@1@HH@Z 0000000180004f10 f   libvcruntimed:risctrnsctrl.obj
 0001:00004160       ?UnwindNestedFrames@__FrameHandler3@@SAXPEA_KPEAUEHExceptionRecord@@PEAU_CONTEXT@@0PEAXPEBU_s_FuncInfo@@HHPEBU_s_HandlerType@@PEAU_xDISPATCHER_CONTEXT@@E@Z 0000000180005160 f   libvcruntimed:risctrnsctrl.obj
 0001:000042d0       ?getpDC@TryBlockMap@__FrameHandler3@@QEAAPEAU_xDISPATCHER_CONTEXT@@XZ 00000001800052d0 f i libvcruntimed:risctrnsctrl.obj
 0001:000042e0       _CreateFrameInfo           00000001800052e0 f   libvcruntimed:risctrnsctrl.obj
 0001:00004350       _FindAndUnlinkFrame        0000000180005350 f   libvcruntimed:risctrnsctrl.obj
 0001:000043d0       _GetImageBase              00000001800053d0 f   libvcruntimed:risctrnsctrl.obj
 0001:000043f0       _GetThrowImageBase         00000001800053f0 f   libvcruntimed:risctrnsctrl.obj
 0001:00004410       _SetImageBase              0000000180005410 f   libvcruntimed:risctrnsctrl.obj
 0001:00004430       _SetThrowImageBase         0000000180005430 f   libvcruntimed:risctrnsctrl.obj
 0001:00004450       __CxxFrameHandler3         0000000180005450 f   libvcruntimed:risctrnsctrl.obj
 0001:00004510       ?GetCurrentState@__FrameHandler3@@SAHPEA_KPEAU_xDISPATCHER_CONTEXT@@PEBU_s_FuncInfo@@@Z 0000000180005510 f   libvcruntimed:ehstate.obj
 0001:00004570       ?GetUnwindTryBlock@__FrameHandler3@@SAHPEA_KPEAU_xDISPATCHER_CONTEXT@@PEBU_s_FuncInfo@@@Z 0000000180005570 f   libvcruntimed:ehstate.obj
 0001:000045c0       ?SetState@__FrameHandler3@@SAXPEA_KPEBU_s_FuncInfo@@H@Z 00000001800055c0 f   libvcruntimed:ehstate.obj
 0001:000045f0       ?SetUnwindTryBlock@__FrameHandler3@@SAXPEA_KPEAU_xDISPATCHER_CONTEXT@@PEBU_s_FuncInfo@@H@Z 00000001800055f0 f   libvcruntimed:ehstate.obj
 0001:00004660       ?StateFromControlPc@__FrameHandler3@@SAHPEBU_s_FuncInfo@@PEAU_xDISPATCHER_CONTEXT@@@Z 0000000180005660 f   libvcruntimed:ehstate.obj
 0001:000046a0       ?StateFromIp@__FrameHandler3@@SAHPEBU_s_FuncInfo@@PEAU_xDISPATCHER_CONTEXT@@_K@Z 00000001800056a0 f   libvcruntimed:ehstate.obj
 0001:000058f0       ??$TypeMatchHelper@$$CBU_s_HandlerType@@@@YAHPEBU_s_HandlerType@@PEBU_s_CatchableType@@PEBU_s_ThrowInfo@@@Z 00000001800068f0 f i libvcruntimed:frame.obj
 0001:00005ae0       ??$__InternalCxxFrameHandler@V__FrameHandler3@@@@YA?AW4_EXCEPTION_DISPOSITION@@PEAUEHExceptionRecord@@PEA_KPEAU_CONTEXT@@PEAU_xDISPATCHER_CONTEXT@@PEBU_s_FuncInfo@@H1E@Z 0000000180006ae0 f i libvcruntimed:frame.obj
 0001:00005f60       ??0HandlerMap@__FrameHandler3@@QEAA@PEBU_s_TryBlockMapEntry@@PEAU_xDISPATCHER_CONTEXT@@@Z 0000000180006f60 f i libvcruntimed:frame.obj
 0001:00005fa0       ??0TryBlockMap@__FrameHandler3@@QEAA@PEBU_s_FuncInfo@@PEAU_xDISPATCHER_CONTEXT@@@Z 0000000180006fa0 f i libvcruntimed:frame.obj
 0001:00005fd0       ??0bad_exception@std@@QEAA@AEBV01@@Z 0000000180006fd0 f i libvcruntimed:frame.obj
 0001:00006010       ??0bad_exception@std@@QEAA@XZ 0000000180007010 f i libvcruntimed:frame.obj
 0001:00006050       ??0exception@std@@QEAA@AEBV01@@Z 0000000180007050 f i libvcruntimed:frame.obj
 0001:000060b0       ??0exception@std@@QEAA@QEBDH@Z 00000001800070b0 f i libvcruntimed:frame.obj
 0001:00006100       ??1bad_exception@std@@UEAA@XZ 0000000180007100 f i libvcruntimed:frame.obj
 0001:00006120       ??1exception@std@@UEAA@XZ  0000000180007120 f i libvcruntimed:frame.obj
 0001:00006150       ??8iterator@HandlerMap@__FrameHandler3@@QEBA_NAEBV012@@Z 0000000180007150 f i libvcruntimed:frame.obj
 0001:00006190       ??8type_info@@QEBA_NAEBV0@@Z 0000000180007190 f i libvcruntimed:frame.obj
 0001:000061e0       ??9iterator@HandlerMap@__FrameHandler3@@QEBA_NAEBV012@@Z 00000001800071e0 f i libvcruntimed:frame.obj
 0001:00006220       ??Diterator@HandlerMap@__FrameHandler3@@QEAAPEBU_s_HandlerType@@XZ 0000000180007220 f i libvcruntimed:frame.obj
 0001:00006250       ??Diterator@TryBlockMap@__FrameHandler3@@QEAAPEBU_s_TryBlockMapEntry@@XZ 0000000180007250 f i libvcruntimed:frame.obj
 0001:00006290       ??Eiterator@HandlerMap@__FrameHandler3@@QEAAAEAV012@XZ 0000000180007290 f i libvcruntimed:frame.obj
 0001:00006290       ??Eiterator@TryBlockMap@__FrameHandler3@@QEAAAEAV012@XZ 0000000180007290 f i libvcruntimed:frame.obj
 0001:000062b0       ??Miterator@TryBlockMap@__FrameHandler3@@QEBA_NAEBV012@@Z 00000001800072b0 f i libvcruntimed:frame.obj
 0001:000062f0       ??_Gbad_exception@std@@UEAAPEAXI@Z 00000001800072f0 f i libvcruntimed:frame.obj
 0001:000062f0       ??_Ebad_exception@std@@UEAAPEAXI@Z 00000001800072f0 f i libvcruntimed:frame.obj
 0001:00006330       ??_Eexception@std@@UEAAPEAXI@Z 0000000180007330 f i libvcruntimed:frame.obj
 0001:00006330       ??_Gexception@std@@UEAAPEAXI@Z 0000000180007330 f i libvcruntimed:frame.obj
 0001:00006370       ?BuildCatchObject@__FrameHandler3@@SAXPEAUEHExceptionRecord@@PEAXPEBU_s_HandlerType@@PEBU_s_CatchableType@@@Z 0000000180007370 f   libvcruntimed:frame.obj
 0001:000063b0       ?CxxCallCatchBlock@__FrameHandler3@@SAPEAXPEAU_EXCEPTION_RECORD@@@Z 00000001800073b0 f   libvcruntimed:frame.obj
 0001:00006710       ?FrameUnwindToState@__FrameHandler3@@SAXPEA_KPEAU_xDISPATCHER_CONTEXT@@PEBU_s_FuncInfo@@H@Z 0000000180007710 f   libvcruntimed:frame.obj
 0001:000069a0       ?GetHandlerSearchState@__FrameHandler3@@SAHPEA_KPEAU_xDISPATCHER_CONTEXT@@PEBU_s_FuncInfo@@@Z 00000001800079a0 f i libvcruntimed:frame.obj
 0001:00006a50       ?GetMaxState@__FrameHandler3@@SAHPEAU_xDISPATCHER_CONTEXT@@PEBU_s_FuncInfo@@@Z 0000000180007a50 f i libvcruntimed:frame.obj
 0001:00006c80       __TypeMatch                0000000180007c80 f   libvcruntimed:frame.obj
 0001:00006c80       ?TypeMatch@__FrameHandler3@@SAHPEBU_s_HandlerType@@PEBU_s_CatchableType@@PEBU_s_ThrowInfo@@@Z 0000000180007c80 f   libvcruntimed:frame.obj
 0001:00006cb0       ?_CallMemberFunction1@@YAXQEAX00@Z 0000000180007cb0 f i libvcruntimed:frame.obj
 0001:00006ce0       ?_CallMemberFunction2@@YAXQEAX00H@Z 0000000180007ce0 f i libvcruntimed:frame.obj
 0001:00006d20       ?_ValidateExecute@@YA_NP6A_JXZ@Z 0000000180007d20 f i libvcruntimed:frame.obj
 0001:00006d40       ?_ValidateRead@@YA_NPEBXI@Z 0000000180007d40 f i libvcruntimed:frame.obj
 0001:00006d40       ?_ValidateWrite@@YA_NPEAXI@Z 0000000180007d40 f i libvcruntimed:frame.obj
 0001:00006da0       ?begin@HandlerMap@__FrameHandler3@@QEAA?AViterator@12@XZ 0000000180007da0 f i libvcruntimed:frame.obj
 0001:00006dd0       ?end@HandlerMap@__FrameHandler3@@QEAA?AViterator@12@XZ 0000000180007dd0 f i libvcruntimed:frame.obj
 0001:00006e00       ?getESTypes@__FrameHandler3@@SAPEBU_s_ESTypeList@@PEBU_s_FuncInfo@@@Z 0000000180007e00 f i libvcruntimed:frame.obj
 0001:00006e40       ?getLastEntry@HandlerMap@__FrameHandler3@@QEAAPEBU_s_HandlerType@@XZ 0000000180007e40 f i libvcruntimed:frame.obj
 0001:00006e60       ?getMagicNum@__FrameHandler3@@SAIPEBU_s_FuncInfo@@@Z 0000000180007e60 f i libvcruntimed:frame.obj
 0001:00006e80       ?getNumTryBlocks@TryBlockMap@__FrameHandler3@@QEAAIXZ 0000000180007e80 f i libvcruntimed:frame.obj
 0001:00006ea0       ?isEHs@__FrameHandler3@@SA_NPEBU_s_FuncInfo@@@Z 0000000180007ea0 f i libvcruntimed:frame.obj
 0001:00006ee0       ?isNoExcept@__FrameHandler3@@SA_NPEBU_s_FuncInfo@@@Z 0000000180007ee0 f i libvcruntimed:frame.obj
 0001:00006f20       ?what@exception@std@@UEBAPEBDXZ 0000000180007f20 f i libvcruntimed:frame.obj
 0001:00006f60       __vcrt_EncodePointer       0000000180007f60 f i libvcruntimed:frame.obj
 0001:00006f90       memset_repmovs             0000000180007f90 f   libvcruntimed:memset.obj
 0001:00006fb0       memset                     0000000180007fb0 f   libvcruntimed:memset.obj
 0001:00007150       _CallSettingFrame          0000000180008150 f   libvcruntimed:handlers.obj
 0001:000071a0       _CallSettingFrameEncoded   00000001800081a0 f   libvcruntimed:handlers.obj
 0001:000071f0       ??$?RD@__crt_public_free_policy@@QEBAXQEBD@Z 00000001800081f0 f i libvcruntimed:std_exception.obj
 0001:00007210       ??1?$__crt_unique_heap_ptr@DU__crt_public_free_policy@@@@QEAA@XZ 0000000180008210 f i libvcruntimed:std_exception.obj
 0001:00007230       ?release@?$__crt_unique_heap_ptr@DU__crt_public_free_policy@@@@QEAAXXZ 0000000180008230 f i libvcruntimed:std_exception.obj
 0001:00007260       __std_exception_copy       0000000180008260 f   libvcruntimed:std_exception.obj
 0001:00007390       __std_exception_destroy    0000000180008390 f   libvcruntimed:std_exception.obj
 0001:000073d0       _CxxThrowException         00000001800083d0 f   libvcruntimed:throw.obj
 0001:00007520       sinf                       0000000180008520 f   libucrtd:sinf.obj
 0001:00007c20       _initterm                  0000000180008c20 f   libucrtd:initterm.obj
 0001:00007c80       _initterm_e                0000000180008c80 f   libucrtd:initterm.obj
 0001:00007d70       _seh_filter_dll            0000000180008d70 f   libucrtd:exception_filter.obj
 0001:00007da0       _seh_filter_exe            0000000180008da0 f   libucrtd:exception_filter.obj
 0001:000080d0       ??$__crt_get_proc_address@P6AXI@Z@@YAP6AXI@ZQEAUHINSTANCE__@@QEBD@Z 00000001800090d0 f i libucrtd:exit.obj
 0001:00008100       ??$__crt_interlocked_read@J@@YAJPEDJ@Z 0000000180009100 f i libucrtd:exit.obj
 0001:00008190       ??1?$__crt_unique_handle_t@U__crt_hmodule_traits@@@@QEAA@XZ 0000000180009190 f i libucrtd:exit.obj
 0001:000082f0       ?__acrt_select_exit_lock@@YA?AW4__acrt_lock_id@@XZ 00000001800092f0 f i libucrtd:exit.obj
 0001:00008300       ?__crt_interlocked_read_32@@YAHPEDH@Z 0000000180009300 f i libucrtd:exit.obj
 0001:00008340       ?close@?$__crt_unique_handle_t@U__crt_hmodule_traits@@@@QEAAXXZ 0000000180009340 f i libucrtd:exit.obj
 0001:00008380       ?close@__crt_hmodule_traits@@SA_NPEAUHINSTANCE__@@@Z 0000000180009380 f i libucrtd:exit.obj
 0001:00008490       ?get_current_state_index@__crt_state_management@@YA_KXZ 0000000180009490 f i libucrtd:environment_initialization.obj
 0001:00008490       ?get_invalid_value@__crt_hmodule_traits@@SAPEAUHINSTANCE__@@XZ 0000000180009490 f i libucrtd:exit.obj
 0001:00008650       __acrt_initialize_thread_local_exit_callback 0000000180009650 f   libucrtd:exit.obj
 0001:00008670       _cexit                     0000000180009670 f   libucrtd:exit.obj
 0001:00008690       _exit                      0000000180009690 f   libucrtd:exit.obj
 0001:000086b0       _is_c_termination_complete 00000001800096b0 f   libucrtd:exit.obj
 0001:00008a60       ??$get_module_file_name@$$TAEAY0BAF@DH@?$__crt_char_traits@D@@SAK$$QEA$$TAEAY0BAF@D$$QEAH@Z 0000000180009a60 f i libucrtd:argv_parsing.obj
 0001:00008a60       ??$get_module_file_name@AEAPEAUHINSTANCE__@@AEAY0BAF@DK@?$__crt_char_traits@D@@SAKAEAPEAUHINSTANCE__@@AEAY0BAF@D$$QEAK@Z 0000000180009a60 f i libucrtd:dbgrpt.obj
 0001:00008f30       ??$set_program_name@PEAD@?$__crt_char_traits@D@@SAX$$QEAPEAD@Z 0000000180009f30 f i libucrtd:argv_parsing.obj
 0001:00009060       __acrt_allocate_buffer_for_argv 000000018000a060 f   libucrtd:argv_parsing.obj
 0001:00009180       _configure_narrow_argv     000000018000a180 f   libucrtd:argv_parsing.obj
 0001:000091a0       _set_pgmptr                000000018000a1a0 f i libucrtd:argv_parsing.obj
 0001:000093d0       ??$tcslen@AEAPEAD@?$__crt_char_traits@D@@SA_KAEAPEAD@Z 000000018000a3d0 f i libucrtd:environment_initialization.obj
 0001:0000941c       ??B?$__crt_unique_heap_ptr@PEADU__crt_internal_free_policy@@@@QEBA_NXZ 000000018000a41c f i libucrtd:environment_initialization.obj
 0001:00009424       ?detach@?$__crt_unique_heap_ptr@DU__crt_internal_free_policy@@@@QEAAPEADXZ 000000018000a424 f i libucrtd:environment_initialization.obj
 0001:0000942c       __dcrt_uninitialize_environments_nolock 000000018000a42c f   libucrtd:environment_initialization.obj
 0001:00009464       _initialize_narrow_environment 000000018000a464 f   libucrtd:environment_initialization.obj
 0001:0000946c       _invoke_watson_if_error    000000018000a46c f i libucrtd:environment_initialization.obj
 0001:00009770       _execute_onexit_table      000000018000a770 f   libucrtd:onexit.obj
 0001:000097b0       _initialize_onexit_table   000000018000a7b0 f   libucrtd:onexit.obj
 0001:00009880       __acrt_uninitialize_command_line 000000018000a880 f   libucrtd:argv_data.obj
 0001:00009af0       ?initialize@?$dual_state_global@P6AH_K@Z@__crt_state_management@@QEAAXQ6AH_K@Z@Z 000000018000aaf0 f i libucrtd:new_handler.obj
 0001:00009af0       ?initialize@?$dual_state_global@P6AXH@Z@__crt_state_management@@QEAAXQ6AXH@Z@Z 000000018000aaf0 f i libucrtd:signal.obj
 0001:00009af0       ?initialize@?$dual_state_global@P6AHPEAU_exception@@@Z@__crt_state_management@@QEAAXQ6AHPEAU_exception@@@Z@Z 000000018000aaf0 f i libucrtd:matherr.obj
 0001:00009af0       ?initialize@?$dual_state_global@PEAU__crt_multibyte_data@@@__crt_state_management@@QEAAXQEAU__crt_multibyte_data@@@Z 000000018000aaf0 f i libucrtd:mbctype.obj
 0001:00009af0       ?initialize@?$dual_state_global@PEAU__crt_locale_data@@@__crt_state_management@@QEAAXQEAU__crt_locale_data@@@Z 000000018000aaf0 f i libucrtd:initialization.obj
 0001:00009b40       __acrt_initialize          000000018000ab40 f   libucrtd:initialization.obj
 0001:00009b70       __acrt_thread_attach       000000018000ab70 f   libucrtd:initialization.obj
 0001:00009b90       __acrt_thread_detach       000000018000ab90 f   libucrtd:initialization.obj
 0001:00009ba0       __acrt_uninitialize        000000018000aba0 f   libucrtd:initialization.obj
 0001:00009bd0       __acrt_uninitialize_critical 000000018000abd0 f   libucrtd:initialization.obj
 0001:00009bf0       terminate                  000000018000abf0 f   libucrtd:terminate.obj
 0001:00009c30       ??$__vcrt_va_start_verify_argument_type@QEBD@@YAXXZ 000000018000ac30 f i libucrtd:debug_heap.obj
 0001:00009c30       ??$__vcrt_va_start_verify_argument_type@QEB_W@@YAXXZ 000000018000ac30 f i libucrtd:dbgrpt.obj
 0001:00009c40       ??0_LocaleUpdate@@QEAA@QEAU__crt_locale_pointers@@@Z 000000018000ac40 f i libucrtd:debug_heap.obj
 0001:00009d60       ??1_LocaleUpdate@@QEAA@XZ  000000018000ad60 f i libucrtd:debug_heap.obj
 0001:00009da0       ?GetLocaleT@_LocaleUpdate@@QEAAPEAU__crt_locale_pointers@@XZ 000000018000ada0 f i libucrtd:debug_heap.obj
 0001:0000bd70       _CrtCheckMemory            000000018000cd70 f   libucrtd:debug_heap.obj
 0001:0000bf00       _CrtDumpMemoryLeaks        000000018000cf00 f   libucrtd:debug_heap.obj
 0001:0000bfc0       _CrtIsValidHeapPointer     000000018000cfc0 f   libucrtd:debug_heap.obj
 0001:0000c000       _CrtIsValidPointer         000000018000d000 f   libucrtd:debug_heap.obj
 0001:0000c040       _CrtMemCheckpoint          000000018000d040 f   libucrtd:debug_heap.obj
 0001:0000c2c0       _CrtMemDumpAllObjectsSince 000000018000d2c0 f   libucrtd:debug_heap.obj
 0001:0000c320       _CrtSetDbgFlag             000000018000d320 f   libucrtd:debug_heap.obj
 0001:0000c480       _CrtSetDumpClient          000000018000d480 f   libucrtd:debug_heap.obj
 0001:0000c4b0       __acrt_get_locale_data_prefix 000000018000d4b0 f i libucrtd:debug_heap.obj
 0001:0000c4d0       __acrt_locale_changed      000000018000d4d0 f i libucrtd:debug_heap.obj
 0001:0000c500       _calloc_dbg                000000018000d500 f   libucrtd:debug_heap.obj
 0001:0000c5a0       _chvalidchk_l              000000018000d5a0 f i libucrtd:debug_heap.obj
 0001:0000c5d0       _free_dbg                  000000018000d5d0 f   libucrtd:debug_heap.obj
 0001:0000c640       _invoke_watson_if_oneof    000000018000d640 f i libucrtd:debug_heap.obj
 0001:0000c6a0       _ischartype_l              000000018000d6a0 f i libucrtd:debug_heap.obj
 0001:0000c700       _malloc_dbg                000000018000d700 f   libucrtd:debug_heap.obj
 0001:0000c740       _msize_dbg                 000000018000d740 f   libucrtd:debug_heap.obj
 0001:0000c8e0       _realloc_dbg               000000018000d8e0 f   libucrtd:debug_heap.obj
 0001:0000c950       _recalloc_dbg              000000018000d950 f   libucrtd:debug_heap.obj
 0001:0000cf20       strcpy_s                   000000018000df20 f   libucrtd:strcpy_s.obj
 0001:0000cf60       strcmp                     000000018000df60 f   libucrtd:strcmp.obj
 0001:0000cfe0       strlen                     000000018000dfe0 f   libucrtd:strlen.obj
 0001:0000d090       ??$?0AEBV?$string_output_adapter@D@__crt_stdio_output@@AEB_KAEBQEBDAEBQEAU__crt_locale_pointers@@AEBQEAD@?$format_validation_base@DV?$string_output_adapter@D@__crt_stdio_output@@@__crt_stdio_output@@IEAA@AEBV?$string_output_adapter@D@1@AEB_KAEBQEBDAEBQEAU__crt_locale_pointers@@AEBQEAD@Z 000000018000e090 f i libucrtd:output.obj
 0001:0000d0e0       ??$?0AEBV?$string_output_adapter@D@__crt_stdio_output@@AEB_KAEBQEBDAEBQEAU__crt_locale_pointers@@AEBQEAD@?$standard_base@DV?$string_output_adapter@D@__crt_stdio_output@@@__crt_stdio_output@@IEAA@AEBV?$string_output_adapter@D@1@AEB_KAEBQEBDAEBQEAU__crt_locale_pointers@@AEBQEAD@Z 000000018000e0e0 f i libucrtd:output.obj
 0001:0000d150       ??$?0AEBV?$string_output_adapter@_W@__crt_stdio_output@@AEB_KAEBQEB_WAEBQEAU__crt_locale_pointers@@AEBQEAD@?$format_validation_base@_WV?$string_output_adapter@_W@__crt_stdio_output@@@__crt_stdio_output@@IEAA@AEBV?$string_output_adapter@_W@1@AEB_KAEBQEB_WAEBQEAU__crt_locale_pointers@@AEBQEAD@Z 000000018000e150 f i libucrtd:output.obj
 0001:0000d1a0       ??$?0AEBV?$string_output_adapter@_W@__crt_stdio_output@@AEB_KAEBQEB_WAEBQEAU__crt_locale_pointers@@AEBQEAD@?$standard_base@_WV?$string_output_adapter@_W@__crt_stdio_output@@@__crt_stdio_output@@IEAA@AEBV?$string_output_adapter@_W@1@AEB_KAEBQEB_WAEBQEAU__crt_locale_pointers@@AEBQEAD@Z 000000018000e1a0 f i libucrtd:output.obj
 0001:0000eb20       ??$count@D@formatting_buffer@__crt_stdio_output@@QEBA_KXZ 000000018000fb20 f i libucrtd:output.obj
 0001:0000eb70       ??$count@_W@formatting_buffer@__crt_stdio_output@@QEBA_KXZ 000000018000fb70 f i libucrtd:output.obj
 0001:0000ebc0       ??$data@_W@formatting_buffer@__crt_stdio_output@@QEAAPEA_WXZ 000000018000fbc0 f i libucrtd:output.obj
 0001:0000ebc0       ??$data@D@formatting_buffer@__crt_stdio_output@@QEAAPEADXZ 000000018000fbc0 f i libucrtd:output.obj
 0001:0000ec10       ??$ensure_buffer_is_big_enough@D@formatting_buffer@__crt_stdio_output@@QEAA_N_K@Z 000000018000fc10 f i libucrtd:output.obj
 0001:0000ed40       ??$ensure_buffer_is_big_enough@_W@formatting_buffer@__crt_stdio_output@@QEAA_N_K@Z 000000018000fd40 f i libucrtd:output.obj
 0001:0000ee70       ??$extract_argument_from_va_list@C_J@?$standard_base@_WV?$string_output_adapter@_W@__crt_stdio_output@@@__crt_stdio_output@@IEAA_NAEA_J@Z 000000018000fe70 f i libucrtd:output.obj
 0001:0000ee70       ??$extract_argument_from_va_list@C_J@?$standard_base@DV?$string_output_adapter@D@__crt_stdio_output@@@__crt_stdio_output@@IEAA_NAEA_J@Z 000000018000fe70 f i libucrtd:output.obj
 0001:0000eeb0       ??$extract_argument_from_va_list@E_J@?$standard_base@DV?$string_output_adapter@D@__crt_stdio_output@@@__crt_stdio_output@@IEAA_NAEA_J@Z 000000018000feb0 f i libucrtd:output.obj
 0001:0000eeb0       ??$extract_argument_from_va_list@E_J@?$standard_base@_WV?$string_output_adapter@_W@__crt_stdio_output@@@__crt_stdio_output@@IEAA_NAEA_J@Z 000000018000feb0 f i libucrtd:output.obj
 0001:0000eef0       ??$extract_argument_from_va_list@F_J@?$standard_base@_WV?$string_output_adapter@_W@__crt_stdio_output@@@__crt_stdio_output@@IEAA_NAEA_J@Z 000000018000fef0 f i libucrtd:output.obj
 0001:0000eef0       ??$extract_argument_from_va_list@F_J@?$standard_base@DV?$string_output_adapter@D@__crt_stdio_output@@@__crt_stdio_output@@IEAA_NAEA_J@Z 000000018000fef0 f i libucrtd:output.obj
 0001:0000ef30       ??$extract_argument_from_va_list@GD@?$standard_base@DV?$string_output_adapter@D@__crt_stdio_output@@@__crt_stdio_output@@IEAA_NAEAD@Z 000000018000ff30 f i libucrtd:output.obj
 0001:0000ef60       ??$extract_argument_from_va_list@G_J@?$standard_base@_WV?$string_output_adapter@_W@__crt_stdio_output@@@__crt_stdio_output@@IEAA_NAEA_J@Z 000000018000ff60 f i libucrtd:output.obj
 0001:0000ef60       ??$extract_argument_from_va_list@G_J@?$standard_base@DV?$string_output_adapter@D@__crt_stdio_output@@@__crt_stdio_output@@IEAA_NAEA_J@Z 000000018000ff60 f i libucrtd:output.obj
 0001:0000efa0       ??$extract_argument_from_va_list@H_J@?$standard_base@_WV?$string_output_adapter@_W@__crt_stdio_output@@@__crt_stdio_output@@IEAA_NAEA_J@Z 000000018000ffa0 f i libucrtd:output.obj
 0001:0000efa0       ??$extract_argument_from_va_list@H_J@?$standard_base@DV?$string_output_adapter@D@__crt_stdio_output@@@__crt_stdio_output@@IEAA_NAEA_J@Z 000000018000ffa0 f i libucrtd:output.obj
 0001:0000efd0       ??$extract_argument_from_va_list@I_J@?$standard_base@DV?$string_output_adapter@D@__crt_stdio_output@@@__crt_stdio_output@@IEAA_NAEA_J@Z 000000018000ffd0 f i libucrtd:output.obj
 0001:0000efd0       ??$extract_argument_from_va_list@I_J@?$standard_base@_WV?$string_output_adapter@_W@__crt_stdio_output@@@__crt_stdio_output@@IEAA_NAEA_J@Z 000000018000ffd0 f i libucrtd:output.obj
 0001:0000f000       ??$extract_argument_from_va_list@PEAXPEAX@?$standard_base@DV?$string_output_adapter@D@__crt_stdio_output@@@__crt_stdio_output@@IEAA_NAEAPEAX@Z 0000000180010000 f i libucrtd:output.obj
 0001:0000f000       ??$extract_argument_from_va_list@_K_J@?$standard_base@_WV?$string_output_adapter@_W@__crt_stdio_output@@@__crt_stdio_output@@IEAA_NAEA_J@Z 0000000180010000 f i libucrtd:output.obj
 0001:0000f000       ??$extract_argument_from_va_list@PEADPEAD@?$standard_base@DV?$string_output_adapter@D@__crt_stdio_output@@@__crt_stdio_output@@IEAA_NAEAPEAD@Z 0000000180010000 f i libucrtd:output.obj
 0001:0000f000       ??$extract_argument_from_va_list@_J_J@?$standard_base@_WV?$string_output_adapter@_W@__crt_stdio_output@@@__crt_stdio_output@@IEAA_NAEA_J@Z 0000000180010000 f i libucrtd:output.obj
 0001:0000f000       ??$extract_argument_from_va_list@_J_J@?$standard_base@DV?$string_output_adapter@D@__crt_stdio_output@@@__crt_stdio_output@@IEAA_NAEA_J@Z 0000000180010000 f i libucrtd:output.obj
 0001:0000f000       ??$extract_argument_from_va_list@PEAXPEAX@?$standard_base@_WV?$string_output_adapter@_W@__crt_stdio_output@@@__crt_stdio_output@@IEAA_NAEAPEAX@Z 0000000180010000 f i libucrtd:output.obj
 0001:0000f000       ??$extract_argument_from_va_list@PEADPEAD@?$standard_base@_WV?$string_output_adapter@_W@__crt_stdio_output@@@__crt_stdio_output@@IEAA_NAEAPEAD@Z 0000000180010000 f i libucrtd:output.obj
 0001:0000f000       ??$extract_argument_from_va_list@_K_J@?$standard_base@DV?$string_output_adapter@D@__crt_stdio_output@@@__crt_stdio_output@@IEAA_NAEA_J@Z 0000000180010000 f i libucrtd:output.obj
 0001:0000f060       ??$extract_argument_from_va_list@U_CRT_DOUBLE@@U1@@?$standard_base@DV?$string_output_adapter@D@__crt_stdio_output@@@__crt_stdio_output@@IEAA_NAEAU_CRT_DOUBLE@@@Z 0000000180010060 f i libucrtd:output.obj
 0001:0000f060       ??$extract_argument_from_va_list@U_CRT_DOUBLE@@U1@@?$standard_base@_WV?$string_output_adapter@_W@__crt_stdio_output@@@__crt_stdio_output@@IEAA_NAEAU_CRT_DOUBLE@@@Z 0000000180010060 f i libucrtd:output.obj
 0001:0000f0b0       ??$extract_argument_from_va_list@_W_W@?$standard_base@_WV?$string_output_adapter@_W@__crt_stdio_output@@@__crt_stdio_output@@IEAA_NAEA_W@Z 00000001800100b0 f i libucrtd:output.obj
 0001:0000f0b0       ??$extract_argument_from_va_list@_W_W@?$standard_base@DV?$string_output_adapter@D@__crt_stdio_output@@@__crt_stdio_output@@IEAA_NAEA_W@Z 00000001800100b0 f i libucrtd:output.obj
 0001:0000f0e0       ??$is_wide_character_specifier@D@__crt_stdio_output@@YA_N_KDW4length_modifier@0@@Z 00000001800100e0 f i libucrtd:output.obj
 0001:0000f180       ??$is_wide_character_specifier@_W@__crt_stdio_output@@YA_N_K_WW4length_modifier@0@@Z 0000000180010180 f i libucrtd:output.obj
 0001:0000f250       ??$read_va_arg@E@__crt_stdio_output@@YAEAEAPEAD@Z 0000000180010250 f i libucrtd:output.obj
 0001:0000f250       ??$read_va_arg@C@__crt_stdio_output@@YACAEAPEAD@Z 0000000180010250 f i libucrtd:output.obj
 0001:0000f2c0       ??$read_va_arg@G@__crt_stdio_output@@YAGAEAPEAD@Z 00000001800102c0 f i libucrtd:output.obj
 0001:0000f2c0       ??$read_va_arg@_W@__crt_stdio_output@@YA_WAEAPEAD@Z 00000001800102c0 f i libucrtd:output.obj
 0001:0000f2c0       ??$read_va_arg@F@__crt_stdio_output@@YAFAEAPEAD@Z 00000001800102c0 f i libucrtd:output.obj
 0001:0000f330       ??$read_va_arg@H@__crt_stdio_output@@YAHAEAPEAD@Z 0000000180010330 f i libucrtd:output.obj
 0001:0000f330       ??$read_va_arg@I@__crt_stdio_output@@YAIAEAPEAD@Z 0000000180010330 f i libucrtd:output.obj
 0001:0000f390       ??$read_va_arg@PEAX@__crt_stdio_output@@YAPEAXAEAPEAD@Z 0000000180010390 f i libucrtd:output.obj
 0001:0000f390       ??$read_va_arg@_J@__crt_stdio_output@@YA_JAEAPEAD@Z 0000000180010390 f i libucrtd:output.obj
 0001:0000f390       ??$read_va_arg@U_CRT_DOUBLE@@@__crt_stdio_output@@YA?AU_CRT_DOUBLE@@AEAPEAD@Z 0000000180010390 f i libucrtd:output.obj
 0001:0000f390       ??$read_va_arg@PEAD@__crt_stdio_output@@YAPEADAEAPEAD@Z 0000000180010390 f i libucrtd:output.obj
 0001:0000f390       ??$read_va_arg@_K@__crt_stdio_output@@YA_KAEAPEAD@Z 0000000180010390 f i libucrtd:output.obj
 0001:0000f470       ??$scratch_count@D@formatting_buffer@__crt_stdio_output@@QEBA_KXZ 0000000180010470 f i libucrtd:output.obj
 0001:0000f490       ??$scratch_data@D@formatting_buffer@__crt_stdio_output@@QEAAPEADXZ 0000000180010490 f i libucrtd:output.obj
 0001:0000f500       ??$tcstol@PEBDPEAPEADH@?$__crt_char_traits@D@@SAJ$$QEAPEBD$$QEAPEAPEAD$$QEAH@Z 0000000180010500 f i libucrtd:output.obj
 0001:0000f540       ??$tcstol@PEB_WPEAPEA_WH@?$__crt_char_traits@_W@@SAJ$$QEAPEB_W$$QEAPEAPEA_W$$QEAH@Z 0000000180010540 f i libucrtd:output.obj
 0001:0000f580       ??$type_case_integer_parse_into_buffer@I@?$output_processor@DV?$string_output_adapter@D@__crt_stdio_output@@V?$format_validation_base@DV?$string_output_adapter@D@__crt_stdio_output@@@2@@__crt_stdio_output@@AEAAXII_N@Z 0000000180010580 f i libucrtd:output.obj
 0001:0000f6b0       ??$type_case_integer_parse_into_buffer@I@?$output_processor@_WV?$string_output_adapter@_W@__crt_stdio_output@@V?$format_validation_base@_WV?$string_output_adapter@_W@__crt_stdio_output@@@2@@__crt_stdio_output@@AEAAXII_N@Z 00000001800106b0 f i libucrtd:output.obj
 0001:0000f7f0       ??$type_case_integer_parse_into_buffer@_K@?$output_processor@DV?$string_output_adapter@D@__crt_stdio_output@@V?$format_validation_base@DV?$string_output_adapter@D@__crt_stdio_output@@@2@@__crt_stdio_output@@AEAAX_KI_N@Z 00000001800107f0 f i libucrtd:output.obj
 0001:0000f940       ??$type_case_integer_parse_into_buffer@_K@?$output_processor@_WV?$string_output_adapter@_W@__crt_stdio_output@@V?$format_validation_base@_WV?$string_output_adapter@_W@__crt_stdio_output@@@2@@__crt_stdio_output@@AEAAX_KI_N@Z 0000000180010940 f i libucrtd:output.obj
 0001:0000faa0       ??$write_multiple_characters@V?$string_output_adapter@D@__crt_stdio_output@@D@__crt_stdio_output@@YAXAEBV?$string_output_adapter@D@0@DHQEAH@Z 0000000180010aa0 f i libucrtd:output.obj
 0001:0000fb00       ??$write_multiple_characters@V?$string_output_adapter@_W@__crt_stdio_output@@D@__crt_stdio_output@@YAXAEBV?$string_output_adapter@_W@0@DHQEAH@Z 0000000180010b00 f i libucrtd:output.obj
 0001:0000fb60       ??0?$common_data@D@__crt_stdio_output@@IEAA@XZ 0000000180010b60 f i libucrtd:output.obj
 0001:0000fc30       ??0?$common_data@_W@__crt_stdio_output@@IEAA@XZ 0000000180010c30 f i libucrtd:output.obj
 0001:0000fd00       ??0?$output_adapter_data@DV?$string_output_adapter@D@__crt_stdio_output@@@__crt_stdio_output@@IEAA@AEBV?$string_output_adapter@D@1@_KQEBDQEAU__crt_locale_pointers@@QEAD@Z 0000000180010d00 f i libucrtd:output.obj
 0001:0000fd80       ??0?$output_adapter_data@_WV?$string_output_adapter@_W@__crt_stdio_output@@@__crt_stdio_output@@IEAA@AEBV?$string_output_adapter@_W@1@_KQEB_WQEAU__crt_locale_pointers@@QEAD@Z 0000000180010d80 f i libucrtd:output.obj
 0001:0000fe00       ??0?$output_processor@DV?$string_output_adapter@D@__crt_stdio_output@@V?$format_validation_base@DV?$string_output_adapter@D@__crt_stdio_output@@@2@@__crt_stdio_output@@QEAA@AEBV?$string_output_adapter@D@1@_KQEBDQEAU__crt_locale_pointers@@QEAD@Z 0000000180010e00 f i libucrtd:output.obj
 0001:0000fe50       ??0?$output_processor@_WV?$string_output_adapter@_W@__crt_stdio_output@@V?$format_validation_base@_WV?$string_output_adapter@_W@__crt_stdio_output@@@2@@__crt_stdio_output@@QEAA@AEBV?$string_output_adapter@_W@1@_KQEB_WQEAU__crt_locale_pointers@@QEAD@Z 0000000180010e50 f i libucrtd:output.obj
 0001:0000fea0       ??0__crt_deferred_errno_cache@@QEAA@XZ 0000000180010ea0 f i libucrtd:output.obj
 0001:0000fec0       ??0__crt_errno_guard@@QEAA@QEAH@Z 0000000180010ec0 f i libucrtd:output.obj
 0001:0000ff00       ??0formatting_buffer@__crt_stdio_output@@QEAA@XZ 0000000180010f00 f i libucrtd:output.obj
 0001:0000ff40       ??1?$common_data@D@__crt_stdio_output@@QEAA@XZ 0000000180010f40 f i libucrtd:output.obj
 0001:0000ff40       ??1?$common_data@_W@__crt_stdio_output@@QEAA@XZ 0000000180010f40 f i libucrtd:output.obj
 0001:0000ff60       ??1?$format_validation_base@DV?$string_output_adapter@D@__crt_stdio_output@@@__crt_stdio_output@@QEAA@XZ 0000000180010f60 f i libucrtd:output.obj
 0001:0000ff60       ??1?$format_validation_base@_WV?$string_output_adapter@_W@__crt_stdio_output@@@__crt_stdio_output@@QEAA@XZ 0000000180010f60 f i libucrtd:output.obj
 0001:0000ff80       ??1?$output_adapter_data@_WV?$string_output_adapter@_W@__crt_stdio_output@@@__crt_stdio_output@@QEAA@XZ 0000000180010f80 f i libucrtd:output.obj
 0001:0000ff80       ??1?$output_adapter_data@DV?$string_output_adapter@D@__crt_stdio_output@@@__crt_stdio_output@@QEAA@XZ 0000000180010f80 f i libucrtd:output.obj
 0001:0000ffa0       ??1?$output_processor@_WV?$string_output_adapter@_W@__crt_stdio_output@@V?$format_validation_base@_WV?$string_output_adapter@_W@__crt_stdio_output@@@2@@__crt_stdio_output@@QEAA@XZ 0000000180010fa0 f i libucrtd:output.obj
 0001:0000ffa0       ??1?$output_processor@DV?$string_output_adapter@D@__crt_stdio_output@@V?$format_validation_base@DV?$string_output_adapter@D@__crt_stdio_output@@@2@@__crt_stdio_output@@QEAA@XZ 0000000180010fa0 f i libucrtd:output.obj
 0001:0000ffc0       ??1?$standard_base@DV?$string_output_adapter@D@__crt_stdio_output@@@__crt_stdio_output@@QEAA@XZ 0000000180010fc0 f i libucrtd:output.obj
 0001:0000ffc0       ??1?$standard_base@_WV?$string_output_adapter@_W@__crt_stdio_output@@@__crt_stdio_output@@QEAA@XZ 0000000180010fc0 f i libucrtd:output.obj
 0001:0000ffe0       ??1__crt_errno_guard@@QEAA@XZ 0000000180010fe0 f i libucrtd:output.obj
 0001:00010010       ??1formatting_buffer@__crt_stdio_output@@QEAA@XZ 0000000180011010 f i libucrtd:output.obj
 0001:00010040       ??4?$__crt_unique_heap_ptr@DU__crt_internal_free_policy@@@@QEAAAEAV0@$$QEAV0@@Z 0000000180011040 f i libucrtd:output.obj
 0001:00010080       ?adjust_hexit@?$output_processor@DV?$string_output_adapter@D@__crt_stdio_output@@V?$format_validation_base@DV?$string_output_adapter@D@__crt_stdio_output@@@2@@__crt_stdio_output@@CADH_N@Z 0000000180011080 f i libucrtd:output.obj
 0001:00010080       ?adjust_hexit@?$output_processor@_WV?$string_output_adapter@_W@__crt_stdio_output@@V?$format_validation_base@_WV?$string_output_adapter@_W@__crt_stdio_output@@@2@@__crt_stdio_output@@CADH_N@Z 0000000180011080 f i libucrtd:output.obj
 0001:000100d0       ?advance_to_next_pass@?$standard_base@DV?$string_output_adapter@D@__crt_stdio_output@@@__crt_stdio_output@@IEAA_NXZ 00000001800110d0 f i libucrtd:output.obj
 0001:000100d0       ?advance_to_next_pass@?$standard_base@_WV?$string_output_adapter@_W@__crt_stdio_output@@@__crt_stdio_output@@IEAA_NXZ 00000001800110d0 f i libucrtd:output.obj
 0001:00010120       ?crop_zeroes@__crt_stdio_output@@YAXPEADQEAU__crt_locale_pointers@@@Z 0000000180011120 f i libucrtd:output.obj
 0001:00010260       ?find_next_state@?$output_processor@DV?$string_output_adapter@D@__crt_stdio_output@@V?$format_validation_base@DV?$string_output_adapter@D@__crt_stdio_output@@@2@@__crt_stdio_output@@AEBA?AW4state@2@DW432@@Z 0000000180011260 f i libucrtd:output.obj
 0001:00010300       ?find_next_state@?$output_processor@_WV?$string_output_adapter@_W@__crt_stdio_output@@V?$format_validation_base@_WV?$string_output_adapter@_W@__crt_stdio_output@@@2@@__crt_stdio_output@@AEBA?AW4state@2@_WW432@@Z 0000000180011300 f i libucrtd:output.obj
 0001:000103a0       ?force_decimal_point@__crt_stdio_output@@YAXPEADQEAU__crt_locale_pointers@@@Z 00000001800113a0 f i libucrtd:output.obj
 0001:00010480       ?get@__crt_deferred_errno_cache@@QEAAAEAHXZ 0000000180011480 f i libucrtd:output.obj
 0001:000104b0       ?get_flags@__crt_stdio_stream@@QEBAJXZ 00000001800114b0 f i libucrtd:output.obj
 0001:000104e0       ?has_flag@?$output_processor@_WV?$string_output_adapter@_W@__crt_stdio_output@@V?$format_validation_base@_WV?$string_output_adapter@_W@__crt_stdio_output@@@2@@__crt_stdio_output@@AEBA_NI@Z 00000001800114e0 f i libucrtd:output.obj
 0001:000104e0       ?has_flag@?$output_processor@DV?$string_output_adapter@D@__crt_stdio_output@@V?$format_validation_base@DV?$string_output_adapter@D@__crt_stdio_output@@@2@@__crt_stdio_output@@AEBA_NI@Z 00000001800114e0 f i libucrtd:output.obj
 0001:00010520       ?is_string_backed@__crt_stdio_stream@@QEBA_NXZ 0000000180011520 f i libucrtd:output.obj
 0001:00010560       ?narrow_null_string@?$output_processor@_WV?$string_output_adapter@_W@__crt_stdio_output@@V?$format_validation_base@_WV?$string_output_adapter@_W@__crt_stdio_output@@@2@@__crt_stdio_output@@CAPEADXZ 0000000180011560 f i libucrtd:output.obj
 0001:00010560       ?narrow_null_string@?$output_processor@DV?$string_output_adapter@D@__crt_stdio_output@@V?$format_validation_base@DV?$string_output_adapter@D@__crt_stdio_output@@@2@@__crt_stdio_output@@CAPEADXZ 0000000180011560 f i libucrtd:output.obj
 0001:00010570       ?parse_int_from_format_string@?$output_processor@DV?$string_output_adapter@D@__crt_stdio_output@@V?$format_validation_base@DV?$string_output_adapter@D@__crt_stdio_output@@@2@@__crt_stdio_output@@AEAA_NQEAH@Z 0000000180011570 f i libucrtd:output.obj
 0001:00010660       ?parse_int_from_format_string@?$output_processor@_WV?$string_output_adapter@_W@__crt_stdio_output@@V?$format_validation_base@_WV?$string_output_adapter@_W@__crt_stdio_output@@@2@@__crt_stdio_output@@AEAA_NQEAH@Z 0000000180011660 f i libucrtd:output.obj
 0001:00010750       ?process@?$output_processor@DV?$string_output_adapter@D@__crt_stdio_output@@V?$format_validation_base@DV?$string_output_adapter@D@__crt_stdio_output@@@2@@__crt_stdio_output@@QEAAHXZ 0000000180011750 f i libucrtd:output.obj
 0001:00010ab0       ?process@?$output_processor@_WV?$string_output_adapter@_W@__crt_stdio_output@@V?$format_validation_base@_WV?$string_output_adapter@_W@__crt_stdio_output@@@2@@__crt_stdio_output@@QEAAHXZ 0000000180011ab0 f i libucrtd:output.obj
 0001:00010e10       ?set_flag@?$output_processor@DV?$string_output_adapter@D@__crt_stdio_output@@V?$format_validation_base@DV?$string_output_adapter@D@__crt_stdio_output@@@2@@__crt_stdio_output@@AEAAXI@Z 0000000180011e10 f i libucrtd:output.obj
 0001:00010e10       ?set_flag@?$output_processor@_WV?$string_output_adapter@_W@__crt_stdio_output@@V?$format_validation_base@_WV?$string_output_adapter@_W@__crt_stdio_output@@@2@@__crt_stdio_output@@AEAAXI@Z 0000000180011e10 f i libucrtd:output.obj
 0001:00010e30       ?should_format@?$standard_base@DV?$string_output_adapter@D@__crt_stdio_output@@@__crt_stdio_output@@IEAA_NXZ 0000000180011e30 f i libucrtd:output.obj
 0001:00010e30       ?validate_state_for_type_case_a@?$standard_base@DV?$string_output_adapter@D@__crt_stdio_output@@@__crt_stdio_output@@IEBA_NXZ 0000000180011e30 f i libucrtd:output.obj
 0001:00010e30       ?validate_state_for_type_case_a@?$standard_base@_WV?$string_output_adapter@_W@__crt_stdio_output@@@__crt_stdio_output@@IEBA_NXZ 0000000180011e30 f i libucrtd:output.obj
 0001:00010e30       ?validate_and_update_state_at_beginning_of_format_character@?$standard_base@_WV?$string_output_adapter@_W@__crt_stdio_output@@@__crt_stdio_output@@IEAA_NXZ 0000000180011e30 f i libucrtd:output.obj
 0001:00010e30       ?should_format@?$standard_base@_WV?$string_output_adapter@_W@__crt_stdio_output@@@__crt_stdio_output@@IEAA_NXZ 0000000180011e30 f i libucrtd:output.obj
 0001:00010e30       ?validate_and_update_state_at_beginning_of_format_character@?$standard_base@DV?$string_output_adapter@D@__crt_stdio_output@@@__crt_stdio_output@@IEAA_NXZ 0000000180011e30 f i libucrtd:output.obj
 0001:00010e40       ?should_skip_normal_state_processing@?$standard_base@_WV?$string_output_adapter@_W@__crt_stdio_output@@@__crt_stdio_output@@IEAA_NXZ 0000000180011e40 f i libucrtd:output.obj
 0001:00010e40       ?should_skip_type_state_output@?$standard_base@DV?$string_output_adapter@D@__crt_stdio_output@@@__crt_stdio_output@@IEBA_NXZ 0000000180011e40 f i libucrtd:output.obj
 0001:00010e40       ?should_skip_normal_state_processing@?$standard_base@DV?$string_output_adapter@D@__crt_stdio_output@@@__crt_stdio_output@@IEAA_NXZ 0000000180011e40 f i libucrtd:output.obj
 0001:00010e40       ?should_skip_type_state_output@?$standard_base@_WV?$string_output_adapter@_W@__crt_stdio_output@@@__crt_stdio_output@@IEBA_NXZ 0000000180011e40 f i libucrtd:output.obj
 0001:00010e50       ?state_case_dot@?$output_processor@DV?$string_output_adapter@D@__crt_stdio_output@@V?$format_validation_base@DV?$string_output_adapter@D@__crt_stdio_output@@@2@@__crt_stdio_output@@AEAA_NXZ 0000000180011e50 f i libucrtd:output.obj
 0001:00010e50       ?state_case_dot@?$output_processor@_WV?$string_output_adapter@_W@__crt_stdio_output@@V?$format_validation_base@_WV?$string_output_adapter@_W@__crt_stdio_output@@@2@@__crt_stdio_output@@AEAA_NXZ 0000000180011e50 f i libucrtd:output.obj
 0001:00010e70       ?state_case_flag@?$output_processor@DV?$string_output_adapter@D@__crt_stdio_output@@V?$format_validation_base@DV?$string_output_adapter@D@__crt_stdio_output@@@2@@__crt_stdio_output@@AEAA_NXZ 0000000180011e70 f i libucrtd:output.obj
 0001:00010f10       ?state_case_flag@?$output_processor@_WV?$string_output_adapter@_W@__crt_stdio_output@@V?$format_validation_base@_WV?$string_output_adapter@_W@__crt_stdio_output@@@2@@__crt_stdio_output@@AEAA_NXZ 0000000180011f10 f i libucrtd:output.obj
 0001:00010fb0       ?state_case_normal@?$output_processor@DV?$string_output_adapter@D@__crt_stdio_output@@V?$format_validation_base@DV?$string_output_adapter@D@__crt_stdio_output@@@2@@__crt_stdio_output@@AEAA_NXZ 0000000180011fb0 f i libucrtd:output.obj
 0001:00011090       ?state_case_normal@?$output_processor@_WV?$string_output_adapter@_W@__crt_stdio_output@@V?$format_validation_base@_WV?$string_output_adapter@_W@__crt_stdio_output@@@2@@__crt_stdio_output@@AEAA_NXZ 0000000180012090 f i libucrtd:output.obj
 0001:00011170       ?state_case_normal_common@?$output_processor@DV?$string_output_adapter@D@__crt_stdio_output@@V?$format_validation_base@DV?$string_output_adapter@D@__crt_stdio_output@@@2@@__crt_stdio_output@@AEAA_NXZ 0000000180012170 f i libucrtd:output.obj
 0001:000111c0       ?state_case_normal_common@?$output_processor@_WV?$string_output_adapter@_W@__crt_stdio_output@@V?$format_validation_base@_WV?$string_output_adapter@_W@__crt_stdio_output@@@2@@__crt_stdio_output@@AEAA_NXZ 00000001800121c0 f i libucrtd:output.obj
 0001:00011210       ?state_case_normal_tchar@?$output_processor@DV?$string_output_adapter@D@__crt_stdio_output@@V?$format_validation_base@DV?$string_output_adapter@D@__crt_stdio_output@@@2@@__crt_stdio_output@@AEAA_ND@Z 0000000180012210 f i libucrtd:output.obj
 0001:00011350       ?state_case_normal_tchar@?$output_processor@_WV?$string_output_adapter@_W@__crt_stdio_output@@V?$format_validation_base@_WV?$string_output_adapter@_W@__crt_stdio_output@@@2@@__crt_stdio_output@@AEAA_N_W@Z 0000000180012350 f i libucrtd:output.obj
 0001:00011370       ?state_case_percent@?$output_processor@DV?$string_output_adapter@D@__crt_stdio_output@@V?$format_validation_base@DV?$string_output_adapter@D@__crt_stdio_output@@@2@@__crt_stdio_output@@AEAA_NXZ 0000000180012370 f i libucrtd:output.obj
 0001:00011370       ?state_case_percent@?$output_processor@_WV?$string_output_adapter@_W@__crt_stdio_output@@V?$format_validation_base@_WV?$string_output_adapter@_W@__crt_stdio_output@@@2@@__crt_stdio_output@@AEAA_NXZ 0000000180012370 f i libucrtd:output.obj
 0001:000113c0       ?state_case_precision@?$output_processor@DV?$string_output_adapter@D@__crt_stdio_output@@V?$format_validation_base@DV?$string_output_adapter@D@__crt_stdio_output@@@2@@__crt_stdio_output@@AEAA_NXZ 00000001800123c0 f i libucrtd:output.obj
 0001:00011440       ?state_case_precision@?$output_processor@_WV?$string_output_adapter@_W@__crt_stdio_output@@V?$format_validation_base@_WV?$string_output_adapter@_W@__crt_stdio_output@@@2@@__crt_stdio_output@@AEAA_NXZ 0000000180012440 f i libucrtd:output.obj
 0001:000114c0       ?state_case_size@?$output_processor@DV?$string_output_adapter@D@__crt_stdio_output@@V?$format_validation_base@DV?$string_output_adapter@D@__crt_stdio_output@@@2@@__crt_stdio_output@@AEAA_NXZ 00000001800124c0 f i libucrtd:output.obj
 0001:00011940       ?state_case_size@?$output_processor@_WV?$string_output_adapter@_W@__crt_stdio_output@@V?$format_validation_base@_WV?$string_output_adapter@_W@__crt_stdio_output@@@2@@__crt_stdio_output@@AEAA_NXZ 0000000180012940 f i libucrtd:output.obj
 0001:00011dc0       ?state_case_type@?$output_processor@DV?$string_output_adapter@D@__crt_stdio_output@@V?$format_validation_base@DV?$string_output_adapter@D@__crt_stdio_output@@@2@@__crt_stdio_output@@AEAA_NXZ 0000000180012dc0 f i libucrtd:output.obj
 0001:00012260       ?state_case_type@?$output_processor@_WV?$string_output_adapter@_W@__crt_stdio_output@@V?$format_validation_base@_WV?$string_output_adapter@_W@__crt_stdio_output@@@2@@__crt_stdio_output@@AEAA_NXZ 0000000180013260 f i libucrtd:output.obj
 0001:000127c0       ?state_case_width@?$output_processor@DV?$string_output_adapter@D@__crt_stdio_output@@V?$format_validation_base@DV?$string_output_adapter@D@__crt_stdio_output@@@2@@__crt_stdio_output@@AEAA_NXZ 00000001800137c0 f i libucrtd:output.obj
 0001:00012850       ?state_case_width@?$output_processor@_WV?$string_output_adapter@_W@__crt_stdio_output@@V?$format_validation_base@_WV?$string_output_adapter@_W@__crt_stdio_output@@@2@@__crt_stdio_output@@AEAA_NXZ 0000000180013850 f i libucrtd:output.obj
 0001:000128e0       ?state_count@?$format_validation_base@_WV?$string_output_adapter@_W@__crt_stdio_output@@@__crt_stdio_output@@KAIXZ 00000001800138e0 f i libucrtd:output.obj
 0001:000128e0       ?state_count@?$format_validation_base@DV?$string_output_adapter@D@__crt_stdio_output@@@__crt_stdio_output@@KAIXZ 00000001800138e0 f i libucrtd:output.obj
 0001:000128f0       ?state_transition_table@?$format_validation_base@_WV?$string_output_adapter@_W@__crt_stdio_output@@@__crt_stdio_output@@KAPEBEXZ 00000001800138f0 f i libucrtd:output.obj
 0001:000128f0       ?state_transition_table@?$format_validation_base@DV?$string_output_adapter@D@__crt_stdio_output@@@__crt_stdio_output@@KAPEBEXZ 00000001800138f0 f i libucrtd:output.obj
 0001:00012900       ?tchar_string@?$common_data@D@__crt_stdio_output@@IEAAAEAPEADD@Z 0000000180013900 f i libucrtd:output.obj
 0001:00012920       ?tchar_string@?$common_data@D@__crt_stdio_output@@IEAAAEAPEADXZ 0000000180013920 f i libucrtd:output.obj
 0001:00012940       ?tchar_string@?$common_data@_W@__crt_stdio_output@@IEAAAEAPEA_WXZ 0000000180013940 f i libucrtd:output.obj
 0001:00012960       ?tchar_string@?$common_data@_W@__crt_stdio_output@@IEAAAEAPEA_W_W@Z 0000000180013960 f i libucrtd:output.obj
 0001:00012980       ?to_integer_size@__crt_stdio_output@@YA_KW4length_modifier@1@@Z 0000000180013980 f i libucrtd:output.obj
 0001:00012a30       ?type_case_X@?$output_processor@DV?$string_output_adapter@D@__crt_stdio_output@@V?$format_validation_base@DV?$string_output_adapter@D@__crt_stdio_output@@@2@@__crt_stdio_output@@AEAA_NXZ 0000000180013a30 f i libucrtd:output.obj
 0001:00012a50       ?type_case_X@?$output_processor@_WV?$string_output_adapter@_W@__crt_stdio_output@@V?$format_validation_base@_WV?$string_output_adapter@_W@__crt_stdio_output@@@2@@__crt_stdio_output@@AEAA_NXZ 0000000180013a50 f i libucrtd:output.obj
 0001:00012a70       ?type_case_Z@?$output_processor@DV?$string_output_adapter@D@__crt_stdio_output@@V?$format_validation_base@DV?$string_output_adapter@D@__crt_stdio_output@@@2@@__crt_stdio_output@@AEAA_NXZ 0000000180013a70 f i libucrtd:output.obj
 0001:00012b90       ?type_case_Z@?$output_processor@_WV?$string_output_adapter@_W@__crt_stdio_output@@V?$format_validation_base@_WV?$string_output_adapter@_W@__crt_stdio_output@@@2@@__crt_stdio_output@@AEAA_NXZ 0000000180013b90 f i libucrtd:output.obj
 0001:00012cb0       ?type_case_a@?$output_processor@DV?$string_output_adapter@D@__crt_stdio_output@@V?$format_validation_base@DV?$string_output_adapter@D@__crt_stdio_output@@@2@@__crt_stdio_output@@AEAA_NXZ 0000000180013cb0 f i libucrtd:output.obj
 0001:00013070       ?type_case_a@?$output_processor@_WV?$string_output_adapter@_W@__crt_stdio_output@@V?$format_validation_base@_WV?$string_output_adapter@_W@__crt_stdio_output@@@2@@__crt_stdio_output@@AEAA_NXZ 0000000180014070 f i libucrtd:output.obj
 0001:00013440       ?type_case_c@?$output_processor@DV?$string_output_adapter@D@__crt_stdio_output@@V?$format_validation_base@DV?$string_output_adapter@D@__crt_stdio_output@@@2@@__crt_stdio_output@@AEAA_NXZ 0000000180014440 f i libucrtd:output.obj
 0001:00013460       ?type_case_c@?$output_processor@_WV?$string_output_adapter@_W@__crt_stdio_output@@V?$format_validation_base@_WV?$string_output_adapter@_W@__crt_stdio_output@@@2@@__crt_stdio_output@@AEAA_NXZ 0000000180014460 f i libucrtd:output.obj
 0001:00013480       ?type_case_c_tchar@?$output_processor@DV?$string_output_adapter@D@__crt_stdio_output@@V?$format_validation_base@DV?$string_output_adapter@D@__crt_stdio_output@@@2@@__crt_stdio_output@@AEAA_ND@Z 0000000180014480 f i libucrtd:output.obj
 0001:000135d0       ?type_case_c_tchar@?$output_processor@_WV?$string_output_adapter@_W@__crt_stdio_output@@V?$format_validation_base@_WV?$string_output_adapter@_W@__crt_stdio_output@@@2@@__crt_stdio_output@@AEAA_N_W@Z 00000001800145d0 f i libucrtd:output.obj
 0001:00013700       ?type_case_d@?$output_processor@DV?$string_output_adapter@D@__crt_stdio_output@@V?$format_validation_base@DV?$string_output_adapter@D@__crt_stdio_output@@@2@@__crt_stdio_output@@AEAA_NXZ 0000000180014700 f i libucrtd:output.obj
 0001:00013730       ?type_case_d@?$output_processor@_WV?$string_output_adapter@_W@__crt_stdio_output@@V?$format_validation_base@_WV?$string_output_adapter@_W@__crt_stdio_output@@@2@@__crt_stdio_output@@AEAA_NXZ 0000000180014730 f i libucrtd:output.obj
 0001:00013760       ?type_case_integer@?$output_processor@DV?$string_output_adapter@D@__crt_stdio_output@@V?$format_validation_base@DV?$string_output_adapter@D@__crt_stdio_output@@@2@@__crt_stdio_output@@AEAA_NI_N@Z 0000000180014760 f i libucrtd:output.obj
 0001:00013bb0       ?type_case_integer@?$output_processor@_WV?$string_output_adapter@_W@__crt_stdio_output@@V?$format_validation_base@_WV?$string_output_adapter@_W@__crt_stdio_output@@@2@@__crt_stdio_output@@AEAA_NI_N@Z 0000000180014bb0 f i libucrtd:output.obj
 0001:00014000       ?type_case_n@?$output_processor@DV?$string_output_adapter@D@__crt_stdio_output@@V?$format_validation_base@DV?$string_output_adapter@D@__crt_stdio_output@@@2@@__crt_stdio_output@@AEAA_NXZ 0000000180015000 f i libucrtd:output.obj
 0001:00014240       ?type_case_n@?$output_processor@_WV?$string_output_adapter@_W@__crt_stdio_output@@V?$format_validation_base@_WV?$string_output_adapter@_W@__crt_stdio_output@@@2@@__crt_stdio_output@@AEAA_NXZ 0000000180015240 f i libucrtd:output.obj
 0001:00014480       ?type_case_o@?$output_processor@DV?$string_output_adapter@D@__crt_stdio_output@@V?$format_validation_base@DV?$string_output_adapter@D@__crt_stdio_output@@@2@@__crt_stdio_output@@AEAA_NXZ 0000000180015480 f i libucrtd:output.obj
 0001:000144d0       ?type_case_o@?$output_processor@_WV?$string_output_adapter@_W@__crt_stdio_output@@V?$format_validation_base@_WV?$string_output_adapter@_W@__crt_stdio_output@@@2@@__crt_stdio_output@@AEAA_NXZ 00000001800154d0 f i libucrtd:output.obj
 0001:00014520       ?type_case_p@?$output_processor@DV?$string_output_adapter@D@__crt_stdio_output@@V?$format_validation_base@DV?$string_output_adapter@D@__crt_stdio_output@@@2@@__crt_stdio_output@@AEAA_NXZ 0000000180015520 f i libucrtd:output.obj
 0001:00014560       ?type_case_p@?$output_processor@_WV?$string_output_adapter@_W@__crt_stdio_output@@V?$format_validation_base@_WV?$string_output_adapter@_W@__crt_stdio_output@@@2@@__crt_stdio_output@@AEAA_NXZ 0000000180015560 f i libucrtd:output.obj
 0001:000145a0       ?type_case_s@?$output_processor@DV?$string_output_adapter@D@__crt_stdio_output@@V?$format_validation_base@DV?$string_output_adapter@D@__crt_stdio_output@@@2@@__crt_stdio_output@@AEAA_NXZ 00000001800155a0 f i libucrtd:output.obj
[...]
 0004:00002658       $pdata$??0big_integer@__crt_strtox@@QEAA@XZ 0000000180051658     libucrtd:cfout.obj
 0004:00002664       $pdata$??4big_integer@__crt_strtox@@QEAAAEAU01@AEBU01@@Z 0000000180051664     libucrtd:cfout.obj
 0004:00002664       $pdata$??0big_integer@__crt_strtox@@QEAA@AEBU01@@Z 0000000180051664     libucrtd:cfout.obj
 0004:00002670       $pdata$??8__crt_strtox@@YA_NAEBUbig_integer@0@0@Z 0000000180051670     libucrtd:cfout.obj
 0004:0000267c       $pdata$??9__crt_strtox@@YA_NAEBUbig_integer@0@0@Z 000000018005167c     libucrtd:cfout.obj
 0004:00002688       $pdata$?make_big_integer@__crt_strtox@@YA?AUbig_integer@1@_K@Z 0000000180051688     libucrtd:cfout.obj
 0004:00002694       $pdata$?make_big_integer_power_of_two@__crt_strtox@@YA?AUbig_integer@1@I@Z 0000000180051694     libucrtd:cfout.obj
 0004:000026a0       $pdata$?is_zero@__crt_strtox@@YA_NAEBUbig_integer@1@@Z 00000001800516a0     libucrtd:cfout.obj
 0004:000026ac       $pdata$?bit_scan_reverse@__crt_strtox@@YAII@Z 00000001800516ac     libucrtd:cfout.obj
 0004:000026b8       $pdata$?shift_left@__crt_strtox@@YA_NAEAUbig_integer@1@I@Z 00000001800516b8     libucrtd:cfout.obj
 0004:000026c4       $pdata$?add_carry@__crt_strtox@@YAIAEAIII@Z 00000001800516c4     libucrtd:cfout.obj
 0004:000026d0       $pdata$?add_multiply_carry@__crt_strtox@@YAIAEAIIII@Z 00000001800516d0     libucrtd:cfout.obj
 0004:000026dc       $pdata$?multiply_core@__crt_strtox@@YAIQEAIII@Z 00000001800516dc     libucrtd:cfout.obj
 0004:000026e8       $pdata$?multiply@__crt_strtox@@YA_NAEAUbig_integer@1@I@Z 00000001800516e8     libucrtd:cfout.obj
 0004:000026f4       $pdata$?multiply@__crt_strtox@@YA_NAEAUbig_integer@1@AEBU21@@Z 00000001800516f4     libucrtd:cfout.obj
 0004:00002700       $pdata$?multiply_by_power_of_ten@__crt_strtox@@YA_NAEAUbig_integer@1@I@Z 0000000180051700     libucrtd:cfout.obj
 0004:0000270c       $pdata$?count_sequential_high_zeroes@__crt_strtox@@YAII@Z 000000018005170c     libucrtd:cfout.obj
 0004:00002718       $pdata$?divide@__crt_strtox@@YA_KAEAUbig_integer@1@AEBU21@@Z 0000000180051718     libucrtd:cfout.obj
 0004:00002724       $pdata$??0scoped_fp_state_reset@?A0x71ca7cfb@@QEAA@XZ 0000000180051724     libucrtd:cfout.obj
 0004:00002730       $pdata$??1scoped_fp_state_reset@?A0x71ca7cfb@@QEAA@XZ 0000000180051730     libucrtd:cfout.obj
 0004:0000273c       $pdata$??$convert_to_fos_high_precision@N@@YAXNIQEAHQEAD_K@Z 000000018005173c     libucrtd:cfout.obj
 0004:00002748       $pdata$_fcloseall          0000000180051748     libucrtd:closeall.obj
 0004:00002754       $pdata$_fcloseall$fin$0    0000000180051754     libucrtd:closeall.obj
 0004:00002760       $pdata$?is_in_use@__crt_stdio_stream@@QEBA_NXZ 0000000180051760     libucrtd:closeall.obj
 0004:0000276c       $pdata$?has_crt_buffer@__crt_stdio_stream@@QEBA_NXZ 000000018005176c     libucrtd:_freebuf.obj
 0004:00002778       $pdata$__acrt_stdio_free_buffer_nolock 0000000180051778     libucrtd:_freebuf.obj
 0004:00002784       $pdata$__acrt_GetStringTypeW 0000000180051784     libucrtd:getstringtypew.obj
 0004:00002790       $pdata$_set_error_mode     0000000180051790     libucrtd:set_error_mode.obj
 0004:0000279c       $pdata$_itow_s             000000018005179c     libucrtd:xtoa.obj
 0004:000027a8       $pdata$_itoa_s             00000001800517a8     libucrtd:xtoa.obj
 0004:000027b4       $pdata$??$common_xtox_s@KD@@YAHKQEAD_KI_N@Z 00000001800517b4     libucrtd:xtoa.obj
 0004:000027c0       $pdata$??$common_xtox@KD@@YAHKQEAD_KI_N@Z 00000001800517c0     libucrtd:xtoa.obj
 0004:000027cc       $pdata$??$common_xtox_s@K_W@@YAHKQEA_W_KI_N@Z 00000001800517cc     libucrtd:xtoa.obj
 0004:000027d8       $pdata$??$common_xtox@K_W@@YAHKQEA_W_KI_N@Z 00000001800517d8     libucrtd:xtoa.obj
 0004:000027e4       $pdata$wcstombs_s          00000001800517e4     libucrtd:wcstombs.obj
 0004:000027f0       $pdata$_wcstombs_s_l       00000001800517f0     libucrtd:wcstombs.obj
 0004:000027fc       $pdata$_wcstombs_l         00000001800517fc     libucrtd:wcstombs.obj
 0004:00002808       $pdata$?wcsncnt@@YA_KPEB_W_K@Z 0000000180051808     libucrtd:wcstombs.obj
 0004:00002814       $pdata$?_wcstombs_l_helper@@YA_KPEADPEB_W_KPEAU__crt_locale_pointers@@@Z 0000000180051814     libucrtd:wcstombs.obj
 0004:00002820       $pdata$?dtor$0@?0??_wcstombs_l_helper@@YA_KPEADPEB_W_KPEAU__crt_locale_pointers@@@Z@4HA 0000000180051820     libucrtd:wcstombs.obj
 0004:0000282c       $pdata$strcat_s            000000018005182c     libucrtd:strcat_s.obj
 0004:00002838       $pdata$??$common_tcscat_s@D@@YAHQEAD_KQEBD@Z 0000000180051838     libucrtd:strcat_s.obj
 0004:00002844       $pdata$__acrt_OutputDebugStringA 0000000180051844     libucrtd:outputdebugstringa.obj
 0004:00002850       $pdata$_set_errno_from_matherr 0000000180051850     libucrtd:fpexcept.obj
 0004:0000285c       $pdata$_raise_excf         000000018005185c     libucrtd:fpexcept.obj
 0004:00002868       $pdata$_raise_exc          0000000180051868     libucrtd:fpexcept.obj
 0004:00002874       $pdata$_raise_exc_ex       0000000180051874     libucrtd:fpexcept.obj
 0004:00002880       $pdata$_clrfp              0000000180051880     libucrtd:fpctrl.obj
 0004:0000288c       $pdata$_ctrlfp             000000018005188c     libucrtd:fpctrl.obj
 0004:00002898       $pdata$_ctrlfp$filt$0      0000000180051898     libucrtd:fpctrl.obj
 0004:000028a4       $pdata$_statfp             00000001800518a4     libucrtd:fpctrl.obj
 0004:000028b0       $pdata$_set_statfp         00000001800518b0     libucrtd:fpctrl.obj
 0004:000028bc       $pdata$__strncnt           00000001800518bc     libucrtd:strncnt.obj
 0004:000028c8       $pdata$_commit             00000001800518c8     libucrtd:commit.obj
 0004:000028d4       $pdata$??R<lambda_5533cddd4bda0037814beee657757329>@@QEBAHXZ 00000001800518d4     libucrtd:commit.obj
 0004:000028e0       $pdata$??$__acrt_lowio_lock_fh_and_call@V<lambda_5533cddd4bda0037814beee657757329>@@@@YAHH$$QEAV<lambda_5533cddd4bda0037814beee657757329>@@@Z 00000001800518e0     libucrtd:commit.obj
 0004:000028ec       $pdata$??R<lambda_53fc7fc888e23d815d7080162c0aeeb2>@@QEBAXXZ 00000001800518ec     libucrtd:close.obj
 0004:000028ec       $pdata$??R<lambda_4e3dbe6921bc0b5a1a6bc6573fdc859e>@@QEBAXXZ 00000001800518ec     libucrtd:commit.obj
 0004:000028f8       $pdata$??R<lambda_47cffbaa968af5c721c38a4a6f8da44d>@@QEBAXXZ 00000001800518f8     libucrtd:commit.obj
 0004:000028f8       $pdata$??R<lambda_8ddc48ad9d26c778cb15812d1d88fc8a>@@QEBAXXZ 00000001800518f8     libucrtd:close.obj
 0004:00002904       $pdata$??$?RV<lambda_4e3dbe6921bc0b5a1a6bc6573fdc859e>@@AEAV<lambda_5533cddd4bda0037814beee657757329>@@V<lambda_47cffbaa968af5c721c38a4a6f8da44d>@@@?$__crt_seh_guarded_call@H@@QEAAH$$QEAV<lambda_4e3dbe6921bc0b5a1a6bc6573fdc859e>@@AEAV<lambda_5533cddd4bda0037814beee657757329>@@$$QEAV<lambda_47cffbaa968af5c721c38a4a6f8da44d>@@@Z 0000000180051904     libucrtd:commit.obj
 0004:00002910       $pdata$?fin$0@?0???$?RV<lambda_53fc7fc888e23d815d7080162c0aeeb2>@@AEAV<lambda_4e7105787b7b0e0227fbf2b2d883fa65>@@V<lambda_8ddc48ad9d26c778cb15812d1d88fc8a>@@@?$__crt_seh_guarded_call@H@@QEAAH$$QEAV<lambda_53fc7fc888e23d815d7080162c0aeeb2>@@AEAV<lambda_4e7105787b7b0e0227fbf2b2d883fa65>@@$$QEAV<lambda_8ddc48ad9d26c778cb15812d1d88fc8a>@@@Z@4HA 0000000180051910     libucrtd:close.obj
 0004:00002910       $pdata$?fin$0@?0???$?RV<lambda_4e3dbe6921bc0b5a1a6bc6573fdc859e>@@AEAV<lambda_5533cddd4bda0037814beee657757329>@@V<lambda_47cffbaa968af5c721c38a4a6f8da44d>@@@?$__crt_seh_guarded_call@H@@QEAAH$$QEAV<lambda_4e3dbe6921bc0b5a1a6bc6573fdc859e>@@AEAV<lambda_5533cddd4bda0037814beee657757329>@@$$QEAV<lambda_47cffbaa968af5c721c38a4a6f8da44d>@@@Z@4HA 0000000180051910     libucrtd:commit.obj
 0004:0000291c       $pdata$_write              000000018005191c     libucrtd:write.obj
 0004:00002928       $pdata$_write$fin$0        0000000180051928     libucrtd:write.obj
 0004:00002934       $pdata$_write_nolock       0000000180051934     libucrtd:write.obj
 0004:00002940       $pdata$?write_requires_double_translation_nolock@@YA_NH@Z 0000000180051940     libucrtd:write.obj
 0004:0000294c       $pdata$?write_double_translated_ansi_nolock@@YA?AUwrite_result@?A0x17268360@@HQEBDI@Z 000000018005194c     libucrtd:write.obj
 0004:00002958       $pdata$?write_double_translated_unicode_nolock@@YA?AUwrite_result@?A0x17268360@@QEBDI@Z 0000000180051958     libucrtd:write.obj
 0004:00002964       $pdata$?write_text_ansi_nolock@@YA?AUwrite_result@?A0x17268360@@HQEBDI@Z 0000000180051964     libucrtd:write.obj
 0004:00002970       $pdata$?write_text_utf16le_nolock@@YA?AUwrite_result@?A0x17268360@@HQEBDI@Z 0000000180051970     libucrtd:write.obj
 0004:0000297c       $pdata$?write_text_utf8_nolock@@YA?AUwrite_result@?A0x17268360@@HQEBDI@Z 000000018005197c     libucrtd:write.obj
 0004:00002988       $pdata$?write_binary_nolock@@YA?AUwrite_result@?A0x17268360@@HQEBDI@Z 0000000180051988     libucrtd:write.obj
 0004:00002994       $pdata$?__mbrtoc32_utf8@__crt_mbstring@@YA_KPEA_UPEBD_KPEAU_Mbstatet@@@Z 0000000180051994     libucrtd:mbrtoc32.obj
 0004:000029a0       $pdata$?return_illegal_sequence@__crt_mbstring@@YA_KPEAU_Mbstatet@@@Z 00000001800519a0     libucrtd:mbrtoc32.obj
 0004:000029ac       $pdata$?reset_and_return@__crt_mbstring@@YA_K_KPEAU_Mbstatet@@@Z 00000001800519ac     libucrtd:mbrtoc32.obj
 0004:000029c4       $pdata$ceil                00000001800519c4     libucrtd:ceil.obj
 0004:000029d0       $pdata$fegetenv            00000001800519d0     libucrtd:fegetenv.obj
 0004:000029dc       $pdata$fesetenv            00000001800519dc     libucrtd:fesetenv.obj
 0004:000029e8       $pdata$feholdexcept        00000001800519e8     libucrtd:feholdexcept.obj
 0004:000029f4       $pdata$_lseeki64_nolock    00000001800519f4     libucrtd:lseek.obj
 0004:00002a00       $pdata$?common_lseek_do_seek_nolock@@YA_JQEAX_JH@Z 0000000180051a00     libucrtd:lseek.obj
 0004:00002a0c       $pdata$??$common_lseek_nolock@_J@@YA_JH_JH@Z 0000000180051a0c     libucrtd:lseek.obj
 0004:00002a18       $pdata$fclose              0000000180051a18     libucrtd:fclose.obj
 0004:00002a24       $pdata$fclose$fin$0        0000000180051a24     libucrtd:fclose.obj
 0004:00002a30       $pdata$_fclose_nolock      0000000180051a30     libucrtd:fclose.obj
 0004:00002a3c       $pdata$?__wcsrtombs_utf8@__crt_mbstring@@YA_KPEADPEAPEB_W_KPEAU_Mbstatet@@@Z 0000000180051a3c     libucrtd:wcrtomb.obj
 0004:00002a54       $pdata$_putwch_nolock      0000000180051a54     libucrtd:putwch.obj
 0004:00002a60       $pdata$_log_special_common 0000000180051a60     libucrtd:log_special.obj
 0004:00002a6c       $pdata$_log10_special      0000000180051a6c     libucrtd:log_special.obj
 0004:00002a78       $pdata$??$__acrt_fenv_shift_bits@W4__acrt_fenv_abstract_status@@@@YA?AW4__acrt_fenv_abstract_status@@W40@0I@Z 0000000180051a78     libucrtd:_fenvutils.obj
 0004:00002a78       $pdata$??$__acrt_fenv_shift_bits@W4__acrt_fenv_abstract_control@@@@YA?AW4__acrt_fenv_abstract_control@@W40@0I@Z 0000000180051a78     libucrtd:_fenvutils.obj
 0004:00002a84       $pdata$??$__acrt_fenv_unshift_bits@W4__acrt_fenv_abstract_status@@@@YA?AW4__acrt_fenv_abstract_status@@W40@0I@Z 0000000180051a84     libucrtd:_fenvutils.obj
 0004:00002a84       $pdata$??$__acrt_fenv_unshift_bits@W4__acrt_fenv_abstract_control@@@@YA?AW4__acrt_fenv_abstract_control@@W40@0I@Z 0000000180051a84     libucrtd:_fenvutils.obj
 0004:00002a90       $pdata$?__acrt_fenv_shift_abstract_sse_status@@YA?AW4__acrt_fenv_abstract_status@@W41@@Z 0000000180051a90     libucrtd:_fenvutils.obj
 0004:00002a9c       $pdata$?__acrt_fenv_unshift_abstract_sse_status@@YA?AW4__acrt_fenv_abstract_status@@W41@@Z 0000000180051a9c     libucrtd:_fenvutils.obj
 0004:00002aa8       $pdata$?__acrt_fenv_shift_abstract_sse_control@@YA?AW4__acrt_fenv_abstract_control@@W41@@Z 0000000180051aa8     libucrtd:_fenvutils.obj
 0004:00002ab4       $pdata$?__acrt_fenv_unshift_abstract_sse_control@@YA?AW4__acrt_fenv_abstract_control@@W41@@Z 0000000180051ab4     libucrtd:_fenvutils.obj
 0004:00002ac0       $pdata$__acrt_fenv_get_status 0000000180051ac0     libucrtd:_fenvutils.obj
 0004:00002acc       $pdata$__acrt_fenv_set_status 0000000180051acc     libucrtd:_fenvutils.obj
 0004:00002ad8       $pdata$__acrt_fenv_get_control 0000000180051ad8     libucrtd:_fenvutils.obj
 0004:00002ae4       $pdata$__acrt_fenv_set_control 0000000180051ae4     libucrtd:_fenvutils.obj
 0004:00002af0       $pdata$?to_machine_sse_status@@YA?AW4__acrt_fenv_machine_sse_status@@W4__acrt_fenv_abstract_status@@@Z 0000000180051af0     libucrtd:_fenvutils.obj
 0004:00002afc       $pdata$??$translate_status@W4__acrt_fenv_machine_sse_status@@W4__acrt_fenv_abstract_status@@@@YA?AW4__acrt_fenv_machine_sse_status@@W4__acrt_fenv_abstract_status@@@Z 0000000180051afc     libucrtd:_fenvutils.obj
 0004:00002b08       $pdata$?translate_control_denormal_control_to_sse@@YA?AW4__acrt_fenv_machine_sse_control@@W4__acrt_fenv_abstract_control@@@Z 0000000180051b08     libucrtd:_fenvutils.obj
 0004:00002b14       $pdata$?translate_control_denormal_control_from_sse@@YA?AW4__acrt_fenv_abstract_control@@W4__acrt_fenv_machine_sse_control@@@Z 0000000180051b14     libucrtd:_fenvutils.obj
 0004:00002b20       $pdata$?to_abstract_control@@YA?AW4__acrt_fenv_abstract_control@@W4__acrt_fenv_machine_sse_control@@@Z 0000000180051b20     libucrtd:_fenvutils.obj
 0004:00002b2c       $pdata$??$translate_control_exception_mask@W4__acrt_fenv_abstract_control@@W4__acrt_fenv_machine_sse_control@@@@YA?AW4__acrt_fenv_abstract_control@@W4__acrt_fenv_machine_sse_control@@@Z 0000000180051b2c     libucrtd:_fenvutils.obj
 0004:00002b38       $pdata$??$translate_control_rounding_control@W4__acrt_fenv_abstract_control@@W4__acrt_fenv_machine_sse_control@@@@YA?AW4__acrt_fenv_abstract_control@@W4__acrt_fenv_machine_sse_control@@@Z 0000000180051b38     libucrtd:_fenvutils.obj
 0004:00002b44       $pdata$?to_machine_sse_control@@YA?AW4__acrt_fenv_machine_sse_control@@W4__acrt_fenv_abstract_control@@@Z 0000000180051b44     libucrtd:_fenvutils.obj
 0004:00002b50       $pdata$??$translate_control_exception_mask@W4__acrt_fenv_machine_sse_control@@W4__acrt_fenv_abstract_control@@@@YA?AW4__acrt_fenv_machine_sse_control@@W4__acrt_fenv_abstract_control@@@Z 0000000180051b50     libucrtd:_fenvutils.obj
 0004:00002b5c       $pdata$??$translate_control_rounding_control@W4__acrt_fenv_machine_sse_control@@W4__acrt_fenv_abstract_control@@@@YA?AW4__acrt_fenv_machine_sse_control@@W4__acrt_fenv_abstract_control@@@Z 0000000180051b5c     libucrtd:_fenvutils.obj
 0004:00002b68       $pdata$?get_machine_sse_status@@YA?AW4__acrt_fenv_machine_sse_status@@XZ 0000000180051b68     libucrtd:_fenvutils.obj
 0004:00002b74       $pdata$?set_machine_sse_status@@YAXW4__acrt_fenv_machine_sse_status@@@Z 0000000180051b74     libucrtd:_fenvutils.obj
 0004:00002b80       $pdata$?get_machine_sse_control@@YA?AW4__acrt_fenv_machine_sse_control@@XZ 0000000180051b80     libucrtd:_fenvutils.obj
 0004:00002b8c       $pdata$?set_machine_sse_control@@YAXW4__acrt_fenv_machine_sse_control@@@Z 0000000180051b8c     libucrtd:_fenvutils.obj
 0004:00002b98       $pdata$??$to_abstract_status@W4__acrt_fenv_machine_sse_status@@@@YA?AW4__acrt_fenv_abstract_status@@W4__acrt_fenv_machine_sse_status@@@Z 0000000180051b98     libucrtd:_fenvutils.obj
 0004:00002ba4       $pdata$??$__acrt_fenv_translate_bit@W4__acrt_fenv_machine_sse_status@@W4__acrt_fenv_abstract_status@@@@YA?AW4__acrt_fenv_machine_sse_status@@W4__acrt_fenv_abstract_status@@0W40@1@Z 0000000180051ba4     libucrtd:_fenvutils.obj
 0004:00002ba4       $pdata$??$__acrt_fenv_translate_bit@W4__acrt_fenv_abstract_status@@W4__acrt_fenv_machine_sse_status@@@@YA?AW4__acrt_fenv_abstract_status@@W4__acrt_fenv_machine_sse_status@@0W40@1@Z 0000000180051ba4     libucrtd:_fenvutils.obj
 0004:00002bb0       $pdata$??$__acrt_fenv_translate_bit@W4__acrt_fenv_abstract_control@@W4__acrt_fenv_machine_sse_control@@@@YA?AW4__acrt_fenv_abstract_control@@W4__acrt_fenv_machine_sse_control@@0W40@1@Z 0000000180051bb0     libucrtd:_fenvutils.obj
 0004:00002bbc       $pdata$??$__acrt_fenv_translate_bit@W4__acrt_fenv_machine_sse_control@@W4__acrt_fenv_abstract_control@@@@YA?AW4__acrt_fenv_machine_sse_control@@W4__acrt_fenv_abstract_control@@0W40@1@Z 0000000180051bbc     libucrtd:_fenvutils.obj
 0004:00002bc8       $pdata$??$translate_status@W4__acrt_fenv_abstract_status@@W4__acrt_fenv_machine_sse_status@@@@YA?AW4__acrt_fenv_abstract_status@@W4__acrt_fenv_machine_sse_status@@@Z 0000000180051bc8     libucrtd:_fenvutils.obj
 0004:00002bd4       $pdata$_clearfp            0000000180051bd4     libucrtd:ieee.obj
 0004:00002be0       $pdata$_abstract_sw        0000000180051be0     libucrtd:ieee.obj
 0004:00002bec       $pdata$_close              0000000180051bec     libucrtd:close.obj
 0004:00002bf8       $pdata$_close_nolock       0000000180051bf8     libucrtd:close.obj
 0004:00002c04       $pdata$?close_os_handle_nolock@@YAKH@Z 0000000180051c04     libucrtd:close.obj
 0004:00002c10       $pdata$??R<lambda_4e7105787b7b0e0227fbf2b2d883fa65>@@QEBAHXZ 0000000180051c10     libucrtd:close.obj
 0004:00002c1c       $pdata$??$__acrt_lowio_lock_fh_and_call@V<lambda_4e7105787b7b0e0227fbf2b2d883fa65>@@@@YAHH$$QEAV<lambda_4e7105787b7b0e0227fbf2b2d883fa65>@@@Z 0000000180051c1c     libucrtd:close.obj
 0004:00002c28       $pdata$??$?RV<lambda_53fc7fc888e23d815d7080162c0aeeb2>@@AEAV<lambda_4e7105787b7b0e0227fbf2b2d883fa65>@@V<lambda_8ddc48ad9d26c778cb15812d1d88fc8a>@@@?$__crt_seh_guarded_call@H@@QEAAH$$QEAV<lambda_53fc7fc888e23d815d7080162c0aeeb2>@@AEAV<lambda_4e7105787b7b0e0227fbf2b2d883fa65>@@$$QEAV<lambda_8ddc48ad9d26c778cb15812d1d88fc8a>@@@Z 0000000180051c28     libucrtd:close.obj
 0004:00002c34       $pdata$?__acrt_stdio_free_stream@@YAXV__crt_stdio_stream@@@Z 0000000180051c34     libucrtd:stream.obj
 0004:00002c40       $pdata$?__c16rtomb_utf8@__crt_mbstring@@YA_KPEAD_SPEAU_Mbstatet@@@Z 0000000180051c40     libucrtd:c16rtomb.obj
 0004:00002c4c       $pdata$?store_first_surrogate@?A0xc60ee810@@YAX_SPEAU_Mbstatet@@@Z 0000000180051c4c     libucrtd:c16rtomb.obj
 0004:00002c58       $pdata$?has_surrogate@?A0xc60ee810@@YA_NPEAU_Mbstatet@@@Z 0000000180051c58     libucrtd:c16rtomb.obj
 0004:00002c64       $pdata$?is_first_surrogate@?A0xc60ee810@@YA_N_S@Z 0000000180051c64     libucrtd:c16rtomb.obj
 0004:00002c70       $pdata$?is_second_surrogate@?A0xc60ee810@@YA_N_S@Z 0000000180051c70     libucrtd:c16rtomb.obj
 0004:00002c7c       $pdata$__dcrt_lowio_ensure_console_output_initialized 0000000180051c7c     libucrtd:initcon.obj
 0004:00002c88       $pdata$__dcrt_write_console 0000000180051c88     libucrtd:initcon.obj
 0004:00002c94       $pdata$__dcrt_terminate_console_output 0000000180051c94     libucrtd:initcon.obj
 0004:00002ca0       $pdata$c32rtomb            0000000180051ca0     libucrtd:c32rtomb.obj
 0004:00002cac       $pdata$?__c32rtomb_utf8@__crt_mbstring@@YA_KPEAD_UPEAU_Mbstatet@@@Z 0000000180051cac     libucrtd:c32rtomb.obj
 0004:00002cb8       $pdata$_ValidateImageBase  0000000180051cb8     LIBCMTD:pesect.obj
 0004:00002cc4       $pdata$_FindPESection      0000000180051cc4     LIBCMTD:pesect.obj
 0004:00002cd0       $pdata$_IsNonwritableInCurrentImage 0000000180051cd0     LIBCMTD:pesect.obj
 0004:00002cdc       $pdata$_IsNonwritableInCurrentImage$filt$0 0000000180051cdc     LIBCMTD:pesect.obj
 0004:00002ce8       $pdata$??_Gtype_info@@UEAAPEAXI@Z 0000000180051ce8     LIBCMTD:std_type_info_static.obj
 0004:00002cf4       $pdata$??3@YAXPEAX_K@Z     0000000180051cf4     LIBCMTD:delete_scalar_size.obj
 0004:00002d00       $pdata$__GSHandlerCheck_SEH 0000000180051d00     LIBCMTD:_gshandlerseh_.obj
 0004:00002d18       $pdata$__GSHandlerCheck_EH 0000000180051d18     LIBCMTD:gshandlereh.obj
 0004:00002d24       $pdata$??3@YAXPEAX@Z       0000000180051d24     LIBCMTD:delete_scalar.obj
 0004:00002d3c       $pdata$strrchr             0000000180051d3c     libvcruntimed:strrchr.obj
