 win32_FluffyFortnight

 Timestamp is 5b941943 (Sat Sep  8 14:47:31 2018)

 Preferred load address is 00400000

 Start         Length     Name                   Class
 0001:00000000 00094eb0H .text$mn                CODE
 0001:00094eb0 00001193H .text$x                 CODE
 0002:00000000 00000104H .CRT$XCA                DATA
 0002:00000104 00000104H .CRT$XCAA               DATA
 0002:00000208 00000104H .CRT$XCZ                DATA
 0002:0000030c 00000104H .CRT$XIA                DATA
 0002:00000410 00000104H .CRT$XIAA               DATA
 0002:00000514 00000104H .CRT$XIAC               DATA
 0002:00000618 00000110H .CRT$XIC                DATA
 0002:00000728 00000104H .CRT$XIZ                DATA
 0002:0000082c 00000104H .CRT$XPA                DATA
 0002:00000930 0000010cH .CRT$XPX                DATA
 0002:00000a3c 00000104H .CRT$XPXA               DATA
 0002:00000b40 00000104H .CRT$XPZ                DATA
 0002:00000c44 00000104H .CRT$XTA                DATA
 0002:00000d48 00000108H .CRT$XTZ                DATA
 0002:00000e50 000209a8H .rdata                  DATA
 0002:000217f8 00000448H .rdata$r                DATA
 0002:00021c40 0000013cH .rdata$sxdata           DATA
 0002:00021d7c 00000188H .rdata$zzzdbg           DATA
 0002:00021f04 00000104H .rtc$IAA                DATA
 0002:00022008 00000104H .rtc$IZZ                DATA
 0002:0002210c 00000104H .rtc$TAA                DATA
 0002:00022210 00000108H .rtc$TZZ                DATA
 0002:00022318 00000e74H .xdata$x                DATA
 0002:0002318c 00000000H .edata                  DATA
 0003:00000000 00000aa4H .data                   DATA
 0003:00000aa4 00000244H .data$r                 DATA
 0003:00000ce8 000017ccH .bss                    DATA
 0004:00000000 00000244H .idata$5                DATA
 0004:00000244 0000003cH .idata$2                DATA
 0004:00000280 00000014H .idata$3                DATA
 0004:00000294 00000244H .idata$4                DATA
 0004:000004d8 00000894H .idata$6                DATA
 0005:00000000 000002e1H .gfids$y                DATA
 0006:00000000 00000104H .00cfg                  DATA

  Address         Publics by Value              Rva+Base       Lib:Object

 0000:00000000       ___guard_longjmp_count     00000000     <absolute>
 0000:00000000       __except_list              00000000     <absolute>
 0000:00000000       ___guard_iat_count         00000000     <absolute>
 0000:00000000       ___dynamic_value_reloc_table 00000000     <absolute>
 0000:00000000       ___guard_longjmp_table     00000000     <absolute>
 0000:00000000       ___guard_iat_table         00000000     <absolute>
 0000:00000000       ___guard_fids_count        00000000     <absolute>
 0000:00000000       ___guard_fids_table        00000000     <absolute>
 0000:0000000c       ___safe_se_handler_count   0000000c     <absolute>
 0000:00000100       ___guard_flags             00000100     <absolute>
 0000:00000000       ___ImageBase               00400000     <linker-defined>
 0001:00005e80       _WinMain@16                00406e80 f   win32_FluffyFortnight.obj
 0001:00006620       _DefWindowProcA@16         00407620 f   user32:USER32.dll
 0001:00006626       _RegisterClassA@4          00407626 f   user32:USER32.dll
 0001:0000662c       _CreateWindowExA@48        0040762c f   user32:USER32.dll
 0001:00006632       _GetDC@4                   00407632 f   user32:USER32.dll
 0001:00006638       _BeginPaint@8              00407638 f   user32:USER32.dll
 0001:0000663e       _EndPaint@8                0040763e f   user32:USER32.dll
 0001:00006644       _GetClientRect@8           00407644 f   user32:USER32.dll
 0001:0000664a       _StretchDIBits@52          0040764a f   gdi32:GDI32.dll
 0001:00006650       @__security_check_cookie@4 00407650 f   LIBCMTD:_secchk_.obj
 0001:00006a40       ?configure_argv@__scrt_narrow_argv_policy@@SAHXZ 00407a40 f i LIBCMTD:exe_winmain.obj
 0001:00006a60       ?get_app_type@__scrt_winmain_policy@@SA?AW4_crt_app_type@@XZ 00407a60 f i LIBCMTD:exe_winmain.obj
 0001:00006ab0       _WinMainCRTStartup         00407ab0 f   LIBCMTD:exe_winmain.obj
 0001:00006ac0       ___raise_securityfailure   00407ac0 f   LIBCMTD:gs_report.obj
 0001:00006b00       ___report_gsfailure        00407b00 f   LIBCMTD:gs_report.obj
 0001:00006c50       ___report_rangecheckfailure 00407c50 f   LIBCMTD:gs_report.obj
 0001:00006c60       ___report_securityfailure  00407c60 f   LIBCMTD:gs_report.obj
 0001:00006d70       ___report_securityfailureEx 00407d70 f   LIBCMTD:gs_report.obj
 0001:00006ee0       ??$__crt_fast_decode_pointer@PAP6AXXZ@@YAPAP6AXXZQAP6AXXZ@Z 00407ee0 f i LIBCMTD:utility.obj
 0001:00006f10       ??$__crt_fast_encode_pointer@PAP6AXXZ@@YAPAP6AXXZQAP6AXXZ@Z 00407f10 f i LIBCMTD:utility.obj
 0001:00006f50       ?__crt_rotate_pointer_value@@YAIIH@Z 00407f50 f i LIBCMTD:utility.obj
 0001:000070a0       _NtCurrentTeb              004080a0 f i LIBCMTD:utility.obj
 0001:000070b0       ___scrt_acquire_startup_lock 004080b0 f   LIBCMTD:utility.obj
 0001:00007110       ___scrt_dllmain_after_initialize_c 00408110 f   LIBCMTD:utility.obj
 0001:00007150       ___scrt_dllmain_before_initialize_c 00408150 f   LIBCMTD:utility.obj
 0001:00007180       ___scrt_dllmain_crt_thread_attach 00408180 f   LIBCMTD:utility.obj
 0001:000071c0       ___scrt_dllmain_crt_thread_detach 004081c0 f   LIBCMTD:utility.obj
 0001:000071e0       ___scrt_dllmain_exception_filter 004081e0 f   LIBCMTD:utility.obj
 0001:00007240       ___scrt_dllmain_uninitialize_c 00408240 f   LIBCMTD:utility.obj
 0001:00007280       ___scrt_dllmain_uninitialize_critical 00408280 f   LIBCMTD:utility.obj
 0001:000072a0       ___scrt_initialize_crt     004082a0 f   LIBCMTD:utility.obj
 0001:00007300       ___scrt_initialize_onexit_tables 00408300 f   LIBCMTD:utility.obj
 0001:00007400       ___scrt_is_nonwritable_in_current_image 00408400 f   LIBCMTD:utility.obj
 0001:00007580       ___scrt_release_startup_lock 00408580 f   LIBCMTD:utility.obj
 0001:000075b0       ___scrt_uninitialize_crt   004085b0 f   LIBCMTD:utility.obj
 0001:00007600       __onexit                   00408600 f   LIBCMTD:utility.obj
 0001:00007690       _at_quick_exit             00408690 f   LIBCMTD:utility.obj
 0001:000076f0       _atexit                    004086f0 f   LIBCMTD:utility.obj
 0001:00007730       ___security_init_cookie    00408730 f   LIBCMTD:gs_support.obj
 0001:00007850       __matherr                  00408850 f   LIBCMTD:matherr.obj
 0001:00007860       __get_startup_argv_mode    00408860 f   LIBCMTD:argv_mode.obj
 0001:00007870       __get_startup_commit_mode  00408870 f   LIBCMTD:commit_mode.obj
 0001:00007880       __get_startup_file_mode    00408880 f   LIBCMTD:file_mode.obj
 0001:00007890       __get_startup_new_mode     00408890 f   LIBCMTD:new_mode.obj
 0001:000078a0       __get_startup_thread_locale_mode 004088a0 f   LIBCMTD:thread_locale.obj
 0001:000078b0       ?__scrt_initialize_type_info@@YAXXZ 004088b0 f   LIBCMTD:tncleanup.obj
 0001:000078d0       ?__scrt_uninitialize_type_info@@YAXXZ 004088d0 f   LIBCMTD:tncleanup.obj
 0001:000078f0       __should_initialize_environment 004088f0 f   LIBCMTD:env_mode.obj
 0001:00007900       __initialize_default_precision 00408900 f   LIBCMTD:default_precision.obj
 0001:00007930       __initialize_invalid_parameter_handler 00408930 f   LIBCMTD:invalid_parameter_handler.obj
 0001:00007940       __initialize_denormal_control 00408940 f   LIBCMTD:denormal_control.obj
 0001:00007950       ___local_stdio_printf_options 00408950 f i LIBCMTD:default_local_stdio_options.obj
 0001:00007960       ___local_stdio_scanf_options 00408960 f i LIBCMTD:default_local_stdio_options.obj
 0001:00007970       ___scrt_initialize_default_local_stdio_options 00408970 f   LIBCMTD:default_local_stdio_options.obj
 0001:000079c0       ___scrt_is_user_matherr_present 004089c0 f   LIBCMTD:matherr_detection.obj
 0001:000079f0       ___scrt_get_dyn_tls_init_callback 004089f0 f   LIBCMTD:dyn_tls_init.obj
 0001:00007a00       ___scrt_get_dyn_tls_dtor_callback 00408a00 f   LIBCMTD:dyn_tls_dtor.obj
 0001:00007a10       ___scrt_fastfail           00408a10 f   LIBCMTD:utility_desktop.obj
 0001:00007ba0       ___scrt_get_show_window_mode 00408ba0 f   LIBCMTD:utility_desktop.obj
 0001:00007bf0       ___scrt_initialize_winrt   00408bf0 f   LIBCMTD:utility_desktop.obj
 0001:00007c00       ___scrt_is_managed_app     00408c00 f   LIBCMTD:utility_desktop.obj
 0001:00007cb0       ___scrt_set_unhandled_exception_filter 00408cb0 f   LIBCMTD:utility_desktop.obj
 0001:00007cd0       ___scrt_unhandled_exception_filter@4 00408cd0 f   LIBCMTD:utility_desktop.obj
 0001:00007d50       __crt_debugger_hook        00408d50 f   LIBCMTD:utility_desktop.obj
 0001:00007d70       __RTC_Initialize           00408d70 f   LIBCMTD:_initsect_.obj
 0001:00007db0       __RTC_Terminate            00408db0 f   LIBCMTD:_initsect_.obj
 0001:00007df0       @_guard_check_icall@4      00408df0 f i LIBCMTD:checkcfg.obj
 0001:00007e10       ___isa_available_init      00408e10 f   LIBCMTD:_cpu_disp_.obj
 0001:000081a0       ___scrt_is_ucrt_dll_in_use 004091a0 f   LIBCMTD:ucrt_detection.obj
 0001:000081d0       @_guard_check_icall_nop@4  004091d0 f i LIBCMTD:guard_support.obj
 0001:000081e0       __guard_icall_checks_enforced 004091e0 f i LIBCMTD:guard_support.obj
 0001:00008210       _CompareFileTime@8         00409210 f   kernel32:KERNEL32.dll
 0001:00008216       _GetFileAttributesExA@12   00409216 f   kernel32:KERNEL32.dll
 0001:0000821c       _VirtualAlloc@16           0040921c f   kernel32:KERNEL32.dll
 0001:00008222       _VirtualFree@12            00409222 f   kernel32:KERNEL32.dll
 0001:00008228       _FreeLibrary@4             00409228 f   kernel32:KERNEL32.dll
 0001:0000822e       _GetProcAddress@8          0040922e f   kernel32:KERNEL32.dll
 0001:00008234       _LoadLibraryA@4            00409234 f   kernel32:KERNEL32.dll
 0001:0000823a       _CopyFileA@12              0040923a f   kernel32:KERNEL32.dll
 0001:00008240       _UnhandledExceptionFilter@4 00409240 f   kernel32:KERNEL32.dll
 0001:00008246       _SetUnhandledExceptionFilter@4 00409246 f   kernel32:KERNEL32.dll
 0001:0000824c       _GetCurrentProcess@0       0040924c f   kernel32:KERNEL32.dll
 0001:00008252       _TerminateProcess@8        00409252 f   kernel32:KERNEL32.dll
 0001:00008258       _IsProcessorFeaturePresent@4 00409258 f   kernel32:KERNEL32.dll
 0001:0000825e       _QueryPerformanceCounter@4 0040925e f   kernel32:KERNEL32.dll
 0001:00008264       _GetCurrentProcessId@0     00409264 f   kernel32:KERNEL32.dll
 0001:0000826a       _GetCurrentThreadId@0      0040926a f   kernel32:KERNEL32.dll
 0001:00008270       _GetSystemTimeAsFileTime@4 00409270 f   kernel32:KERNEL32.dll
 0001:00008276       _InitializeSListHead@4     00409276 f   kernel32:KERNEL32.dll
 0001:0000827c       _IsDebuggerPresent@0       0040927c f   kernel32:KERNEL32.dll
 0001:00008282       _GetStartupInfoW@4         00409282 f   kernel32:KERNEL32.dll
 0001:00008288       _GetModuleHandleW@4        00409288 f   kernel32:KERNEL32.dll
 0001:00008290       _memset                    00409290 f   libvcruntimed:memset.obj
 0001:000084c0       __except_handler4          004094c0 f   libvcruntimed:_chandler4_.obj
 0001:00008710       ___vcrt_initialize         00409710 f   libvcruntimed:initialization.obj
 0001:00008760       ___vcrt_thread_attach      00409760 f   libvcruntimed:initialization.obj
 0001:00008780       ___vcrt_thread_detach      00409780 f   libvcruntimed:initialization.obj
 0001:000087a0       ___vcrt_uninitialize       004097a0 f   libvcruntimed:initialization.obj
 0001:000087d0       ___vcrt_uninitialize_critical 004097d0 f   libvcruntimed:initialization.obj
 0001:00008830       ??$?RD@__crt_internal_free_policy@@QBEXQBD@Z 00409830 f i libvcruntimed:std_type_info.obj
 0001:00008860       ??$?RX@__crt_internal_free_policy@@QBEXQBX@Z 00409860 f i libvcruntimed:std_type_info.obj
 0001:00008890       ??$__crt_interlocked_compare_exchange_pointer@$$CBD$$T$$T@@YAPBDPDSBD$$T1@Z 00409890 f i libvcruntimed:std_type_info.obj
 0001:000088b0       ??$__crt_interlocked_compare_exchange_pointer@$$CBDPAD$$T@@YAPBDPDSBDQAD$$T@Z 004098b0 f i libvcruntimed:std_type_info.obj
 0001:000088d0       ??$__crt_interlocked_read_pointer@$$CBD@@YAPBDPDSBD@Z 004098d0 f i libvcruntimed:std_type_info.obj
 0001:000088f0       ??0?$__crt_unique_heap_ptr@DU__crt_internal_free_policy@@@@QAE@QAD@Z 004098f0 f i libvcruntimed:std_type_info.obj
 0001:00008910       ??0?$__crt_unique_heap_ptr@XU__crt_internal_free_policy@@@@QAE@QAX@Z 00409910 f i libvcruntimed:std_type_info.obj
 0001:00008930       ??1?$__crt_unique_heap_ptr@DU__crt_internal_free_policy@@@@QAE@XZ 00409930 f i libvcruntimed:std_type_info.obj
 0001:00008950       ??1?$__crt_unique_heap_ptr@XU__crt_internal_free_policy@@@@QAE@XZ 00409950 f i libvcruntimed:std_type_info.obj
 0001:000089b0       ??B?$__crt_unique_heap_ptr@DU__crt_internal_free_policy@@@@QBE_NXZ 004099b0 f i libvcruntimed:std_type_info.obj
 0001:000089d0       ??B?$__crt_unique_heap_ptr@XU__crt_internal_free_policy@@@@QBE_NXZ 004099d0 f i libvcruntimed:std_type_info.obj
 0001:00008a50       ?detach@?$__crt_unique_heap_ptr@XU__crt_internal_free_policy@@@@QAEPAXXZ 00409a50 f i libvcruntimed:std_type_info.obj
 0001:00008a80       ?get@?$__crt_unique_heap_ptr@DU__crt_internal_free_policy@@@@QBEPADXZ 00409a80 f i libvcruntimed:std_type_info.obj
 0001:00008aa0       ?get@?$__crt_unique_heap_ptr@XU__crt_internal_free_policy@@@@QBEPAXXZ 00409aa0 f i libvcruntimed:std_type_info.obj
 0001:00008ac0       ?is_valid@?$__crt_unique_heap_ptr@DU__crt_internal_free_policy@@@@QBE_NXZ 00409ac0 f i libvcruntimed:std_type_info.obj
 0001:00008b00       ?is_valid@?$__crt_unique_heap_ptr@XU__crt_internal_free_policy@@@@QBE_NXZ 00409b00 f i libvcruntimed:std_type_info.obj
 0001:00008b40       ?release@?$__crt_unique_heap_ptr@DU__crt_internal_free_policy@@@@QAEXXZ 00409b40 f i libvcruntimed:std_type_info.obj
 0001:00008b70       ?release@?$__crt_unique_heap_ptr@XU__crt_internal_free_policy@@@@QAEXXZ 00409b70 f i libvcruntimed:std_type_info.obj
 0001:00008ba0       ___std_type_info_compare   00409ba0 f   libvcruntimed:std_type_info.obj
 0001:00008bd0       ___std_type_info_destroy_list 00409bd0 f   libvcruntimed:std_type_info.obj
 0001:00008c20       ___std_type_info_hash      00409c20 f   libvcruntimed:std_type_info.obj
 0001:00008c90       ___std_type_info_name      00409c90 f   libvcruntimed:std_type_info.obj
 0001:00008ee0       __local_unwind4            00409ee0 f   libvcruntimed:_exsup4_.obj
 0001:00008fb6       __seh_longjmp_unwind4@4    00409fb6 f   libvcruntimed:_exsup4_.obj
 0001:00008fde       @_EH4_CallFilterFunc@8     00409fde f   libvcruntimed:_exsup4_.obj
 0001:00008ff5       @_EH4_TransferToHandler@8  00409ff5 f   libvcruntimed:_exsup4_.obj
 0001:0000900e       @_EH4_GlobalUnwind2@8      0040a00e f   libvcruntimed:_exsup4_.obj
 0001:00009027       @_EH4_LocalUnwind@16       0040a027 f   libvcruntimed:_exsup4_.obj
 0001:000090a0       ___except_validate_context_record 0040a0a0 f   libvcruntimed:jbcxrval.obj
 0001:00009100       ___except_validate_jump_buffer 0040a100 f   libvcruntimed:jbcxrval.obj
 0001:00009160       ??$?RU__vcrt_ptd@@@__crt_internal_free_policy@@QBEXQBU__vcrt_ptd@@@Z 0040a160 f i libvcruntimed:per_thread_data.obj
 0001:00009190       ??0?$__crt_unique_heap_ptr@U__vcrt_ptd@@U__crt_internal_free_policy@@@@QAE@QAU__vcrt_ptd@@@Z 0040a190 f i libvcruntimed:per_thread_data.obj
 0001:000091d0       ??1?$__crt_unique_heap_ptr@U__vcrt_ptd@@U__crt_internal_free_policy@@@@QAE@XZ 0040a1d0 f i libvcruntimed:per_thread_data.obj
 0001:00009210       ??B?$__crt_unique_heap_ptr@U__vcrt_ptd@@U__crt_internal_free_policy@@@@QBE_NXZ 0040a210 f i libvcruntimed:per_thread_data.obj
 0001:00009230       ?detach@?$__crt_unique_heap_ptr@U__vcrt_ptd@@U__crt_internal_free_policy@@@@QAEPAU__vcrt_ptd@@XZ 0040a230 f i libvcruntimed:per_thread_data.obj
 0001:00009260       ?get@?$__crt_unique_heap_ptr@U__vcrt_ptd@@U__crt_internal_free_policy@@@@QBEPAU__vcrt_ptd@@XZ 0040a260 f i libvcruntimed:per_thread_data.obj
 0001:00009280       ?is_valid@?$__crt_unique_heap_ptr@U__vcrt_ptd@@U__crt_internal_free_policy@@@@QBE_NXZ 0040a280 f i libvcruntimed:per_thread_data.obj
 0001:000092c0       ?release@?$__crt_unique_heap_ptr@U__vcrt_ptd@@U__crt_internal_free_policy@@@@QAEXXZ 0040a2c0 f i libvcruntimed:per_thread_data.obj
 0001:00009320       ___vcrt_freefls@4          0040a320 f   libvcruntimed:per_thread_data.obj
 0001:00009350       ___vcrt_freeptd            0040a350 f   libvcruntimed:per_thread_data.obj
 0001:000093c0       ___vcrt_getptd             0040a3c0 f   libvcruntimed:per_thread_data.obj
 0001:000093f0       ___vcrt_getptd_noexit      0040a3f0 f   libvcruntimed:per_thread_data.obj
 0001:000095b0       ___vcrt_initialize_ptd     0040a5b0 f   libvcruntimed:per_thread_data.obj
 0001:00009610       ___vcrt_uninitialize_ptd   0040a610 f   libvcruntimed:per_thread_data.obj
 0001:00009650       ___vcrt_initialize_locks   0040a650 f   libvcruntimed:locks.obj
 0001:000096c0       ___vcrt_lock               0040a6c0 f   libvcruntimed:locks.obj
 0001:000096e0       ___vcrt_uninitialize_locks 0040a6e0 f   libvcruntimed:locks.obj
 0001:00009740       ___vcrt_unlock             0040a740 f   libvcruntimed:locks.obj
 0001:00009760       ??$?BX@__crt_fast_encoded_nullptr_t@@QBEPAXXZ 0040a760 f i libvcruntimed:winapi_downlevel.obj
 0001:00009780       ??$__crt_fast_decode_pointer@PAX@@YAPAXQAX@Z 0040a780 f i libvcruntimed:winapi_downlevel.obj
 0001:000097b0       ??$__crt_fast_encode_pointer@PAX@@YAPAXQAX@Z 0040a7b0 f i libvcruntimed:winapi_downlevel.obj
 0001:000097f0       ??$__crt_interlocked_compare_exchange_pointer@UHINSTANCE__@@$$T$$T@@YAPAUHINSTANCE__@@PDSAU0@$$T1@Z 0040a7f0 f i libvcruntimed:winapi_downlevel.obj
 0001:00009810       ??$__crt_interlocked_compare_exchange_pointer@X$$T$$T@@YAPAXPDSAX$$T1@Z 0040a810 f i libvcruntimed:winapi_downlevel.obj
 0001:00009830       ??$__crt_interlocked_exchange_pointer@UHINSTANCE__@@PAU1@@@YAPAUHINSTANCE__@@PDSAU0@QAU0@@Z 0040a830 f i libvcruntimed:winapi_downlevel.obj
 0001:00009840       ??$__crt_interlocked_exchange_pointer@UHINSTANCE__@@PAX@@YAPAUHINSTANCE__@@PDSAU0@QAX@Z 0040a840 f i libvcruntimed:winapi_downlevel.obj
 0001:00009850       ??$__crt_interlocked_exchange_pointer@XPAX@@YAPAXPDSAXQAX@Z 0040a850 f i libvcruntimed:winapi_downlevel.obj
 0001:00009860       ??$__crt_interlocked_read_pointer@UHINSTANCE__@@@@YAPAUHINSTANCE__@@PDSAU0@@Z 0040a860 f i libvcruntimed:winapi_downlevel.obj
 0001:00009880       ??$__crt_interlocked_read_pointer@X@@YAPAXPDSAX@Z 0040a880 f i libvcruntimed:winapi_downlevel.obj
 0001:000098a0       ?__crt_fast_encode_pointer@@YA?AU__crt_fast_encoded_nullptr_t@@$$T@Z 0040a8a0 f i libvcruntimed:winapi_downlevel.obj
 0001:00009e30       ___vcrt_EventRegister      0040ae30 f   libvcruntimed:winapi_downlevel.obj
 0001:00009e80       ___vcrt_EventSetInformation 0040ae80 f   libvcruntimed:winapi_downlevel.obj
 0001:00009ee0       ___vcrt_EventUnregister    0040aee0 f   libvcruntimed:winapi_downlevel.obj
 0001:00009f30       ___vcrt_EventWriteTransfer 0040af30 f   libvcruntimed:winapi_downlevel.obj
 0001:00009f90       ___vcrt_FlsAlloc           0040af90 f   libvcruntimed:winapi_downlevel.obj
 0001:00009fe0       ___vcrt_FlsFree            0040afe0 f   libvcruntimed:winapi_downlevel.obj
 0001:0000a030       ___vcrt_FlsGetValue        0040b030 f   libvcruntimed:winapi_downlevel.obj
 0001:0000a080       ___vcrt_FlsSetValue        0040b080 f   libvcruntimed:winapi_downlevel.obj
 0001:0000a0e0       ___vcrt_InitializeCriticalSectionEx 0040b0e0 f   libvcruntimed:winapi_downlevel.obj
 0001:0000a140       ___vcrt_initialize_winapi_thunks 0040b140 f   libvcruntimed:winapi_downlevel.obj
 0001:0000a1c0       ___vcrt_uninitialize_winapi_thunks 0040b1c0 f   libvcruntimed:winapi_downlevel.obj
 0001:0000a250       ??$?B$$A6AXXZ@__crt_fast_encoded_nullptr_t@@QBEP6AXXZXZ 0040b250 f i libvcruntimed:purevirt_data.obj
 0001:0000a270       ??$__crt_fast_encode_pointer@P6AXXZ@@YAP6AXXZQ6AXXZ@Z 0040b270 f i libvcruntimed:purevirt_data.obj
 0001:0000a2b0       ___vcrt_initialize_pure_virtual_call_handler 0040b2b0 f   libvcruntimed:purevirt_data.obj
 0001:0000a2e0       ??$__vcrt_va_start_verify_argument_type@QBD@@YAXXZ 0040b2e0 f i libvcruntimed:undname.obj
 0001:0000a2f0       ??0Block@_HeapManager@@QAE@XZ 0040b2f0 f i libvcruntimed:undname.obj
 0001:0000a310       ??0DName@@QAE@AAPBDD@Z     0040b310 f   libvcruntimed:undname.obj
 0001:0000a680       ??0DName@@QAE@ABV0@@Z      0040b680 f i libvcruntimed:undname.obj
 0001:0000a6b0       ??0DName@@QAE@D@Z          0040b6b0 f   libvcruntimed:undname.obj
 0001:0000a7c0       ??0DName@@QAE@PAV0@@Z      0040b7c0 f   libvcruntimed:undname.obj
 0001:0000a940       ??0DName@@QAE@PBD@Z        0040b940 f   libvcruntimed:undname.obj
 0001:0000aa70       ??0DName@@QAE@W4DNameStatus@@@Z 0040ba70 f   libvcruntimed:undname.obj
 0001:0000abd0       ??0DName@@QAE@XZ           0040bbd0 f i libvcruntimed:undname.obj
 0001:0000acc0       ??0DName@@QAE@_J@Z         0040bcc0 f   libvcruntimed:undname.obj
 0001:0000aea0       ??0DName@@QAE@_K@Z         0040bea0 f   libvcruntimed:undname.obj
 0001:0000b030       ??0DNameNode@@IAE@XZ       0040c030 f   libvcruntimed:undname.obj
 0001:0000b050       ??0DNameStatusNode@@AAE@W4DNameStatus@@@Z 0040c050 f   libvcruntimed:undname.obj
 0001:0000b0c0       ??0Replicator@@QAE@XZ      0040c0c0 f i libvcruntimed:undname.obj
 0001:0000b0e0       ??0UnDecorator@@QAE@PADPBDHP6APADJ@ZK@Z 0040c0e0 f i libvcruntimed:undname.obj
 0001:0000b1a0       ??0charNode@@QAE@D@Z       0040c1a0 f   libvcruntimed:undname.obj
 0001:0000b1e0       ??0pDNameNode@@QAE@PAVDName@@@Z 0040c1e0 f   libvcruntimed:undname.obj
 0001:0000b260       ??0pairNode@@QAE@PAVDNameNode@@0@Z 0040c260 f   libvcruntimed:undname.obj
 0001:0000b2b0       ??0pcharNode@@QAE@PBDH@Z   0040c2b0 f   libvcruntimed:undname.obj
 0001:0000b370       ??2@YAPAXIAAV_HeapManager@@H@Z 0040c370 f i libvcruntimed:undname.obj
 0001:0000b390       ??4DName@@QAEAAV0@ABV0@@Z  0040c390 f   libvcruntimed:undname.obj
 0001:0000b3c0       ??4DName@@QAEAAV0@D@Z      0040c3c0 f i libvcruntimed:undname.obj
 0001:0000b4d0       ??4DName@@QAEAAV0@PAV0@@Z  0040c4d0 f   libvcruntimed:undname.obj
 0001:0000b650       ??4DName@@QAEAAV0@PBD@Z    0040c650 f   libvcruntimed:undname.obj
 0001:0000b760       ??4DName@@QAEAAV0@W4DNameStatus@@@Z 0040c760 f   libvcruntimed:undname.obj
 0001:0000b8a0       ??AReplicator@@QBE?AVDName@@H@Z 0040c8a0 f   libvcruntimed:undname.obj
 0001:0000b920       ??BUnDecorator@@QAEPADXZ   0040c920 f i libvcruntimed:undname.obj
 0001:0000bc70       ??H@YA?AVDName@@DABV0@@Z   0040cc70 f i libvcruntimed:undname.obj
 0001:0000bcb0       ??H@YA?AVDName@@PBDABV0@@Z 0040ccb0 f i libvcruntimed:undname.obj
 0001:0000bcf0       ??H@YA?AVDName@@W4DNameStatus@@ABV0@@Z 0040ccf0 f i libvcruntimed:undname.obj
 0001:0000bd30       ??HDName@@QBE?AV0@ABV0@@Z  0040cd30 f   libvcruntimed:undname.obj
 0001:0000bd80       ??HDName@@QBE?AV0@D@Z      0040cd80 f   libvcruntimed:undname.obj
 0001:0000bdd0       ??HDName@@QBE?AV0@PAV0@@Z  0040cdd0 f   libvcruntimed:undname.obj
 0001:0000be20       ??HDName@@QBE?AV0@PBD@Z    0040ce20 f   libvcruntimed:undname.obj
 0001:0000be70       ??HDName@@QBE?AV0@W4DNameStatus@@@Z 0040ce70 f   libvcruntimed:undname.obj
 0001:0000bec0       ??YDName@@QAEAAV0@ABV0@@Z  0040cec0 f   libvcruntimed:undname.obj
 0001:0000bf40       ??YDName@@QAEAAV0@D@Z      0040cf40 f   libvcruntimed:undname.obj
 0001:0000bfe0       ??YDName@@QAEAAV0@PAV0@@Z  0040cfe0 f   libvcruntimed:undname.obj
 0001:0000c0c0       ??YDName@@QAEAAV0@PBD@Z    0040d0c0 f   libvcruntimed:undname.obj
 0001:0000c180       ??YDName@@QAEAAV0@W4DNameStatus@@@Z 0040d180 f   libvcruntimed:undname.obj
 0001:0000c200       ??YReplicator@@QAEAAV0@ABVDName@@@Z 0040d200 f   libvcruntimed:undname.obj
 0001:0000c2b0       ??_5DName@@QAEAAV0@ABV0@@Z 0040d2b0 f   libvcruntimed:undname.obj
 0001:0000c320       ?Constructor@_HeapManager@@QAEXP6APAXI@ZP6AXPAX@Z@Z 0040d320 f i libvcruntimed:undname.obj
 0001:0000c370       ?Destructor@_HeapManager@@QAEXXZ 0040d370 f i libvcruntimed:undname.obj
 0001:0000c3e0       ?UScore@UnDecorator@@SAPBDW4Tokens@@@Z 0040d3e0 f   libvcruntimed:undname.obj
 0001:0000c420       ?append@DName@@AAEXPAVDNameNode@@@Z 0040d420 f   libvcruntimed:undname.obj
 0001:0000c4d0       ?composeDeclaration@UnDecorator@@CA?AVDName@@ABV2@@Z 0040d4d0 f i libvcruntimed:undname.obj
 0001:0000e880       ?dbGetString@DName@@QBEPADXZ 0040f880 f   libvcruntimed:undname.obj
 0001:0000e8b0       ?doAccessSpecifiers@UnDecorator@@SAHXZ 0040f8b0 f i libvcruntimed:undname.obj
 0001:0000e8e0       ?doAllocationLanguage@UnDecorator@@SAHXZ 0040f8e0 f i libvcruntimed:undname.obj
 0001:0000e910       ?doAllocationModel@UnDecorator@@SAHXZ 0040f910 f i libvcruntimed:undname.obj
 0001:0000e940       ?doEcsu@UnDecorator@@SAHXZ 0040f940 f i libvcruntimed:undname.obj
 0001:0000e970       ?doEllipsis@UnDecorator@@SAHXZ 0040f970 f i libvcruntimed:undname.obj
 0001:0000e9a0       ?doFunctionReturns@UnDecorator@@SAHXZ 0040f9a0 f i libvcruntimed:undname.obj
 0001:0000e9d0       ?doMSKeywords@UnDecorator@@SAHXZ 0040f9d0 f i libvcruntimed:undname.obj
 0001:0000ea00       ?doMemberTypes@UnDecorator@@SAHXZ 0040fa00 f i libvcruntimed:undname.obj
 0001:0000ea30       ?doNameOnly@UnDecorator@@SAHXZ 0040fa30 f i libvcruntimed:undname.obj
 0001:0000ea50       ?doNoIdentCharCheck@UnDecorator@@SAHXZ 0040fa50 f i libvcruntimed:undname.obj
 0001:0000ea70       ?doPchar@DName@@AAEXPBDH@Z 0040fa70 f   libvcruntimed:undname.obj
 0001:0000ec00       ?doPtr64@UnDecorator@@SAHXZ 0040fc00 f i libvcruntimed:undname.obj
 0001:0000ec30       ?doRestrictionSpec@UnDecorator@@SAHXZ 0040fc30 f i libvcruntimed:undname.obj
 0001:0000ec60       ?doThisTypes@UnDecorator@@SAHXZ 0040fc60 f i libvcruntimed:undname.obj
 0001:0000eca0       ?doThrowTypes@UnDecorator@@SAHXZ 0040fca0 f i libvcruntimed:undname.obj
 0001:0000ecd0       ?doTypeOnly@UnDecorator@@SAHXZ 0040fcd0 f i libvcruntimed:undname.obj
 0001:0000ecf0       ?doUnderScore@UnDecorator@@SAHXZ 0040fcf0 f i libvcruntimed:undname.obj
 0001:0000ed20       ?getArgumentList@UnDecorator@@CA?AVDName@@XZ 0040fd20 f   libvcruntimed:undname.obj
 0001:0000eec0       ?getArgumentTypes@UnDecorator@@CA?AVDName@@XZ 0040fec0 f   libvcruntimed:undname.obj
 0001:0000f070       ?getArrayType@UnDecorator@@CA?AVDName@@ABV2@@Z 00410070 f i libvcruntimed:undname.obj
 0001:0000f330       ?getBasedType@UnDecorator@@CA?AVDName@@XZ 00410330 f   libvcruntimed:undname.obj
 0001:0000f420       ?getBasicDataType@UnDecorator@@CA?AVDName@@ABV2@@Z 00410420 f   libvcruntimed:undname.obj
 0001:0000fb80       ?getCallIndex@UnDecorator@@CA?AVDName@@XZ 00410b80 f i libvcruntimed:undname.obj
 0001:0000fba0       ?getCallingConvention@UnDecorator@@CA?AVDName@@XZ 00410ba0 f   libvcruntimed:undname.obj
 0001:0000fd90       ?getDataIndirectType@UnDecorator@@CA?AVDName@@ABV2@PBD0H@Z 00410d90 f   libvcruntimed:undname.obj
 0001:00010740       ?getDataIndirectType@UnDecorator@@CA?AVDName@@XZ 00411740 f i libvcruntimed:undname.obj
 0001:00010790       ?getDataType@UnDecorator@@CA?AVDName@@PAV2@@Z 00411790 f   libvcruntimed:undname.obj
 0001:000108f0       ?getDecoratedName@UnDecorator@@CA?AVDName@@XZ 004118f0 f   libvcruntimed:undname.obj
 0001:00010ce0       ?getDimension@UnDecorator@@CA?AVDName@@_N@Z 00411ce0 f   libvcruntimed:undname.obj
 0001:00011040       ?getDispatchTarget@UnDecorator@@CA?AVDName@@XZ 00412040 f   libvcruntimed:undname.obj
 0001:00011100       ?getDisplacement@UnDecorator@@CA?AVDName@@XZ 00412100 f i libvcruntimed:undname.obj
 0001:00011120       ?getECSUDataType@UnDecorator@@CA?AVDName@@XZ 00412120 f   libvcruntimed:undname.obj
 0001:00011360       ?getECSUName@UnDecorator@@CA?AVDName@@XZ 00412360 f i libvcruntimed:undname.obj
 0001:00011380       ?getEnumType@UnDecorator@@CA?AVDName@@XZ 00412380 f i libvcruntimed:undname.obj
 0001:00011520       ?getExtendedDataIndirectType@UnDecorator@@CA?AVDName@@AAPBDAA_NH@Z 00412520 f   libvcruntimed:undname.obj
 0001:00011800       ?getExternalDataType@UnDecorator@@CA?AVDName@@ABV2@@Z 00412800 f i libvcruntimed:undname.obj
 0001:000118c0       ?getFunctionIndirectType@UnDecorator@@CA?AVDName@@ABV2@@Z 004128c0 f   libvcruntimed:undname.obj
 0001:00011e70       ?getGuardNumber@UnDecorator@@CA?AVDName@@XZ 00412e70 f i libvcruntimed:undname.obj
 0001:00011e90       ?getLastChar@DName@@QBEDXZ 00412e90 f i libvcruntimed:undname.obj
 0001:00011ee0       ?getLastChar@DNameStatusNode@@UBEDXZ 00412ee0 f i libvcruntimed:undname.obj
 0001:00011f20       ?getLastChar@charNode@@UBEDXZ 00412f20 f i libvcruntimed:undname.obj
 0001:00011f40       ?getLastChar@pDNameNode@@UBEDXZ 00412f40 f i libvcruntimed:undname.obj
 0001:00011f80       ?getLastChar@pairNode@@UBEDXZ 00412f80 f i libvcruntimed:undname.obj
 0001:00012000       ?getLastChar@pcharNode@@UBEDXZ 00413000 f i libvcruntimed:undname.obj
 0001:00012040       ?getLexicalFrame@UnDecorator@@CA?AVDName@@XZ 00413040 f i libvcruntimed:undname.obj
 0001:00012090       ?getMemory@_HeapManager@@QAEPAXIH@Z 00413090 f   libvcruntimed:undname.obj
 0001:000121f0       ?getNumberOfDimensions@UnDecorator@@CAHXZ 004131f0 f   libvcruntimed:undname.obj
 0001:00012330       ?getOperatorName@UnDecorator@@CA?AVDName@@_NPA_N@Z 00413330 f i libvcruntimed:undname.obj
 0001:00012ff0       ?getPointerType@UnDecorator@@CA?AVDName@@ABV2@0@Z 00413ff0 f i libvcruntimed:undname.obj
 0001:00013030       ?getPointerTypeArray@UnDecorator@@CA?AVDName@@ABV2@0@Z 00414030 f i libvcruntimed:undname.obj
 0001:00013070       ?getPrimaryDataType@UnDecorator@@CA?AVDName@@ABV2@@Z 00414070 f   libvcruntimed:undname.obj
 0001:00013560       ?getPtrRefDataType@UnDecorator@@CA?AVDName@@ABV2@H@Z 00414560 f   libvcruntimed:undname.obj
 0001:00013760       ?getPtrRefType@UnDecorator@@CA?AVDName@@ABV2@0PBD@Z 00414760 f   libvcruntimed:undname.obj
 0001:00013930       ?getReferenceType@UnDecorator@@CA?AVDName@@ABV2@0PBD@Z 00414930 f i libvcruntimed:undname.obj
 0001:00013960       ?getRestrictionSpec@UnDecorator@@CA?AVDName@@XZ 00414960 f   libvcruntimed:undname.obj
 0001:00013b00       ?getReturnType@UnDecorator@@CA?AVDName@@PAV2@@Z 00414b00 f   libvcruntimed:undname.obj
 0001:00013b60       ?getScope@UnDecorator@@CA?AVDName@@XZ 00414b60 f   libvcruntimed:undname.obj
 0001:00014190       ?getScopedName@UnDecorator@@CA?AVDName@@XZ 00415190 f   libvcruntimed:undname.obj
 0001:000142f0       ?getSignedDimension@UnDecorator@@CA?AVDName@@XZ 004152f0 f   libvcruntimed:undname.obj
 0001:00014390       ?getStorageConvention@UnDecorator@@CA?AVDName@@XZ 00415390 f i libvcruntimed:undname.obj
 0001:000143b0       ?getString@DName@@QBEPADPAD0@Z 004153b0 f i libvcruntimed:undname.obj
 0001:00014410       ?getString@DName@@QBEPADPADH@Z 00415410 f i libvcruntimed:undname.obj
 0001:000144c0       ?getString@DNameStatusNode@@UBEPADPAD0@Z 004154c0 f i libvcruntimed:undname.obj
 0001:00014500       ?getString@charNode@@UBEPADPAD0@Z 00415500 f i libvcruntimed:undname.obj
 0001:00014540       ?getString@pDNameNode@@UBEPADPAD0@Z 00415540 f i libvcruntimed:undname.obj
 0001:00014590       ?getString@pairNode@@UBEPADPAD0@Z 00415590 f i libvcruntimed:undname.obj
 0001:00014630       ?getString@pcharNode@@UBEPADPAD0@Z 00415630 f i libvcruntimed:undname.obj
 0001:00014670       ?getStringEncoding@UnDecorator@@CA?AVDName@@PADH@Z 00415670 f   libvcruntimed:undname.obj
 0001:000147c0       ?getStringHelper@@YAPADPAD00H@Z 004157c0 f i libvcruntimed:undname.obj
 0001:00014810       ?getSymbolName@UnDecorator@@CA?AVDName@@XZ 00415810 f i libvcruntimed:undname.obj
 0001:000148c0       ?getTemplateArgumentList@UnDecorator@@CA?AVDName@@XZ 004158c0 f   libvcruntimed:undname.obj
 0001:00014da0       ?getTemplateConstant@UnDecorator@@CA?AVDName@@XZ 00415da0 f   libvcruntimed:undname.obj
 0001:000154b0       ?getTemplateName@UnDecorator@@CA?AVDName@@_N@Z 004164b0 f   libvcruntimed:undname.obj
 0001:000156f0       ?getThisType@UnDecorator@@CA?AVDName@@XZ 004166f0 f i libvcruntimed:undname.obj
 0001:00015740       ?getThrowTypes@UnDecorator@@CA?AVDName@@XZ 00416740 f   libvcruntimed:undname.obj
 0001:00015810       ?getTypeEncoding@UnDecorator@@CAHXZ 00416810 f i libvcruntimed:undname.obj
 0001:000164e0       ?getVCallThunkType@UnDecorator@@CA?AVDName@@XZ 004174e0 f i libvcruntimed:undname.obj
 0001:00016560       ?getVbTableType@UnDecorator@@CA?AVDName@@ABV2@@Z 00417560 f i libvcruntimed:undname.obj
 0001:00016580       ?getVdispMapType@UnDecorator@@CA?AVDName@@ABV2@@Z 00417580 f i libvcruntimed:undname.obj
 0001:00016610       ?getVfTableType@UnDecorator@@CA?AVDName@@ABV2@@Z 00417610 f i libvcruntimed:undname.obj
 0001:00016840       ?getZName@UnDecorator@@CA?AVDName@@_N0@Z 00417840 f   libvcruntimed:undname.obj
 0001:00016bc0       ?haveTemplateParameters@UnDecorator@@SAHXZ 00417bc0 f i libvcruntimed:undname.obj
 0001:00016be0       ?isArray@DName@@QBEHXZ     00417be0 f i libvcruntimed:undname.obj
 0001:00016c00       ?isComArray@DName@@QBEHXZ  00417c00 f i libvcruntimed:undname.obj
 0001:00016c20       ?isEmpty@DName@@QBEHXZ     00417c20 f i libvcruntimed:undname.obj
 0001:00016c60       ?isFull@Replicator@@QBEHXZ 00417c60 f i libvcruntimed:undname.obj
 0001:00016ca0       ?isNoTE@DName@@QBEHXZ      00417ca0 f i libvcruntimed:undname.obj
 0001:00016cc0       ?isPinPtr@DName@@QBEHXZ    00417cc0 f i libvcruntimed:undname.obj
 0001:00016ce0       ?isPtrRef@DName@@QBEHXZ    00417ce0 f i libvcruntimed:undname.obj
 0001:00016d00       ?isUDC@DName@@QBEHXZ       00417d00 f i libvcruntimed:undname.obj
 0001:00016d50       ?isUDTThunk@DName@@QBEHXZ  00417d50 f i libvcruntimed:undname.obj
 0001:00016da0       ?isVCallThunk@DName@@QBEHXZ 00417da0 f i libvcruntimed:undname.obj
 0001:00016dc0       ?isValid@DName@@QBEHXZ     00417dc0 f i libvcruntimed:undname.obj
 0001:00016e00       ?length@DName@@QBEHXZ      00417e00 f i libvcruntimed:undname.obj
 0001:00016e50       ?length@DNameStatusNode@@UBEHXZ 00417e50 f i libvcruntimed:undname.obj
 0001:00016e70       ?length@charNode@@UBEHXZ   00417e70 f i libvcruntimed:undname.obj
 0001:00016e90       ?length@pDNameNode@@UBEHXZ 00417e90 f i libvcruntimed:undname.obj
 0001:00016ed0       ?length@pairNode@@UBEHXZ   00417ed0 f i libvcruntimed:undname.obj
 0001:00016f60       ?length@pcharNode@@UBEHXZ  00417f60 f i libvcruntimed:undname.obj
 0001:00016f80       ?make@DNameStatusNode@@SAPAV1@W4DNameStatus@@@Z 00417f80 f i libvcruntimed:undname.obj
 0001:00017010       ?setIsArray@DName@@QAEXXZ  00418010 f i libvcruntimed:undname.obj
 0001:00017040       ?setIsComArray@DName@@QAEXXZ 00418040 f i libvcruntimed:undname.obj
 0001:00017070       ?setIsNoTE@DName@@QAEXXZ   00418070 f i libvcruntimed:undname.obj
 0001:000170a0       ?setIsPinPtr@DName@@QAEXXZ 004180a0 f i libvcruntimed:undname.obj
 0001:000170d0       ?setIsUDC@DName@@QAEXXZ    004180d0 f i libvcruntimed:undname.obj
 0001:00017110       ?setIsVCallThunk@DName@@QAEXXZ 00418110 f i libvcruntimed:undname.obj
 0001:00017140       ?setPtrRef@DName@@QAEAAV1@XZ 00418140 f i libvcruntimed:undname.obj
 0001:00017170       ?status@DName@@QBE?AW4DNameStatus@@XZ 00418170 f i libvcruntimed:undname.obj
 0001:00017290       ___unDName                 00418290 f   libvcruntimed:undname.obj
 0001:00017390       ___unDNameEx               00418390 f   libvcruntimed:undname.obj
 0001:00017490       __vsprintf_s_l             00418490 f i libvcruntimed:undname.obj
 0001:000174f0       _sprintf_s                 004184f0 f i libvcruntimed:undname.obj
 0001:00017540       __global_unwind2           00418540 f   libvcruntimed:_exsup_.obj
 0001:000175a5       __local_unwind2            004185a5 f   libvcruntimed:_exsup_.obj
 0001:00017629       __abnormal_termination     00418629 f   libvcruntimed:_exsup_.obj
 0001:0001764c       __NLG_Notify1              0041864c f   libvcruntimed:_exsup_.obj
 0001:00017655       __NLG_Notify               00418655 f   libvcruntimed:_exsup_.obj
 0001:0001766c       __NLG_Dispatch2            0041866c     libvcruntimed:_exsup_.obj
 0001:0001766c       __NLG_Dispatch             0041866c     libvcruntimed:_exsup_.obj
 0001:00017674       __NLG_Call                 00418674 f   libvcruntimed:_exsup_.obj
 0001:00017676       __NLG_Return2              00418676     libvcruntimed:_exsup_.obj
 0001:000176d0       ??$__crt_fast_decode_pointer@P6AXXZ@@YAP6AXXZQ6AXXZ@Z 004186d0 f i libvcruntimed:purevirt.obj
 0001:00017700       ??$__crt_interlocked_compare_exchange_pointer@$$A6AXXZ$$T$$T@@YAP6AXXZPDS6AXXZ$$T1@Z 00418700 f i libvcruntimed:purevirt.obj
 0001:00017720       ??$__crt_interlocked_exchange_pointer@$$A6AXXZP6AXXZ@@YAP6AXXZPDS6AXXZQ6AXXZ@Z 00418720 f i libvcruntimed:purevirt.obj
 0001:00017730       ??$__crt_interlocked_read_pointer@$$A6AXXZ@@YAP6AXXZPDS6AXXZ@Z 00418730 f i libvcruntimed:purevirt.obj
 0001:00017750       __get_purecall_handler     00418750 f   libvcruntimed:purevirt.obj
 0001:00017780       __purecall                 00418780 f   libvcruntimed:purevirt.obj
 0001:000177c0       __set_purecall_handler     004187c0 f   libvcruntimed:purevirt.obj
 0001:00017860       __seh_filter_dll           00418860 f   libucrtd:exception_filter.obj
 0001:00017890       __seh_filter_exe           00418890 f   libucrtd:exception_filter.obj
 0001:00017d50       ___acrt_report_runtime_error 00418d50 f   libucrtd:report_runtime_error.obj
 0001:00017fc0       __invoke_watson_if_error   00418fc0 f i libucrtd:report_runtime_error.obj
 0001:00018000       __query_app_type           00419000 f   libucrtd:report_runtime_error.obj
 0001:00018010       __set_app_type             00419010 f   libucrtd:report_runtime_error.obj
 0001:00018030       ??$__crt_fast_decode_pointer@P6AHPAU_exception@@@Z@@YAP6AHPAU_exception@@@ZQ6AH0@Z@Z 00419030 f i libucrtd:matherr.obj
 0001:00018070       ??$__crt_fast_encode_pointer@P6AHPAU_exception@@@Z@@YAP6AHPAU_exception@@@ZQ6AH0@Z@Z 00419070 f i libucrtd:matherr.obj
 0001:000180b0       ?get_current_state_index@__crt_state_management@@YAIXZ 004190b0 f i libucrtd:matherr.obj
 0001:000180c0       ?initialize@?$dual_state_global@P6AHPAU_exception@@@Z@__crt_state_management@@QAEXQ6AHPAU_exception@@@Z@Z 004190c0 f i libucrtd:matherr.obj
 0001:00018110       ?value@?$dual_state_global@P6AHPAU_exception@@@Z@__crt_state_management@@QAEAAP6AHPAU_exception@@@ZXZ 00419110 f i libucrtd:matherr.obj
 0001:00018130       ___acrt_has_user_matherr   00419130 f   libucrtd:matherr.obj
 0001:00018180       ___acrt_initialize_user_matherr 00419180 f   libucrtd:matherr.obj
 0001:000181a0       ___acrt_invoke_user_matherr 004191a0 f   libucrtd:matherr.obj
 0001:00018220       ___setusermatherr          00419220 f   libucrtd:matherr.obj
 0001:00018250       ??$?RE@__crt_internal_free_policy@@QBEXQBE@Z 00419250 f i libucrtd:argv_parsing.obj
 0001:00018280       ??$?RPAD@__crt_internal_free_policy@@QBEXQBQAD@Z 00419280 f i libucrtd:argv_parsing.obj
 0001:000182b0       ??$?RPA_W@__crt_internal_free_policy@@QBEXQBQA_W@Z 004192b0 f i libucrtd:argv_parsing.obj
 0001:00018980       ??$get_module_file_name@$$TAAY0BAF@DH@?$__crt_char_traits@D@@SAK$$QA$$TAAY0BAF@D$$QAH@Z 00419980 f i libucrtd:argv_parsing.obj
 0001:000189b0       ??$get_module_file_name@$$TAAY0BAF@_WH@?$__crt_char_traits@_W@@SAK$$QA$$TAAY0BAF@_W$$QAH@Z 004199b0 f i libucrtd:argv_parsing.obj
 0001:000192a0       ??$set_program_name@PAD@?$__crt_char_traits@D@@SAX$$QAPAD@Z 0041a2a0 f i libucrtd:argv_parsing.obj
 0001:000192c0       ??$set_program_name@PA_W@?$__crt_char_traits@_W@@SAX$$QAPA_W@Z 0041a2c0 f i libucrtd:argv_parsing.obj
 0001:00019320       ??0?$__crt_unique_heap_ptr@EU__crt_internal_free_policy@@@@QAE@QAE@Z 0041a320 f i libucrtd:argv_parsing.obj
 0001:00019340       ??0?$__crt_unique_heap_ptr@PADU__crt_internal_free_policy@@@@QAE@QAPAD@Z 0041a340 f i libucrtd:argv_parsing.obj
 0001:00019360       ??0?$__crt_unique_heap_ptr@PA_WU__crt_internal_free_policy@@@@QAE@QAPA_W@Z 0041a360 f i libucrtd:argv_parsing.obj
 0001:00019380       ??1?$__crt_unique_heap_ptr@EU__crt_internal_free_policy@@@@QAE@XZ 0041a380 f i libucrtd:argv_parsing.obj
 0001:000193a0       ??1?$__crt_unique_heap_ptr@PADU__crt_internal_free_policy@@@@QAE@XZ 0041a3a0 f i libucrtd:argv_parsing.obj
 0001:000193c0       ??1?$__crt_unique_heap_ptr@PA_WU__crt_internal_free_policy@@@@QAE@XZ 0041a3c0 f i libucrtd:argv_parsing.obj
 0001:000193e0       ??B?$__crt_unique_heap_ptr@EU__crt_internal_free_policy@@@@QBE_NXZ 0041a3e0 f i libucrtd:argv_parsing.obj
 0001:000194c0       ?detach@?$__crt_unique_heap_ptr@EU__crt_internal_free_policy@@@@QAEPAEXZ 0041a4c0 f i libucrtd:argv_parsing.obj
 0001:000194f0       ?detach@?$__crt_unique_heap_ptr@PADU__crt_internal_free_policy@@@@QAEPAPADXZ 0041a4f0 f i libucrtd:argv_parsing.obj
 0001:00019520       ?detach@?$__crt_unique_heap_ptr@PA_WU__crt_internal_free_policy@@@@QAEPAPA_WXZ 0041a520 f i libucrtd:argv_parsing.obj
 0001:000195b0       ?get@?$__crt_unique_heap_ptr@EU__crt_internal_free_policy@@@@QBEPAEXZ 0041a5b0 f i libucrtd:argv_parsing.obj
 0001:000195d0       ?get@?$__crt_unique_heap_ptr@PADU__crt_internal_free_policy@@@@QBEPAPADXZ 0041a5d0 f i libucrtd:argv_parsing.obj
 0001:000195f0       ?get@?$__crt_unique_heap_ptr@PA_WU__crt_internal_free_policy@@@@QBEPAPA_WXZ 0041a5f0 f i libucrtd:argv_parsing.obj
 0001:00019610       ?get_address_of@?$__crt_unique_heap_ptr@PADU__crt_internal_free_policy@@@@QAEPAPAPADXZ 0041a610 f i libucrtd:argv_parsing.obj
 0001:00019630       ?get_address_of@?$__crt_unique_heap_ptr@PA_WU__crt_internal_free_policy@@@@QAEPAPAPA_WXZ 0041a630 f i libucrtd:argv_parsing.obj
 0001:00019690       ?is_valid@?$__crt_unique_heap_ptr@EU__crt_internal_free_policy@@@@QBE_NXZ 0041a690 f i libucrtd:argv_parsing.obj
 0001:000196d0       ?release@?$__crt_unique_heap_ptr@EU__crt_internal_free_policy@@@@QAEXXZ 0041a6d0 f i libucrtd:argv_parsing.obj
 0001:00019700       ?release@?$__crt_unique_heap_ptr@PADU__crt_internal_free_policy@@@@QAEXXZ 0041a700 f i libucrtd:argv_parsing.obj
 0001:00019730       ?release@?$__crt_unique_heap_ptr@PA_WU__crt_internal_free_policy@@@@QAEXXZ 0041a730 f i libucrtd:argv_parsing.obj
 0001:000197b0       ___acrt_allocate_buffer_for_argv 0041a7b0 f   libucrtd:argv_parsing.obj
 0001:000198a0       __configure_narrow_argv    0041a8a0 f   libucrtd:argv_parsing.obj
 0001:000198c0       __configure_wide_argv      0041a8c0 f   libucrtd:argv_parsing.obj
 0001:000198e0       __set_pgmptr               0041a8e0 f i libucrtd:argv_parsing.obj
 0001:00019900       __set_wpgmptr              0041a900 f i libucrtd:argv_parsing.obj
 0001:00019912       ??$?R_W@__crt_internal_free_policy@@QBEXQB_W@Z 0041a912 f i libucrtd:environment_initialization.obj
 0001:00019e97       ??$get_environment_from_os@$$V@?$__crt_char_traits@D@@SAPADXZ 0041ae97 f i libucrtd:environment_initialization.obj
 0001:00019e9c       ??$get_environment_from_os@$$V@?$__crt_char_traits@_W@@SAPA_WXZ 0041ae9c f i libucrtd:environment_initialization.obj
 0001:0001a01a       ??$set_variable_in_environment_nolock@PADH@?$__crt_char_traits@D@@SAH$$QAPAD$$QAH@Z 0041b01a f i libucrtd:environment_initialization.obj
 0001:0001a038       ??$set_variable_in_environment_nolock@PA_WH@?$__crt_char_traits@_W@@SAH$$QAPA_W$$QAH@Z 0041b038 f i libucrtd:environment_initialization.obj
 0001:0001a056       ??$tcscpy_s@PADABIAAPAD@?$__crt_char_traits@D@@SAH$$QAPADABIAAPAD@Z 0041b056 f i libucrtd:environment_initialization.obj
 0001:0001a07b       ??$tcscpy_s@PA_WABIAAPA_W@?$__crt_char_traits@_W@@SAH$$QAPA_WABIAAPA_W@Z 0041b07b f i libucrtd:environment_initialization.obj
 0001:0001a0a0       ??$tcslen@AAPAD@?$__crt_char_traits@D@@SAIAAPAD@Z 0041b0a0 f i libucrtd:environment_initialization.obj
 0001:0001a0be       ??$tcslen@AAPA_W@?$__crt_char_traits@_W@@SAIAAPA_W@Z 0041b0be f i libucrtd:environment_initialization.obj
 0001:0001a0e3       ??$uninitialize@A6AXAAPAPAD@Z@?$dual_state_global@PAPAD@__crt_state_management@@QAEXA6AXAAPAPAD@Z@Z 0041b0e3 f i libucrtd:environment_initialization.obj
 0001:0001a133       ??$uninitialize@A6AXAAPAPA_W@Z@?$dual_state_global@PAPA_W@__crt_state_management@@QAEXA6AXAAPAPA_W@Z@Z 0041b133 f i libucrtd:environment_initialization.obj
 0001:0001a1c5       ??0?$__crt_unique_heap_ptr@_WU__crt_internal_free_policy@@@@QAE@QA_W@Z 0041b1c5 f i libucrtd:environment_initialization.obj
 0001:0001a1d9       ??1?$__crt_unique_heap_ptr@_WU__crt_internal_free_policy@@@@QAE@XZ 0041b1d9 f i libucrtd:environment_initialization.obj
 0001:0001a1f3       ??B?$__crt_unique_heap_ptr@PADU__crt_internal_free_policy@@@@QBE_NXZ 0041b1f3 f i libucrtd:environment_initialization.obj
 0001:0001a1fa       ??B?$__crt_unique_heap_ptr@PA_WU__crt_internal_free_policy@@@@QBE_NXZ 0041b1fa f i libucrtd:environment_initialization.obj
 0001:0001a201       ??B?$__crt_unique_heap_ptr@_WU__crt_internal_free_policy@@@@QBE_NXZ 0041b201 f i libucrtd:environment_initialization.obj
 0001:0001a208       ?__crt_compute_required_transform_buffer_count@@YAIIQBD@Z 0041b208 f i libucrtd:environment_initialization.obj
 0001:0001a22b       ?__crt_compute_required_transform_buffer_count@@YAIIQB_W@Z 0041b22b f i libucrtd:environment_initialization.obj
 0001:0001a250       ?__crt_transform_string@@YAIIQBDQA_WI@Z 0041b250 f i libucrtd:environment_initialization.obj
 0001:0001a276       ?__crt_transform_string@@YAIIQB_WQADI@Z 0041b276 f i libucrtd:environment_initialization.obj
 0001:0001a2a0       ?detach@?$__crt_unique_heap_ptr@DU__crt_internal_free_policy@@@@QAEPADXZ 0041b2a0 f i libucrtd:environment_initialization.obj
 0001:0001a2a6       ?detach@?$__crt_unique_heap_ptr@_WU__crt_internal_free_policy@@@@QAEPA_WXZ 0041b2a6 f i libucrtd:environment_initialization.obj
 0001:0001a2ac       ?get@?$__crt_unique_heap_ptr@_WU__crt_internal_free_policy@@@@QBEPA_WXZ 0041b2ac f i libucrtd:environment_initialization.obj
 0001:0001a2d3       ?initialize@?$dual_state_global@PAPAD@__crt_state_management@@QAEXQAPAD@Z 0041b2d3 f i libucrtd:environment_initialization.obj
 0001:0001a302       ?initialize@?$dual_state_global@PAPA_W@__crt_state_management@@QAEXQAPA_W@Z 0041b302 f i libucrtd:environment_initialization.obj
 0001:0001a331       ?is_valid@?$__crt_unique_heap_ptr@PADU__crt_internal_free_policy@@@@QBE_NXZ 0041b331 f i libucrtd:environment_initialization.obj
 0001:0001a338       ?is_valid@?$__crt_unique_heap_ptr@PA_WU__crt_internal_free_policy@@@@QBE_NXZ 0041b338 f i libucrtd:environment_initialization.obj
 0001:0001a33f       ?is_valid@?$__crt_unique_heap_ptr@_WU__crt_internal_free_policy@@@@QBE_NXZ 0041b33f f i libucrtd:environment_initialization.obj
 0001:0001a34c       ?release@?$__crt_unique_heap_ptr@_WU__crt_internal_free_policy@@@@QAEXXZ 0041b34c f i libucrtd:environment_initialization.obj
 0001:0001a366       ?value@?$dual_state_global@PAPAD@__crt_state_management@@QAEAAPAPADXZ 0041b366 f i libucrtd:environment_initialization.obj
 0001:0001a369       ?value@?$dual_state_global@PAPA_W@__crt_state_management@@QAEAAPAPA_WXZ 0041b369 f i libucrtd:environment_initialization.obj
 0001:0001a36c       ___dcrt_get_or_create_narrow_environment_nolock 0041b36c f   libucrtd:environment_initialization.obj
 0001:0001a371       ___dcrt_get_or_create_wide_environment_nolock 0041b371 f   libucrtd:environment_initialization.obj
 0001:0001a376       ___dcrt_uninitialize_environments_nolock 0041b376 f   libucrtd:environment_initialization.obj
 0001:0001a3ba       ___p__environ              0041b3ba f   libucrtd:environment_initialization.obj
 0001:0001a3c0       ___p__wenviron             0041b3c0 f   libucrtd:environment_initialization.obj
 0001:0001a3c6       __get_initial_narrow_environment 0041b3c6 f   libucrtd:environment_initialization.obj
 0001:0001a3df       __get_initial_wide_environment 0041b3df f   libucrtd:environment_initialization.obj
 0001:0001a3f8       __initialize_narrow_environment 0041b3f8 f   libucrtd:environment_initialization.obj
 0001:0001a3fd       __initialize_wide_environment 0041b3fd f   libucrtd:environment_initialization.obj
 0001:0001a6c0       __get_narrow_winmain_command_line 0041b6c0 f   libucrtd:argv_winmain.obj
 0001:0001a6d0       __get_wide_winmain_command_line 0041b6d0 f   libucrtd:argv_winmain.obj
 0001:0001a6e0       __initterm                 0041b6e0 f   libucrtd:initterm.obj
 0001:0001a750       __initterm_e               0041b750 f   libucrtd:initterm.obj
 0001:0001a7e0       ??$?B$$A6GXPAXK0@Z@__crt_fast_encoded_nullptr_t@@QBEP6GXPAXK0@ZXZ 0041b7e0 f i libucrtd:exit.obj
 0001:0001a8e0       ??$__crt_fast_decode_pointer@P6GXPAXK0@Z@@YAP6GXPAXK0@ZQ6GX0K0@Z@Z 0041b8e0 f i libucrtd:exit.obj
 0001:0001a920       ??$__crt_fast_encode_pointer@P6GXPAXK0@Z@@YAP6GXPAXK0@ZQ6GX0K0@Z@Z 0041b920 f i libucrtd:exit.obj
 0001:0001a960       ??$__crt_get_proc_address@P6GXI@Z@@YAP6GXI@ZQAUHINSTANCE__@@QBD@Z 0041b960 f i libucrtd:exit.obj
 0001:0001a980       ??$__crt_interlocked_read@J@@YAJPDJ@Z 0041b980 f i libucrtd:exit.obj
 0001:0001aa40       ??0?$__crt_unique_handle_t@U__crt_hmodule_traits@@@@QAE@QAUHINSTANCE__@@@Z 0041ba40 f i libucrtd:exit.obj
 0001:0001aa60       ??1?$__crt_unique_handle_t@U__crt_hmodule_traits@@@@QAE@XZ 0041ba60 f i libucrtd:exit.obj
 0001:0001aca0       ?__acrt_select_exit_lock@@YA?AW4__acrt_lock_id@@XZ 0041bca0 f i libucrtd:exit.obj
 0001:0001acb0       ?__crt_interlocked_read_32@@YAHPDH@Z 0041bcb0 f i libucrtd:exit.obj
 0001:0001acf0       ?close@?$__crt_unique_handle_t@U__crt_hmodule_traits@@@@QAEXXZ 0041bcf0 f i libucrtd:exit.obj
 0001:0001ad30       ?close@__crt_hmodule_traits@@SA_NPAUHINSTANCE__@@@Z 0041bd30 f i libucrtd:exit.obj
 0001:0001ae60       ?get@?$__crt_unique_handle_t@U__crt_hmodule_traits@@@@QBEPAUHINSTANCE__@@XZ 0041be60 f i libucrtd:exit.obj
 0001:0001ae80       ?get_address_of@?$__crt_unique_handle_t@U__crt_hmodule_traits@@@@QAEPAPAUHINSTANCE__@@XZ 0041be80 f i libucrtd:exit.obj
 0001:0001aea0       ?get_invalid_value@__crt_hmodule_traits@@SAPAUHINSTANCE__@@XZ 0041bea0 f i libucrtd:exit.obj
 0001:0001b080       __Exit                     0041c080 f   libucrtd:exit.obj
 0001:0001b0a0       ___acrt_initialize_thread_local_exit_callback 0041c0a0 f   libucrtd:exit.obj
 0001:0001b0c0       __c_exit                   0041c0c0 f   libucrtd:exit.obj
 0001:0001b0e0       __cexit                    0041c0e0 f   libucrtd:exit.obj
 0001:0001b100       __exit                     0041c100 f   libucrtd:exit.obj
 0001:0001b120       __is_c_termination_complete 0041c120 f   libucrtd:exit.obj
 0001:0001b140       __register_thread_local_exe_atexit_callback 0041c140 f   libucrtd:exit.obj
 0001:0001b190       _exit                      0041c190 f   libucrtd:exit.obj
 0001:0001b1b0       _quick_exit                0041c1b0 f   libucrtd:exit.obj
 0001:0001b1d0       ??$__crt_interlocked_read@H@@YAHPDH@Z 0041c1d0 f i libucrtd:setmode.obj
 0001:0001b1f0       ?value@?$dual_state_global@H@__crt_state_management@@QAEAAHXZ 0041c1f0 f i libucrtd:setmode.obj
 0001:0001b210       __get_fmode                0041c210 f   libucrtd:setmode.obj
 0001:0001b2e0       __set_fmode                0041c2e0 f   libucrtd:setmode.obj
 0001:0001b3c0       __setmode                  0041c3c0 f   libucrtd:setmode.obj
 0001:0001b720       __setmode_nolock           0041c720 f   libucrtd:setmode.obj
 0001:0001b9d0       ??$?RU__crt_locale_data@@@__crt_internal_free_policy@@QBEXQBU__crt_locale_data@@@Z 0041c9d0 f i libucrtd:wsetlocale.obj
 0001:0001ba00       ??$?RU__crt_locale_pointers@@@__crt_internal_free_policy@@QBEXQBU__crt_locale_pointers@@@Z 0041ca00 f i libucrtd:wsetlocale.obj
 0001:0001ba30       ??$?RU__crt_multibyte_data@@@__crt_internal_free_policy@@QBEXQBU__crt_multibyte_data@@@Z 0041ca30 f i libucrtd:wsetlocale.obj
 0001:0001beb0       ??$__vcrt_va_start_verify_argument_type@H@@YAXXZ 0041ceb0 f i libucrtd:wsetlocale.obj
 0001:0001c190       ??0?$__crt_unique_heap_ptr@U__crt_locale_data@@U__crt_internal_free_policy@@@@QAE@QAU__crt_locale_data@@@Z 0041d190 f i libucrtd:wsetlocale.obj
 0001:0001c1b0       ??0?$__crt_unique_heap_ptr@U__crt_locale_pointers@@U__crt_internal_free_policy@@@@QAE@QAU__crt_locale_pointers@@@Z 0041d1b0 f i libucrtd:wsetlocale.obj
 0001:0001c1d0       ??0?$__crt_unique_heap_ptr@U__crt_multibyte_data@@U__crt_internal_free_policy@@@@QAE@QAU__crt_multibyte_data@@@Z 0041d1d0 f i libucrtd:wsetlocale.obj
 0001:0001c1f0       ??1?$__crt_unique_heap_ptr@U__crt_locale_data@@U__crt_internal_free_policy@@@@QAE@XZ 0041d1f0 f i libucrtd:wsetlocale.obj
 0001:0001c210       ??1?$__crt_unique_heap_ptr@U__crt_locale_pointers@@U__crt_internal_free_policy@@@@QAE@XZ 0041d210 f i libucrtd:wsetlocale.obj
 0001:0001c230       ??1?$__crt_unique_heap_ptr@U__crt_multibyte_data@@U__crt_internal_free_policy@@@@QAE@XZ 0041d230 f i libucrtd:wsetlocale.obj
 0001:0001c250       ??B?$__crt_unique_heap_ptr@U__crt_locale_data@@U__crt_internal_free_policy@@@@QBE_NXZ 0041d250 f i libucrtd:wsetlocale.obj
 0001:0001c270       ??B?$__crt_unique_heap_ptr@U__crt_locale_pointers@@U__crt_internal_free_policy@@@@QBE_NXZ 0041d270 f i libucrtd:wsetlocale.obj
 0001:0001c290       ??B?$__crt_unique_heap_ptr@U__crt_multibyte_data@@U__crt_internal_free_policy@@@@QBE_NXZ 0041d290 f i libucrtd:wsetlocale.obj
 0001:0001c7a0       ?detach@?$__crt_unique_heap_ptr@U__crt_locale_data@@U__crt_internal_free_policy@@@@QAEPAU__crt_locale_data@@XZ 0041d7a0 f i libucrtd:wsetlocale.obj
 0001:0001c7d0       ?detach@?$__crt_unique_heap_ptr@U__crt_locale_pointers@@U__crt_internal_free_policy@@@@QAEPAU__crt_locale_pointers@@XZ 0041d7d0 f i libucrtd:wsetlocale.obj
 0001:0001c800       ?detach@?$__crt_unique_heap_ptr@U__crt_multibyte_data@@U__crt_internal_free_policy@@@@QAEPAU__crt_multibyte_data@@XZ 0041d800 f i libucrtd:wsetlocale.obj
 0001:0001c830       ?get@?$__crt_unique_heap_ptr@U__crt_locale_data@@U__crt_internal_free_policy@@@@QBEPAU__crt_locale_data@@XZ 0041d830 f i libucrtd:wsetlocale.obj
 0001:0001c850       ?get@?$__crt_unique_heap_ptr@U__crt_locale_pointers@@U__crt_internal_free_policy@@@@QBEPAU__crt_locale_pointers@@XZ 0041d850 f i libucrtd:wsetlocale.obj
 0001:0001c870       ?get@?$__crt_unique_heap_ptr@U__crt_multibyte_data@@U__crt_internal_free_policy@@@@QBEPAU__crt_multibyte_data@@XZ 0041d870 f i libucrtd:wsetlocale.obj
 0001:0001c890       ?is_valid@?$__crt_unique_heap_ptr@U__crt_locale_data@@U__crt_internal_free_policy@@@@QBE_NXZ 0041d890 f i libucrtd:wsetlocale.obj
 0001:0001c8d0       ?is_valid@?$__crt_unique_heap_ptr@U__crt_locale_pointers@@U__crt_internal_free_policy@@@@QBE_NXZ 0041d8d0 f i libucrtd:wsetlocale.obj
 0001:0001c910       ?is_valid@?$__crt_unique_heap_ptr@U__crt_multibyte_data@@U__crt_internal_free_policy@@@@QBE_NXZ 0041d910 f i libucrtd:wsetlocale.obj
 0001:0001c950       ?release@?$__crt_unique_heap_ptr@U__crt_locale_data@@U__crt_internal_free_policy@@@@QAEXXZ 0041d950 f i libucrtd:wsetlocale.obj
 0001:0001c980       ?release@?$__crt_unique_heap_ptr@U__crt_locale_pointers@@U__crt_internal_free_policy@@@@QAEXXZ 0041d980 f i libucrtd:wsetlocale.obj
 0001:0001c9b0       ?release@?$__crt_unique_heap_ptr@U__crt_multibyte_data@@U__crt_internal_free_policy@@@@QAEXXZ 0041d9b0 f i libucrtd:wsetlocale.obj
 0001:0001c9e0       ?value@?$dual_state_global@PAU__crt_locale_data@@@__crt_state_management@@QAEAAPAU__crt_locale_data@@XZ 0041d9e0 f i libucrtd:wsetlocale.obj
 0001:0001ca00       ___acrt_copy_locale_name   0041da00 f   libucrtd:wsetlocale.obj
 0001:0001cad0       ___acrt_set_locale_changed 0041dad0 f   libucrtd:wsetlocale.obj
 0001:0001caf0       ___acrt_uninitialize_locale 0041daf0 f   libucrtd:wsetlocale.obj
 0001:0001cb20       ___lc_lctowcs              0041db20 f   libucrtd:wsetlocale.obj
 0001:0001cc00       ___lc_wcstolc              0041dc00 f   libucrtd:wsetlocale.obj
 0001:0001cef0       __configthreadlocale       0041def0 f   libucrtd:wsetlocale.obj
 0001:0001d0c0       __create_locale            0041e0c0 f   libucrtd:wsetlocale.obj
 0001:0001d150       __expandlocale             0041e150 f   libucrtd:wsetlocale.obj
 0001:0001d840       __free_locale              0041e840 f   libucrtd:wsetlocale.obj
 0001:0001d9c0       __get_current_locale       0041e9c0 f   libucrtd:wsetlocale.obj
 0001:0001dac0       __wcreate_locale           0041eac0 f   libucrtd:wsetlocale.obj
 0001:0001dd80       __wcscats                  0041ed80 f   libucrtd:wsetlocale.obj
 0001:0001de20       __wsetlocale               0041ee20 f   libucrtd:wsetlocale.obj
 0001:0001f140       ?value@?$dual_state_global@J@__crt_state_management@@QAEAAJXZ 00420140 f i libucrtd:new_mode.obj
 0001:0001f160       __query_new_mode           00420160 f   libucrtd:new_mode.obj
 0001:0001f180       __set_new_mode             00420180 f   libucrtd:new_mode.obj
 0001:0001f250       ___p__commode              00420250 f   libucrtd:ncommode.obj
 0001:0001f260       ??$?BP6AXXZ@__crt_fast_encoded_nullptr_t@@QBEPAP6AXXZXZ 00420260 f i libucrtd:onexit.obj
 0001:0001f280       ??$?RP6AXXZ@__crt_internal_free_policy@@QBEXQBQ6AXXZ@Z 00420280 f i libucrtd:onexit.obj
 0001:0001f490       ??$__crt_fast_encode_pointer@P6AHXZ@@YAP6AHXZQ6AHXZ@Z 00420490 f i libucrtd:onexit.obj
 0001:0001f5e0       ??0?$__crt_unique_heap_ptr@P6AXXZU__crt_internal_free_policy@@@@QAE@QAP6AXXZ@Z 004205e0 f i libucrtd:onexit.obj
 0001:0001f600       ??1?$__crt_unique_heap_ptr@P6AXXZU__crt_internal_free_policy@@@@QAE@XZ 00420600 f i libucrtd:onexit.obj
 0001:0001f620       ??1scoped_global_state_reset@__crt_state_management@@QAE@XZ 00420620 f i libucrtd:onexit.obj
 0001:0001fbd0       ?detach@?$__crt_unique_heap_ptr@P6AXXZU__crt_internal_free_policy@@@@QAEPAP6AXXZXZ 00420bd0 f i libucrtd:onexit.obj
 0001:0001fc00       ?release@?$__crt_unique_heap_ptr@P6AXXZU__crt_internal_free_policy@@@@QAEXXZ 00420c00 f i libucrtd:onexit.obj
 0001:0001fc30       __crt_at_quick_exit        00420c30 f   libucrtd:onexit.obj
 0001:0001fc50       __crt_atexit               00420c50 f   libucrtd:onexit.obj
 0001:0001fc70       __execute_onexit_table     00420c70 f   libucrtd:onexit.obj
 0001:0001fca0       __initialize_onexit_table  00420ca0 f   libucrtd:onexit.obj
 0001:0001fd20       __register_onexit_function 00420d20 f   libucrtd:onexit.obj
 0001:00020050       ?initialize@?$dual_state_global@PAU__crt_locale_data@@@__crt_state_management@@QAEXQAU__crt_locale_data@@@Z 00421050 f i libucrtd:initialization.obj
 0001:000200a0       ___acrt_initialize         004210a0 f   libucrtd:initialization.obj
 0001:000200c0       ___acrt_thread_attach      004210c0 f   libucrtd:initialization.obj
 0001:000200e0       ___acrt_thread_detach      004210e0 f   libucrtd:initialization.obj
 0001:00020100       ___acrt_uninitialize       00421100 f   libucrtd:initialization.obj
 0001:00020120       ___acrt_uninitialize_critical 00421120 f   libucrtd:initialization.obj
 0001:00020140       __controlfp_s              00421140 f   libucrtd:contrlfp.obj
 0001:000202a0       __get_terminate            004212a0 f   libucrtd:terminate.obj
 0001:000202c0       _set_terminate             004212c0 f   libucrtd:terminate.obj
 0001:00020300       _terminate                 00421300 f   libucrtd:terminate.obj
 0001:000203d0       ??0_LocaleUpdate@@QAE@QAU__crt_locale_pointers@@@Z 004213d0 f i libucrtd:debug_heap.obj
 0001:000204f0       ??1_LocaleUpdate@@QAE@XZ   004214f0 f i libucrtd:debug_heap.obj
 0001:00020530       ?GetLocaleT@_LocaleUpdate@@QAEPAU__crt_locale_pointers@@XZ 00421530 f i libucrtd:debug_heap.obj
 0001:000223f0       __CrtCheckMemory           004233f0 f   libucrtd:debug_heap.obj
 0001:000225e0       __CrtDoForAllClientObjects 004235e0 f   libucrtd:debug_heap.obj
 0001:00022790       __CrtDumpMemoryLeaks       00423790 f   libucrtd:debug_heap.obj
 0001:00022850       __CrtGetAllocHook          00423850 f   libucrtd:debug_heap.obj
 0001:00022860       __CrtGetDumpClient         00423860 f   libucrtd:debug_heap.obj
 0001:00022870       __CrtIsMemoryBlock         00423870 f   libucrtd:debug_heap.obj
 0001:00022a10       __CrtIsValidHeapPointer    00423a10 f   libucrtd:debug_heap.obj
 0001:00022a50       __CrtIsValidPointer        00423a50 f   libucrtd:debug_heap.obj
 0001:00022a80       __CrtMemCheckpoint         00423a80 f   libucrtd:debug_heap.obj
 0001:00022d40       __CrtMemDifference         00423d40 f   libucrtd:debug_heap.obj
 0001:00023050       __CrtMemDumpAllObjectsSince 00424050 f   libucrtd:debug_heap.obj
 0001:00023110       __CrtMemDumpStatistics     00424110 f   libucrtd:debug_heap.obj
 0001:00023280       __CrtReportBlockType       00424280 f   libucrtd:debug_heap.obj
 0001:000232c0       __CrtSetAllocHook          004242c0 f   libucrtd:debug_heap.obj
 0001:000232f0       __CrtSetBreakAlloc         004242f0 f   libucrtd:debug_heap.obj
 0001:00023320       __CrtSetDbgBlockType       00424320 f   libucrtd:debug_heap.obj
 0001:00023430       __CrtSetDbgFlag            00424430 f   libucrtd:debug_heap.obj
 0001:00023600       __CrtSetDumpClient         00424600 f   libucrtd:debug_heap.obj
 0001:00023630       ___acrt_get_locale_data_prefix 00424630 f i libucrtd:debug_heap.obj
 0001:00023650       ___acrt_locale_changed     00424650 f i libucrtd:debug_heap.obj
 0001:00023680       ___p__crtBreakAlloc        00424680 f   libucrtd:debug_heap.obj
 0001:00023690       ___p__crtDbgFlag           00424690 f   libucrtd:debug_heap.obj
 0001:000236a0       __aligned_free_dbg         004246a0 f   libucrtd:debug_heap.obj
 0001:00023780       __aligned_malloc_dbg       00424780 f   libucrtd:debug_heap.obj
 0001:000237b0       __aligned_msize_dbg        004247b0 f   libucrtd:debug_heap.obj
 0001:00023920       __aligned_offset_malloc_dbg 00424920 f   libucrtd:debug_heap.obj
 0001:00023b70       __aligned_offset_realloc_dbg 00424b70 f   libucrtd:debug_heap.obj
 0001:00023f40       __aligned_offset_recalloc_dbg 00424f40 f   libucrtd:debug_heap.obj
 0001:00024030       __aligned_realloc_dbg      00425030 f   libucrtd:debug_heap.obj
 0001:00024060       __aligned_recalloc_dbg     00425060 f   libucrtd:debug_heap.obj
 0001:000240a0       __calloc_dbg               004250a0 f   libucrtd:debug_heap.obj
 0001:00024130       __chvalidchk_l             00425130 f i libucrtd:debug_heap.obj
 0001:00024160       __expand_dbg               00425160 f   libucrtd:debug_heap.obj
 0001:000242e0       __free_dbg                 004252e0 f   libucrtd:debug_heap.obj
 0001:000243c0       __invoke_watson_if_oneof   004253c0 f i libucrtd:debug_heap.obj
 0001:00024410       __ischartype_l             00425410 f i libucrtd:debug_heap.obj
 0001:00024470       __malloc_dbg               00425470 f   libucrtd:debug_heap.obj
 0001:000244a0       __msize_dbg                004254a0 f   libucrtd:debug_heap.obj
 0001:00024690       __realloc_dbg              00425690 f   libucrtd:debug_heap.obj
 0001:00024760       __recalloc_dbg             00425760 f   libucrtd:debug_heap.obj
 0001:00024c10       _strcpy_s                  00425c10 f   libucrtd:strcpy_s.obj
 0001:00024c40       _strcmp                    00425c40 f   libucrtd:strcmp.obj
 0001:00024cf0       _strlen                    00425cf0 f   libucrtd:strlen.obj
 0001:00024da0       __set_abort_behavior       00425da0 f   libucrtd:abort.obj
 0001:00024de0       _abort                     00425de0 f   libucrtd:abort.obj
 0001:00024e70       ??$?RU?$__crt_report_hook_node@D@@@__crt_internal_free_policy@@QBEXQBU?$__crt_report_hook_node@D@@@Z 00425e70 f i libucrtd:dbgrpt.obj
 0001:00024ea0       ??$?RU?$__crt_report_hook_node@_W@@@__crt_internal_free_policy@@QBEXQBU?$__crt_report_hook_node@_W@@@Z 00425ea0 f i libucrtd:dbgrpt.obj
 0001:000250b0       ??$__vcrt_va_start_verify_argument_type@QB_W@@YAXXZ 004260b0 f i libucrtd:dbgrpt.obj
 0001:00026000       ??$get_module_file_name@AAPAUHINSTANCE__@@AAY0BAF@DK@?$__crt_char_traits@D@@SAKAAPAUHINSTANCE__@@AAY0BAF@D$$QAK@Z 00427000 f i libucrtd:dbgrpt.obj
 0001:00026030       ??$get_module_file_name@AAPAUHINSTANCE__@@AAY0BAF@_WK@?$__crt_char_traits@_W@@SAKAAPAUHINSTANCE__@@AAY0BAF@_W$$QAK@Z 00427030 f i libucrtd:dbgrpt.obj
 0001:00026060       ??$tcscpy_s@AAY0BAF@DIPBD@?$__crt_char_traits@D@@SAHAAY0BAF@D$$QAI$$QAPBD@Z 00427060 f i libucrtd:dbgrpt.obj
 0001:00026090       ??$tcscpy_s@AAY0BAF@_WIPB_W@?$__crt_char_traits@_W@@SAHAAY0BAF@_W$$QAI$$QAPB_W@Z 00427090 f i libucrtd:dbgrpt.obj
 0001:000260c0       ??$tcslen@AAY0BAF@D@?$__crt_char_traits@D@@SAIAAY0BAF@D@Z 004270c0 f i libucrtd:dbgrpt.obj
 0001:000260e0       ??$tcslen@AAY0BAF@_W@?$__crt_char_traits@_W@@SAIAAY0BAF@_W@Z 004270e0 f i libucrtd:dbgrpt.obj
 0001:00026100       ??$tcslen@ABQBD@?$__crt_char_traits@D@@SAIABQBD@Z 00427100 f i libucrtd:dbgrpt.obj
 0001:00026120       ??$tcslen@ABQB_W@?$__crt_char_traits@_W@@SAIABQB_W@Z 00427120 f i libucrtd:dbgrpt.obj
 0001:00026260       ??0?$__crt_unique_heap_ptr@U?$__crt_report_hook_node@D@@U__crt_internal_free_policy@@@@QAE@QAU?$__crt_report_hook_node@D@@@Z 00427260 f i libucrtd:dbgrpt.obj
 0001:00026280       ??0?$__crt_unique_heap_ptr@U?$__crt_report_hook_node@_W@@U__crt_internal_free_policy@@@@QAE@QAU?$__crt_report_hook_node@_W@@@Z 00427280 f i libucrtd:dbgrpt.obj
 0001:000262a0       ??1?$__crt_unique_heap_ptr@U?$__crt_report_hook_node@D@@U__crt_internal_free_policy@@@@QAE@XZ 004272a0 f i libucrtd:dbgrpt.obj
 0001:000262c0       ??1?$__crt_unique_heap_ptr@U?$__crt_report_hook_node@_W@@U__crt_internal_free_policy@@@@QAE@XZ 004272c0 f i libucrtd:dbgrpt.obj
 0001:000262e0       ??B?$__crt_unique_heap_ptr@U?$__crt_report_hook_node@D@@U__crt_internal_free_policy@@@@QBE_NXZ 004272e0 f i libucrtd:dbgrpt.obj
 0001:00026300       ??B?$__crt_unique_heap_ptr@U?$__crt_report_hook_node@_W@@U__crt_internal_free_policy@@@@QBE_NXZ 00427300 f i libucrtd:dbgrpt.obj
 0001:000269a0       ?detach@?$__crt_unique_heap_ptr@U?$__crt_report_hook_node@D@@U__crt_internal_free_policy@@@@QAEPAU?$__crt_report_hook_node@D@@XZ 004279a0 f i libucrtd:dbgrpt.obj
 0001:000269d0       ?detach@?$__crt_unique_heap_ptr@U?$__crt_report_hook_node@_W@@U__crt_internal_free_policy@@@@QAEPAU?$__crt_report_hook_node@_W@@XZ 004279d0 f i libucrtd:dbgrpt.obj
 0001:00026a00       ?get@?$__crt_unique_heap_ptr@U?$__crt_report_hook_node@D@@U__crt_internal_free_policy@@@@QBEPAU?$__crt_report_hook_node@D@@XZ 00427a00 f i libucrtd:dbgrpt.obj
 0001:00026a20       ?get@?$__crt_unique_heap_ptr@U?$__crt_report_hook_node@_W@@U__crt_internal_free_policy@@@@QBEPAU?$__crt_report_hook_node@_W@@XZ 00427a20 f i libucrtd:dbgrpt.obj
 0001:00026aa0       ?is_valid@?$__crt_unique_heap_ptr@U?$__crt_report_hook_node@D@@U__crt_internal_free_policy@@@@QBE_NXZ 00427aa0 f i libucrtd:dbgrpt.obj
 0001:00026ae0       ?is_valid@?$__crt_unique_heap_ptr@U?$__crt_report_hook_node@_W@@U__crt_internal_free_policy@@@@QBE_NXZ 00427ae0 f i libucrtd:dbgrpt.obj
 0001:00026b20       ?release@?$__crt_unique_heap_ptr@U?$__crt_report_hook_node@D@@U__crt_internal_free_policy@@@@QAEXXZ 00427b20 f i libucrtd:dbgrpt.obj
 0001:00026b50       ?release@?$__crt_unique_heap_ptr@U?$__crt_report_hook_node@_W@@U__crt_internal_free_policy@@@@QAEXXZ 00427b50 f i libucrtd:dbgrpt.obj
 0001:00026b80       __CrtDbgReport             00427b80 f   libucrtd:dbgrpt.obj
 0001:00026be0       __CrtDbgReportW            00427be0 f   libucrtd:dbgrpt.obj
 0001:00026c40       __CrtSetReportHook2        00427c40 f   libucrtd:dbgrpt.obj
 0001:00026c60       __CrtSetReportHookW2       00427c60 f   libucrtd:dbgrpt.obj
 0001:00026c80       ___acrt_MessageWindowA     00427c80 f   libucrtd:dbgrpt.obj
 0001:00026cb0       ___acrt_MessageWindowW     00427cb0 f   libucrtd:dbgrpt.obj
 0001:00026ce0       __snwprintf_s              00427ce0 f i libucrtd:dbgrpt.obj
 0001:00026d40       __vsnwprintf_s_l           00427d40 f i libucrtd:dbgrpt.obj
 0001:00026db0       ??$?0ABV?$stream_output_adapter@D@__crt_stdio_output@@AB_KABQBDABQAU__crt_locale_pointers@@ABQAD@?$format_validation_base@DV?$stream_output_adapter@D@__crt_stdio_output@@@__crt_stdio_output@@IAE@ABV?$stream_output_adapter@D@1@AB_KABQBDABQAU__crt_locale_pointers@@ABQAD@Z 00427db0 f i libucrtd:output.obj
 0001:00026df0       ??$?0ABV?$stream_output_adapter@D@__crt_stdio_output@@AB_KABQBDABQAU__crt_locale_pointers@@ABQAD@?$positional_parameter_base@DV?$stream_output_adapter@D@__crt_stdio_output@@@__crt_stdio_output@@IAE@ABV?$stream_output_adapter@D@1@AB_KABQBDABQAU__crt_locale_pointers@@ABQAD@Z 00427df0 f i libucrtd:output.obj
 0001:00026e80       ??$?0ABV?$stream_output_adapter@D@__crt_stdio_output@@AB_KABQBDABQAU__crt_locale_pointers@@ABQAD@?$standard_base@DV?$stream_output_adapter@D@__crt_stdio_output@@@__crt_stdio_output@@IAE@ABV?$stream_output_adapter@D@1@AB_KABQBDABQAU__crt_locale_pointers@@ABQAD@Z 00427e80 f i libucrtd:output.obj
 0001:00026ee0       ??$?0ABV?$stream_output_adapter@_W@__crt_stdio_output@@AB_KABQB_WABQAU__crt_locale_pointers@@ABQAD@?$format_validation_base@_WV?$stream_output_adapter@_W@__crt_stdio_output@@@__crt_stdio_output@@IAE@ABV?$stream_output_adapter@_W@1@AB_KABQB_WABQAU__crt_locale_pointers@@ABQAD@Z 00427ee0 f i libucrtd:output.obj
 0001:00026f20       ??$?0ABV?$stream_output_adapter@_W@__crt_stdio_output@@AB_KABQB_WABQAU__crt_locale_pointers@@ABQAD@?$positional_parameter_base@_WV?$stream_output_adapter@_W@__crt_stdio_output@@@__crt_stdio_output@@IAE@ABV?$stream_output_adapter@_W@1@AB_KABQB_WABQAU__crt_locale_pointers@@ABQAD@Z 00427f20 f i libucrtd:output.obj
 0001:00026fb0       ??$?0ABV?$stream_output_adapter@_W@__crt_stdio_output@@AB_KABQB_WABQAU__crt_locale_pointers@@ABQAD@?$standard_base@_WV?$stream_output_adapter@_W@__crt_stdio_output@@@__crt_stdio_output@@IAE@ABV?$stream_output_adapter@_W@1@AB_KABQB_WABQAU__crt_locale_pointers@@ABQAD@Z 00427fb0 f i libucrtd:output.obj
 0001:00027010       ??$?0ABV?$string_output_adapter@D@__crt_stdio_output@@AB_KABQBDABQAU__crt_locale_pointers@@ABQAD@?$format_validation_base@DV?$string_output_adapter@D@__crt_stdio_output@@@__crt_stdio_output@@IAE@ABV?$string_output_adapter@D@1@AB_KABQBDABQAU__crt_locale_pointers@@ABQAD@Z 00428010 f i libucrtd:output.obj
 0001:00027050       ??$?0ABV?$string_output_adapter@D@__crt_stdio_output@@AB_KABQBDABQAU__crt_locale_pointers@@ABQAD@?$positional_parameter_base@DV?$string_output_adapter@D@__crt_stdio_output@@@__crt_stdio_output@@IAE@ABV?$string_output_adapter@D@1@AB_KABQBDABQAU__crt_locale_pointers@@ABQAD@Z 00428050 f i libucrtd:output.obj
 0001:000270e0       ??$?0ABV?$string_output_adapter@D@__crt_stdio_output@@AB_KABQBDABQAU__crt_locale_pointers@@ABQAD@?$standard_base@DV?$string_output_adapter@D@__crt_stdio_output@@@__crt_stdio_output@@IAE@ABV?$string_output_adapter@D@1@AB_KABQBDABQAU__crt_locale_pointers@@ABQAD@Z 004280e0 f i libucrtd:output.obj
 0001:00027140       ??$?0ABV?$string_output_adapter@_W@__crt_stdio_output@@AB_KABQB_WABQAU__crt_locale_pointers@@ABQAD@?$format_validation_base@_WV?$string_output_adapter@_W@__crt_stdio_output@@@__crt_stdio_output@@IAE@ABV?$string_output_adapter@_W@1@AB_KABQB_WABQAU__crt_locale_pointers@@ABQAD@Z 00428140 f i libucrtd:output.obj
 0001:00027180       ??$?0ABV?$string_output_adapter@_W@__crt_stdio_output@@AB_KABQB_WABQAU__crt_locale_pointers@@ABQAD@?$positional_parameter_base@_WV?$string_output_adapter@_W@__crt_stdio_output@@@__crt_stdio_output@@IAE@ABV?$string_output_adapter@_W@1@AB_KABQB_WABQAU__crt_locale_pointers@@ABQAD@Z 00428180 f i libucrtd:output.obj
 0001:00027210       ??$?0ABV?$string_output_adapter@_W@__crt_stdio_output@@AB_KABQB_WABQAU__crt_locale_pointers@@ABQAD@?$standard_base@_WV?$string_output_adapter@_W@__crt_stdio_output@@@__crt_stdio_output@@IAE@ABV?$string_output_adapter@_W@1@AB_KABQB_WABQAU__crt_locale_pointers@@ABQAD@Z 00428210 f i libucrtd:output.obj
 0001:0002b090       ??$count@D@formatting_buffer@__crt_stdio_output@@QBEIXZ 0042c090 f i libucrtd:output.obj
 0001:0002b0e0       ??$count@_W@formatting_buffer@__crt_stdio_output@@QBEIXZ 0042c0e0 f i libucrtd:output.obj
 0001:0002b130       ??$data@D@formatting_buffer@__crt_stdio_output@@QAEPADXZ 0042c130 f i libucrtd:output.obj
 0001:0002b180       ??$data@_W@formatting_buffer@__crt_stdio_output@@QAEPA_WXZ 0042c180 f i libucrtd:output.obj
 0001:0002b1d0       ??$ensure_buffer_is_big_enough@D@formatting_buffer@__crt_stdio_output@@QAE_NI@Z 0042c1d0 f i libucrtd:output.obj
 0001:0002b2f0       ??$ensure_buffer_is_big_enough@_W@formatting_buffer@__crt_stdio_output@@QAE_NI@Z 0042c2f0 f i libucrtd:output.obj
 0001:0002b410       ??$extract_argument_from_va_list@C_J@?$positional_parameter_base@DV?$stream_output_adapter@D@__crt_stdio_output@@@__crt_stdio_output@@IAE_NAA_J@Z 0042c410 f i libucrtd:output.obj
 0001:0002b590       ??$extract_argument_from_va_list@C_J@?$positional_parameter_base@DV?$string_output_adapter@D@__crt_stdio_output@@@__crt_stdio_output@@IAE_NAA_J@Z 0042c590 f i libucrtd:output.obj
 0001:0002b710       ??$extract_argument_from_va_list@C_J@?$positional_parameter_base@_WV?$stream_output_adapter@_W@__crt_stdio_output@@@__crt_stdio_output@@IAE_NAA_J@Z 0042c710 f i libucrtd:output.obj
 0001:0002b890       ??$extract_argument_from_va_list@C_J@?$positional_parameter_base@_WV?$string_output_adapter@_W@__crt_stdio_output@@@__crt_stdio_output@@IAE_NAA_J@Z 0042c890 f i libucrtd:output.obj
 0001:0002ba10       ??$extract_argument_from_va_list@C_J@?$standard_base@DV?$stream_output_adapter@D@__crt_stdio_output@@@__crt_stdio_output@@IAE_NAA_J@Z 0042ca10 f i libucrtd:output.obj
 0001:0002ba50       ??$extract_argument_from_va_list@C_J@?$standard_base@DV?$string_output_adapter@D@__crt_stdio_output@@@__crt_stdio_output@@IAE_NAA_J@Z 0042ca50 f i libucrtd:output.obj
 0001:0002ba90       ??$extract_argument_from_va_list@C_J@?$standard_base@_WV?$stream_output_adapter@_W@__crt_stdio_output@@@__crt_stdio_output@@IAE_NAA_J@Z 0042ca90 f i libucrtd:output.obj
 0001:0002bad0       ??$extract_argument_from_va_list@C_J@?$standard_base@_WV?$string_output_adapter@_W@__crt_stdio_output@@@__crt_stdio_output@@IAE_NAA_J@Z 0042cad0 f i libucrtd:output.obj
 0001:0002bb10       ??$extract_argument_from_va_list@E_J@?$positional_parameter_base@DV?$stream_output_adapter@D@__crt_stdio_output@@@__crt_stdio_output@@IAE_NAA_J@Z 0042cb10 f i libucrtd:output.obj
 0001:0002bc90       ??$extract_argument_from_va_list@E_J@?$positional_parameter_base@DV?$string_output_adapter@D@__crt_stdio_output@@@__crt_stdio_output@@IAE_NAA_J@Z 0042cc90 f i libucrtd:output.obj
 0001:0002be10       ??$extract_argument_from_va_list@E_J@?$positional_parameter_base@_WV?$stream_output_adapter@_W@__crt_stdio_output@@@__crt_stdio_output@@IAE_NAA_J@Z 0042ce10 f i libucrtd:output.obj
 0001:0002bf90       ??$extract_argument_from_va_list@E_J@?$positional_parameter_base@_WV?$string_output_adapter@_W@__crt_stdio_output@@@__crt_stdio_output@@IAE_NAA_J@Z 0042cf90 f i libucrtd:output.obj
 0001:0002c110       ??$extract_argument_from_va_list@E_J@?$standard_base@DV?$stream_output_adapter@D@__crt_stdio_output@@@__crt_stdio_output@@IAE_NAA_J@Z 0042d110 f i libucrtd:output.obj
 0001:0002c150       ??$extract_argument_from_va_list@E_J@?$standard_base@DV?$string_output_adapter@D@__crt_stdio_output@@@__crt_stdio_output@@IAE_NAA_J@Z 0042d150 f i libucrtd:output.obj
 0001:0002c190       ??$extract_argument_from_va_list@E_J@?$standard_base@_WV?$stream_output_adapter@_W@__crt_stdio_output@@@__crt_stdio_output@@IAE_NAA_J@Z 0042d190 f i libucrtd:output.obj
 0001:0002c1d0       ??$extract_argument_from_va_list@E_J@?$standard_base@_WV?$string_output_adapter@_W@__crt_stdio_output@@@__crt_stdio_output@@IAE_NAA_J@Z 0042d1d0 f i libucrtd:output.obj
 0001:0002c210       ??$extract_argument_from_va_list@F_J@?$positional_parameter_base@DV?$stream_output_adapter@D@__crt_stdio_output@@@__crt_stdio_output@@IAE_NAA_J@Z 0042d210 f i libucrtd:output.obj
 0001:0002c390       ??$extract_argument_from_va_list@F_J@?$positional_parameter_base@DV?$string_output_adapter@D@__crt_stdio_output@@@__crt_stdio_output@@IAE_NAA_J@Z 0042d390 f i libucrtd:output.obj
 0001:0002c510       ??$extract_argument_from_va_list@F_J@?$positional_parameter_base@_WV?$stream_output_adapter@_W@__crt_stdio_output@@@__crt_stdio_output@@IAE_NAA_J@Z 0042d510 f i libucrtd:output.obj
 0001:0002c690       ??$extract_argument_from_va_list@F_J@?$positional_parameter_base@_WV?$string_output_adapter@_W@__crt_stdio_output@@@__crt_stdio_output@@IAE_NAA_J@Z 0042d690 f i libucrtd:output.obj
 0001:0002c810       ??$extract_argument_from_va_list@F_J@?$standard_base@DV?$stream_output_adapter@D@__crt_stdio_output@@@__crt_stdio_output@@IAE_NAA_J@Z 0042d810 f i libucrtd:output.obj
 0001:0002c850       ??$extract_argument_from_va_list@F_J@?$standard_base@DV?$string_output_adapter@D@__crt_stdio_output@@@__crt_stdio_output@@IAE_NAA_J@Z 0042d850 f i libucrtd:output.obj
 0001:0002c890       ??$extract_argument_from_va_list@F_J@?$standard_base@_WV?$stream_output_adapter@_W@__crt_stdio_output@@@__crt_stdio_output@@IAE_NAA_J@Z 0042d890 f i libucrtd:output.obj
 0001:0002c8d0       ??$extract_argument_from_va_list@F_J@?$standard_base@_WV?$string_output_adapter@_W@__crt_stdio_output@@@__crt_stdio_output@@IAE_NAA_J@Z 0042d8d0 f i libucrtd:output.obj
 0001:0002c910       ??$extract_argument_from_va_list@GD@?$positional_parameter_base@DV?$stream_output_adapter@D@__crt_stdio_output@@@__crt_stdio_output@@IAE_NAAD@Z 0042d910 f i libucrtd:output.obj
 0001:0002ca90       ??$extract_argument_from_va_list@GD@?$positional_parameter_base@DV?$string_output_adapter@D@__crt_stdio_output@@@__crt_stdio_output@@IAE_NAAD@Z 0042da90 f i libucrtd:output.obj
 0001:0002cc10       ??$extract_argument_from_va_list@GD@?$standard_base@DV?$stream_output_adapter@D@__crt_stdio_output@@@__crt_stdio_output@@IAE_NAAD@Z 0042dc10 f i libucrtd:output.obj
 0001:0002cc40       ??$extract_argument_from_va_list@GD@?$standard_base@DV?$string_output_adapter@D@__crt_stdio_output@@@__crt_stdio_output@@IAE_NAAD@Z 0042dc40 f i libucrtd:output.obj
 0001:0002cc70       ??$extract_argument_from_va_list@G_J@?$positional_parameter_base@DV?$stream_output_adapter@D@__crt_stdio_output@@@__crt_stdio_output@@IAE_NAA_J@Z 0042dc70 f i libucrtd:output.obj
 0001:0002cdf0       ??$extract_argument_from_va_list@G_J@?$positional_parameter_base@DV?$string_output_adapter@D@__crt_stdio_output@@@__crt_stdio_output@@IAE_NAA_J@Z 0042ddf0 f i libucrtd:output.obj
 0001:0002cf70       ??$extract_argument_from_va_list@G_J@?$positional_parameter_base@_WV?$stream_output_adapter@_W@__crt_stdio_output@@@__crt_stdio_output@@IAE_NAA_J@Z 0042df70 f i libucrtd:output.obj
 0001:0002d0f0       ??$extract_argument_from_va_list@G_J@?$positional_parameter_base@_WV?$string_output_adapter@_W@__crt_stdio_output@@@__crt_stdio_output@@IAE_NAA_J@Z 0042e0f0 f i libucrtd:output.obj
 0001:0002d270       ??$extract_argument_from_va_list@G_J@?$standard_base@DV?$stream_output_adapter@D@__crt_stdio_output@@@__crt_stdio_output@@IAE_NAA_J@Z 0042e270 f i libucrtd:output.obj
 0001:0002d2b0       ??$extract_argument_from_va_list@G_J@?$standard_base@DV?$string_output_adapter@D@__crt_stdio_output@@@__crt_stdio_output@@IAE_NAA_J@Z 0042e2b0 f i libucrtd:output.obj
 0001:0002d2f0       ??$extract_argument_from_va_list@G_J@?$standard_base@_WV?$stream_output_adapter@_W@__crt_stdio_output@@@__crt_stdio_output@@IAE_NAA_J@Z 0042e2f0 f i libucrtd:output.obj
 0001:0002d330       ??$extract_argument_from_va_list@G_J@?$standard_base@_WV?$string_output_adapter@_W@__crt_stdio_output@@@__crt_stdio_output@@IAE_NAA_J@Z 0042e330 f i libucrtd:output.obj
 0001:0002d370       ??$extract_argument_from_va_list@H_J@?$positional_parameter_base@DV?$stream_output_adapter@D@__crt_stdio_output@@@__crt_stdio_output@@IAE_NAA_J@Z 0042e370 f i libucrtd:output.obj
 0001:0002d4f0       ??$extract_argument_from_va_list@H_J@?$positional_parameter_base@DV?$string_output_adapter@D@__crt_stdio_output@@@__crt_stdio_output@@IAE_NAA_J@Z 0042e4f0 f i libucrtd:output.obj
 0001:0002d670       ??$extract_argument_from_va_list@H_J@?$positional_parameter_base@_WV?$stream_output_adapter@_W@__crt_stdio_output@@@__crt_stdio_output@@IAE_NAA_J@Z 0042e670 f i libucrtd:output.obj
[...]
 0002:0002199c       ??_R1A@?0A@EA@DNameStatusNode@@8 004b999c     libvcruntimed:undname.obj
 0002:000219c0       ??_R4pairNode@@6B@         004b99c0     libvcruntimed:undname.obj
 0002:000219d8       ??_R3pairNode@@8           004b99d8     libvcruntimed:undname.obj
 0002:000219ec       ??_R2pairNode@@8           004b99ec     libvcruntimed:undname.obj
 0002:000219f8       ??_R1A@?0A@EA@pairNode@@8  004b99f8     libvcruntimed:undname.obj
 0002:00021a1c       ??_R4type_info@@6B@        004b9a1c     LIBCMTD:std_type_info_static.obj
 0002:00021a34       ??_R3type_info@@8          004b9a34     LIBCMTD:std_type_info_static.obj
 0002:00021a48       ??_R2type_info@@8          004b9a48     LIBCMTD:std_type_info_static.obj
 0002:00021a50       ??_R1A@?0A@EA@type_info@@8 004b9a50     LIBCMTD:std_type_info_static.obj
 0002:00021a74       ??_R4exception@std@@6B@    004b9a74     libvcruntimed:frame.obj
 0002:00021a8c       ??_R3exception@std@@8      004b9a8c     libvcruntimed:frame.obj
 0002:00021aa0       ??_R2exception@std@@8      004b9aa0     libvcruntimed:frame.obj
 0002:00021aa8       ??_R1A@?0A@EA@exception@std@@8 004b9aa8     libvcruntimed:frame.obj
 0002:00021acc       ??_R4bad_exception@std@@6B@ 004b9acc     libvcruntimed:frame.obj
 0002:00021ae4       ??_R3bad_exception@std@@8  004b9ae4     libvcruntimed:frame.obj
 0002:00021af8       ??_R2bad_exception@std@@8  004b9af8     libvcruntimed:frame.obj
 0002:00021b04       ??_R1A@?0A@EA@bad_exception@std@@8 004b9b04     libvcruntimed:frame.obj
 0002:00021c40       ___safe_se_handler_table   004b9c40     <linker-defined>
 0002:00021f04       ___rtc_iaa                 004b9f04     LIBCMTD:_initsect_.obj
 0002:00022008       ___rtc_izz                 004ba008     LIBCMTD:_initsect_.obj
 0002:0002210c       ___rtc_taa                 004ba10c     LIBCMTD:_initsect_.obj
 0002:00022210       ___rtc_tzz                 004ba210     LIBCMTD:_initsect_.obj
 0002:00022eb8       __TI2?AVbad_exception@std@@ 004baeb8     libvcruntimed:frame.obj
 0002:00022ecc       __CTA2?AVbad_exception@std@@ 004baecc     libvcruntimed:frame.obj
 0002:00022edc       __CT??_R0?AVbad_exception@std@@@8??0bad_exception@std@@QAE@ABV01@@Z12 004baedc     libvcruntimed:frame.obj
 0002:00022efc       __CT??_R0?AVexception@std@@@8??0exception@std@@QAE@ABV01@@Z12 004baefc     libvcruntimed:frame.obj
 0003:00000000       ___security_cookie_complement 004bc000     LIBCMTD:gs_cookie.obj
 0003:00000004       ___security_cookie         004bc004     LIBCMTD:gs_cookie.obj
 0003:0000000c       ___scrt_native_dllmain_reason 004bc00c     LIBCMTD:utility.obj
 0003:00000010       ___scrt_default_matherr    004bc010     LIBCMTD:matherr.obj
 0003:00000014       ___isa_enabled             004bc014     LIBCMTD:_cpu_disp_.obj
 0003:00000030       __NLG_Destination          004bc030     libvcruntimed:_exsup_.obj
 0003:0000004c       __crtDbgFlag               004bc04c     libucrtd:debug_heap.obj
 0003:00000050       __crtBreakAlloc            004bc050     libucrtd:debug_heap.obj
 0003:00000060       ___abort_behavior          004bc060     libucrtd:abort.obj
 0003:00000070       ___acrt_initial_multibyte_data 004bc070     libucrtd:mbctype.obj
 0003:00000690       ___badioinfo               004bc690     libucrtd:ioinit.obj
 0003:000006d0       ___acrt_initial_locale_data 004bc6d0     libucrtd:nlsdata.obj
 0003:000007ac       ___acrt_initial_locale_pointers 004bc7ac     libucrtd:nlsdata.obj
 0003:000007b8       ___acrt_wide_c_locale_string 004bc7b8     libucrtd:nlsdata.obj
 0003:000007bc       ___mb_cur_max              004bc7bc     libucrtd:nlsdata.obj
 0003:000007c0       __pctype                   004bc7c0     libucrtd:ctype.obj
 0003:000007c4       __pwctype                  004bc7c4     libucrtd:ctype.obj
 0003:000007c8       ___acrt_lconv_c            004bc7c8     libucrtd:localeconv.obj
 0003:00000828       ___acrt_lconv              004bc828     libucrtd:localeconv.obj
 0003:0000082c       ___acrt_lconv_static_decimal 004bc82c     libucrtd:localeconv.obj
 0003:00000830       ___acrt_lconv_static_W_decimal 004bc830     libucrtd:localeconv.obj
 0003:00000834       ___globallocalestatus      004bc834     libucrtd:glstatus.obj
 0003:00000838       __pfnAllocHook             004bc838     libucrtd:debug_heap_hook.obj
 0003:00000840       __crtAssertBusy            004bc840     libucrtd:dbgrptt.obj
 0003:00000844       __CrtDbgMode               004bc844     libucrtd:dbgrptt.obj
 0003:00000854       __CrtDbgFile               004bc854     libucrtd:dbgrptt.obj
 0003:00000868       __iob                      004bc868     libucrtd:_file.obj
 0003:00000960       __fltused                  004bc960     LIBCMTD:fltused.obj
 0003:00000aa4       ??_R0?AVDNameNode@@@8      004bcaa4     libvcruntimed:undname.obj
 0003:00000ac0       ??_R0?AVcharNode@@@8       004bcac0     libvcruntimed:undname.obj
 0003:00000adc       ??_R0?AVpcharNode@@@8      004bcadc     libvcruntimed:undname.obj
 0003:00000af8       ??_R0?AVpDNameNode@@@8     004bcaf8     libvcruntimed:undname.obj
 0003:00000b18       ??_R0?AVDNameStatusNode@@@8 004bcb18     libvcruntimed:undname.obj
 0003:00000b3c       ??_R0?AVpairNode@@@8       004bcb3c     libvcruntimed:undname.obj
 0003:00000b58       ??_R0?AVtype_info@@@8      004bcb58     LIBCMTD:std_type_info_static.obj
 0003:00000b74       ??_R0?AVbad_exception@std@@@8 004bcb74     libvcruntimed:frame.obj
 0003:00000b9c       ??_R0?AVexception@std@@@8  004bcb9c     libvcruntimed:frame.obj
 0003:00000bc0       ??_R0?AVbad_alloc@std@@@8  004bcbc0     libvcruntimed:frame.obj
 0003:00000ce8       ?backBuffer@?A0x2863fe19@@3Uwin32_GfxBuffer@@A 004bcce8     win32_FluffyFortnight.obj
 0003:000010ec       ___scrt_current_native_startup_state 004bd0ec     LIBCMTD:utility.obj
 0003:000010f0       ___scrt_native_startup_lock 004bd0f0     LIBCMTD:utility.obj
 0003:00001118       ?__type_info_root_node@@3U__type_info_node@@A 004bd118     LIBCMTD:tncleanup.obj
 0003:00001128       ?_OptionsStorage@?1??__local_stdio_printf_options@@9@4_KA 004bd128     LIBCMTD:default_local_stdio_options.obj
 0003:00001138       ?_OptionsStorage@?1??__local_stdio_scanf_options@@9@4_KA 004bd138     LIBCMTD:default_local_stdio_options.obj
 0003:00001144       ___scrt_debugger_hook_flag 004bd144     LIBCMTD:utility_desktop.obj
 0003:00001148       ___isa_available           004bd148     LIBCMTD:_cpu_disp_.obj
 0003:0000114c       ___favor                   004bd14c     LIBCMTD:_cpu_disp_.obj
 0003:000011e8       ___pPurecall               004bd1e8     libvcruntimed:purevirt_data.obj
 0003:000011ec       ?pArgList@UnDecorator@@0PAVReplicator@@A 004bd1ec     libvcruntimed:undname.obj
 0003:000011f0       ?pZNameList@UnDecorator@@0PAVReplicator@@A 004bd1f0     libvcruntimed:undname.obj
 0003:000011f4       ?pTemplateArgList@UnDecorator@@0PAVReplicator@@A 004bd1f4     libvcruntimed:undname.obj
 0003:000011f8       ?gName@UnDecorator@@0PBDB  004bd1f8     libvcruntimed:undname.obj
 0003:000011fc       ?name@UnDecorator@@0PBDB   004bd1fc     libvcruntimed:undname.obj
 0003:00001200       ?outputString@UnDecorator@@0PADA 004bd200     libvcruntimed:undname.obj
 0003:00001204       ?maxStringLength@UnDecorator@@0HA 004bd204     libvcruntimed:undname.obj
 0003:00001208       ?disableFlags@UnDecorator@@0KA 004bd208     libvcruntimed:undname.obj
 0003:0000120c       ?fExplicitTemplateParams@UnDecorator@@0_NA 004bd20c     libvcruntimed:undname.obj
 0003:0000120d       ?fGetTemplateArgumentList@UnDecorator@@0_NA 004bd20d     libvcruntimed:undname.obj
 0003:00001210       ?m_pGetParameter@UnDecorator@@0P6APADJ@ZA 004bd210     libvcruntimed:undname.obj
 0003:00001298       ?nodes@?1??make@DNameStatusNode@@SAPAV2@W4DNameStatus@@@Z@4PAV2@A 004bd298     libvcruntimed:undname.obj
 0003:000012d4       ??_B?1??make@DNameStatusNode@@SAPAV1@W4DNameStatus@@@Z@51 004bd2d4     libvcruntimed:undname.obj
 0003:00001dfc       __environ_table            004bddfc     libucrtd:environment_initialization.obj
 0003:00001e00       __wenviron_table           004bde00     libucrtd:environment_initialization.obj
 0003:00001e08       ___dcrt_initial_wide_environment 004bde08     libucrtd:environment_initialization.obj
 0003:00001e0c       ___dcrt_initial_narrow_environment 004bde0c     libucrtd:environment_initialization.obj
 0003:00001e20       ?c_exit_complete@?1???R<lambda_6e4b09c48022b2350581041d5f6b0c4c>@@QBE@XZ@4_NA 004bde20     libucrtd:exit.obj
 0003:00001e24       ___acrt_locale_changed_data 004bde24     libucrtd:wsetlocale.obj
 0003:00001e2c       __commode                  004bde2c     libucrtd:ncommode.obj
 0003:00001e30       ___acrt_atexit_table       004bde30     libucrtd:onexit.obj
 0003:00001e40       ___acrt_at_quick_exit_table 004bde40     libucrtd:onexit.obj
 0003:00001e6c       __pfnDumpClient            004bde6c     libucrtd:debug_heap.obj
 0003:00001e7c       ___acrt_current_multibyte_data 004bde7c     libucrtd:mbctype.obj
 0003:00001e80       __mbctype                  004bde80     libucrtd:mbctype.obj
 0003:00001e84       __mbcasemap                004bde84     libucrtd:mbctype.obj
 0003:00001e90       __pgmptr                   004bde90     libucrtd:argv_data.obj
 0003:00001e94       __wpgmptr                  004bde94     libucrtd:argv_data.obj
 0003:00001e98       ___argc                    004bde98     libucrtd:argv_data.obj
 0003:00001e9c       ___argv                    004bde9c     libucrtd:argv_data.obj
 0003:00001ea0       ___wargv                   004bdea0     libucrtd:argv_data.obj
 0003:00001ea4       __acmdln                   004bdea4     libucrtd:argv_data.obj
 0003:00001ea8       __wcmdln                   004bdea8     libucrtd:argv_data.obj
 0003:00002054       __fmode                    004be054     libucrtd:txtmode.obj
 0003:00002058       ___pioinfo                 004be058     libucrtd:ioinit.obj
 0003:000022c0       __nhandle                  004be2c0     libucrtd:ioinit.obj
 0003:000022c4       ___acrt_current_locale_data 004be2c4     libucrtd:nlsdata.obj
 0003:000023d0       ___acrt_lconv_static_null  004be3d0     libucrtd:localeconv.obj
 0003:000023d4       ___acrt_lconv_static_W_null 004be3d4     libucrtd:localeconv.obj
 0003:000023d8       ___acrt_heap               004be3d8     libucrtd:heap_handle.obj
 0003:000023f8       ___acrt_stdout_buffer      004be3f8     libucrtd:_sftbuf.obj
 0003:000023fc       ___acrt_stderr_buffer      004be3fc     libucrtd:_sftbuf.obj
 0003:00002400       __pfnReportHook            004be400     libucrtd:dbgrptt.obj
 0003:00002404       __pReportHookList          004be404     libucrtd:dbgrptt.obj
 0003:00002408       __pReportHookListW         004be408     libucrtd:dbgrptt.obj
 0003:0000241c       __nstream                  004be41c     libucrtd:_file.obj
 0003:00002420       ___piob                    004be420     libucrtd:_file.obj
 0003:00002428       __cflush                   004be428     libucrtd:_file.obj
 0003:00002470       ___fastflag                004be470     libucrtd:fp_flags.obj
 0003:00002474       ?g_OutOfMemoryExceptionCallback@@3P6GPAXXZA 004be474     libvcruntimed:frame.obj
 0003:00002478       ___scrt_ucrt_dll_is_in_use 004be478     <common>
 0003:00002484       ___dyn_tls_dtor_callback   004be484     <common>
 0003:00002490       ___dyn_tls_init_callback   004be490     <common>
 0003:0000249c       __pmatherr                 004be49c     <common>
 0003:000024a8       ___use_sse2_mathfcns       004be4a8     <common>
 0004:00000000       __imp__StretchDIBits@52    004bf000     gdi32:GDI32.dll
 0004:00000004       \177GDI32_NULL_THUNK_DATA  004bf004     gdi32:GDI32.dll
 0004:00000030       __imp__DecodePointer@4     004bf030     kernel32:KERNEL32.dll
 0004:00000034       __imp__CreateFileW@28      004bf034     kernel32:KERNEL32.dll
 0004:00000038       __imp__SetFilePointerEx@20 004bf038     kernel32:KERNEL32.dll
 0004:0000003c       __imp__GetConsoleMode@8    004bf03c     kernel32:KERNEL32.dll
 0004:00000040       __imp__GetConsoleCP@0      004bf040     kernel32:KERNEL32.dll
 0004:00000044       __imp__EncodePointer@4     004bf044     kernel32:KERNEL32.dll
 0004:00000048       __imp__CloseHandle@4       004bf048     kernel32:KERNEL32.dll
 0004:0000004c       __imp__GetModuleFileNameW@12 004bf04c     kernel32:KERNEL32.dll
 0004:00000050       __imp__CompareFileTime@8   004bf050     kernel32:KERNEL32.dll
 0004:00000054       __imp__GetFileAttributesExA@12 004bf054     kernel32:KERNEL32.dll
 0004:00000058       __imp__VirtualAlloc@16     004bf058     kernel32:KERNEL32.dll
 0004:0000005c       __imp__VirtualFree@12      004bf05c     kernel32:KERNEL32.dll
 0004:00000060       __imp__FreeLibrary@4       004bf060     kernel32:KERNEL32.dll
 0004:00000064       __imp__GetProcAddress@8    004bf064     kernel32:KERNEL32.dll
 0004:00000068       __imp__LoadLibraryA@4      004bf068     kernel32:KERNEL32.dll
 0004:0000006c       __imp__CopyFileA@12        004bf06c     kernel32:KERNEL32.dll
 0004:00000070       __imp__UnhandledExceptionFilter@4 004bf070     kernel32:KERNEL32.dll
 0004:00000074       __imp__SetUnhandledExceptionFilter@4 004bf074     kernel32:KERNEL32.dll
 0004:00000078       __imp__GetCurrentProcess@0 004bf078     kernel32:KERNEL32.dll
 0004:0000007c       __imp__TerminateProcess@8  004bf07c     kernel32:KERNEL32.dll
 0004:00000080       __imp__IsProcessorFeaturePresent@4 004bf080     kernel32:KERNEL32.dll
 0004:00000084       __imp__QueryPerformanceCounter@4 004bf084     kernel32:KERNEL32.dll
 0004:00000088       __imp__GetCurrentProcessId@0 004bf088     kernel32:KERNEL32.dll
 0004:0000008c       __imp__GetCurrentThreadId@0 004bf08c     kernel32:KERNEL32.dll
 0004:00000090       __imp__GetSystemTimeAsFileTime@4 004bf090     kernel32:KERNEL32.dll
 0004:00000094       __imp__InitializeSListHead@4 004bf094     kernel32:KERNEL32.dll
 0004:00000098       __imp__IsDebuggerPresent@0 004bf098     kernel32:KERNEL32.dll
 0004:0000009c       __imp__GetStartupInfoW@4   004bf09c     kernel32:KERNEL32.dll
 0004:000000a0       __imp__GetModuleHandleW@4  004bf0a0     kernel32:KERNEL32.dll
 0004:000000a4       __imp__InterlockedPushEntrySList@8 004bf0a4     kernel32:KERNEL32.dll
 0004:000000a8       __imp__InterlockedFlushSList@4 004bf0a8     kernel32:KERNEL32.dll
 0004:000000ac       __imp__RtlUnwind@16        004bf0ac     kernel32:KERNEL32.dll
 0004:000000b0       __imp__GetLastError@0      004bf0b0     kernel32:KERNEL32.dll
 0004:000000b4       __imp__SetLastError@4      004bf0b4     kernel32:KERNEL32.dll
 0004:000000b8       __imp__EnterCriticalSection@4 004bf0b8     kernel32:KERNEL32.dll
 0004:000000bc       __imp__LeaveCriticalSection@4 004bf0bc     kernel32:KERNEL32.dll
 0004:000000c0       __imp__DeleteCriticalSection@4 004bf0c0     kernel32:KERNEL32.dll
 0004:000000c4       __imp__InitializeCriticalSectionAndSpinCount@8 004bf0c4     kernel32:KERNEL32.dll
 0004:000000c8       __imp__TlsAlloc@0          004bf0c8     kernel32:KERNEL32.dll
 0004:000000cc       __imp__TlsGetValue@4       004bf0cc     kernel32:KERNEL32.dll
 0004:000000d0       __imp__TlsSetValue@8       004bf0d0     kernel32:KERNEL32.dll
 0004:000000d4       __imp__TlsFree@4           004bf0d4     kernel32:KERNEL32.dll
 0004:000000d8       __imp__LoadLibraryExW@12   004bf0d8     kernel32:KERNEL32.dll
 0004:000000dc       __imp__GetStdHandle@4      004bf0dc     kernel32:KERNEL32.dll
 0004:000000e0       __imp__WriteFile@20        004bf0e0     kernel32:KERNEL32.dll
 0004:000000e4       __imp__RaiseException@16   004bf0e4     kernel32:KERNEL32.dll
 0004:000000e8       __imp__ExitProcess@4       004bf0e8     kernel32:KERNEL32.dll
 0004:000000ec       __imp__GetModuleHandleExW@12 004bf0ec     kernel32:KERNEL32.dll
 0004:000000f0       __imp__HeapAlloc@12        004bf0f0     kernel32:KERNEL32.dll
 0004:000000f4       __imp__HeapValidate@12     004bf0f4     kernel32:KERNEL32.dll
 0004:000000f8       __imp__GetSystemInfo@4     004bf0f8     kernel32:KERNEL32.dll
 0004:000000fc       __imp__GetCurrentThread@0  004bf0fc     kernel32:KERNEL32.dll
 0004:00000100       __imp__OutputDebugStringW@4 004bf100     kernel32:KERNEL32.dll
 0004:00000104       __imp__FindClose@4         004bf104     kernel32:KERNEL32.dll
 0004:00000108       __imp__FindFirstFileExW@24 004bf108     kernel32:KERNEL32.dll
 0004:0000010c       __imp__FindNextFileW@8     004bf10c     kernel32:KERNEL32.dll
 0004:00000110       __imp__IsValidCodePage@4   004bf110     kernel32:KERNEL32.dll
 0004:00000114       __imp__GetACP@0            004bf114     kernel32:KERNEL32.dll
 0004:00000118       __imp__GetOEMCP@0          004bf118     kernel32:KERNEL32.dll
 0004:0000011c       __imp__GetCPInfo@8         004bf11c     kernel32:KERNEL32.dll
 0004:00000120       __imp__GetCommandLineA@0   004bf120     kernel32:KERNEL32.dll
 0004:00000124       __imp__GetCommandLineW@0   004bf124     kernel32:KERNEL32.dll
 0004:00000128       __imp__MultiByteToWideChar@24 004bf128     kernel32:KERNEL32.dll
 0004:0000012c       __imp__WideCharToMultiByte@32 004bf12c     kernel32:KERNEL32.dll
 0004:00000130       __imp__GetEnvironmentStringsW@0 004bf130     kernel32:KERNEL32.dll
 0004:00000134       __imp__FreeEnvironmentStringsW@4 004bf134     kernel32:KERNEL32.dll
 0004:00000138       __imp__SetEnvironmentVariableW@8 004bf138     kernel32:KERNEL32.dll
 0004:0000013c       __imp__SetStdHandle@8      004bf13c     kernel32:KERNEL32.dll
 0004:00000140       __imp__GetFileType@4       004bf140     kernel32:KERNEL32.dll
 0004:00000144       __imp__GetStringTypeW@16   004bf144     kernel32:KERNEL32.dll
 0004:00000148       __imp__GetLocaleInfoW@16   004bf148     kernel32:KERNEL32.dll
 0004:0000014c       __imp__IsValidLocale@8     004bf14c     kernel32:KERNEL32.dll
 0004:00000150       __imp__GetUserDefaultLCID@0 004bf150     kernel32:KERNEL32.dll
 0004:00000154       __imp__EnumSystemLocalesW@8 004bf154     kernel32:KERNEL32.dll
 0004:00000158       __imp__GetDateFormatW@24   004bf158     kernel32:KERNEL32.dll
 0004:0000015c       __imp__GetTimeFormatW@24   004bf15c     kernel32:KERNEL32.dll
 0004:00000160       __imp__CompareStringW@24   004bf160     kernel32:KERNEL32.dll
 0004:00000164       __imp__LCMapStringW@24     004bf164     kernel32:KERNEL32.dll
 0004:00000168       __imp__GetProcessHeap@0    004bf168     kernel32:KERNEL32.dll
 0004:0000016c       __imp__SetConsoleCtrlHandler@8 004bf16c     kernel32:KERNEL32.dll
 0004:00000170       __imp__HeapFree@12         004bf170     kernel32:KERNEL32.dll
 0004:00000174       __imp__HeapSize@12         004bf174     kernel32:KERNEL32.dll
 0004:00000178       __imp__HeapReAlloc@16      004bf178     kernel32:KERNEL32.dll
 0004:0000017c       __imp__HeapQueryInformation@20 004bf17c     kernel32:KERNEL32.dll
 0004:00000180       __imp__WriteConsoleW@20    004bf180     kernel32:KERNEL32.dll
 0004:00000184       __imp__FlushFileBuffers@4  004bf184     kernel32:KERNEL32.dll
 0004:00000188       \177KERNEL32_NULL_THUNK_DATA 004bf188     kernel32:KERNEL32.dll
 0004:000001f8       __imp__GetClientRect@8     004bf1f8     user32:USER32.dll
 0004:000001fc       __imp__EndPaint@8          004bf1fc     user32:USER32.dll
 0004:00000200       __imp__BeginPaint@8        004bf200     user32:USER32.dll
 0004:00000204       __imp__GetDC@4             004bf204     user32:USER32.dll
 0004:00000208       __imp__CreateWindowExA@48  004bf208     user32:USER32.dll
 0004:0000020c       __imp__RegisterClassA@4    004bf20c     user32:USER32.dll
 0004:00000210       __imp__DefWindowProcA@16   004bf210     user32:USER32.dll
 0004:00000214       \177USER32_NULL_THUNK_DATA 004bf214     user32:USER32.dll
 0004:00000244       __IMPORT_DESCRIPTOR_USER32 004bf244     user32:USER32.dll
 0004:00000258       __IMPORT_DESCRIPTOR_GDI32  004bf258     gdi32:GDI32.dll
 0004:0000026c       __IMPORT_DESCRIPTOR_KERNEL32 004bf26c     kernel32:KERNEL32.dll
 0004:00000280       __NULL_IMPORT_DESCRIPTOR   004bf280     user32:USER32.dll
 0006:00000000       ___guard_check_icall_fptr  004c1000     LIBCMTD:guard_support.obj
